******************************************************************************
                  TI ARM Linker PC v5.2.5                      
******************************************************************************
>> Linked Thu Dec 05 16:23:03 2019

OUTPUT FILE NAME:   <PWM_EXAMPLE.out>
ENTRY POINT SYMBOL: "_c_int00"  address: 000008c9


MEMORY CONFIGURATION

         name            origin    length      used     unused   attr    fill
----------------------  --------  ---------  --------  --------  ----  --------
  FLASH                 00000000   00040000  00000ac4  0003f53c  R  X
  SRAM                  20000000   00008000  00000214  00007dec  RW X


SEGMENT ALLOCATION MAP

run origin  load origin   length   init length attrs members
----------  ----------- ---------- ----------- ----- -------
00000000    00000000    00000ac8   00000ac8    r-x
  00000000    00000000    0000026c   0000026c    r-- .intvecs
  0000026c    0000026c    00000838   00000838    r-x .text
  00000aa8    00000aa8    00000020   00000020    r-- .cinit
20000000    20000000    00000214   00000000    rw-
  20000000    20000000    00000200   00000000    rw- .stack
  20000200    20000200    00000014   00000000    rw- .data


SECTION ALLOCATION MAP

 output                                  attributes/
section   page    origin      length       input sections
--------  ----  ----------  ----------   ----------------
.intvecs   0    00000000    0000026c     
                  00000000    0000026c     tm4c123gh6pge_startup_ccs.obj (.intvecs)

.text      0    0000026c    00000838     
                  0000026c    0000023c     main.obj (.text)
                  000004a8    00000136     rtsv7M4_T_le_v4SPD16_eabi.lib : fd_div_t2.obj (.text)
                  000005de    000000fc                                   : fd_mul_t2.obj (.text)
                  000006da    0000009c                                   : memcpy_t2.obj (.text)
                  00000776    0000007a                                   : memset_t2.obj (.text)
                  000007f0    0000006c                                   : autoinit.obj (.text)
                  0000085c    0000006a                                   : copy_decompress_rle.obj (.text)
                  000008c6    00000002     --HOLE-- [fill = 0]
                  000008c8    00000050                                   : boot.obj (.text)
                  00000918    0000004c                                   : cpy_tbl.obj (.text)
                  00000964    00000048                                   : fd_tos_t2.obj (.text)
                  000009ac    00000044                                   : exit.obj (.text)
                  000009f0    00000044                                   : fd_tou_t2.obj (.text)
                  00000a34    00000020                                   : u_tofd_t2.obj (.text)
                  00000a54    00000018                                   : args_main.obj (.text)
                  00000a6c    00000014                                   : _lock.obj (.text)
                  00000a80    0000000e                                   : copy_decompress_none.obj (.text:decompress:none)
                  00000a8e    0000000c     tm4c123gh6pge_startup_ccs.obj (.text)
                  00000a9a    00000006     rtsv7M4_T_le_v4SPD16_eabi.lib : copy_decompress_rle.obj (.text:decompress:rle24)
                  00000aa0    00000004                                   : pre_init.obj (.text)

.cinit     0    00000aa8    00000020     
                  00000aa8    0000000f     (.cinit..data.load) [load image, compression = rle]
                  00000ab7    00000001     --HOLE-- [fill = 0]
                  00000ab8    00000008     (__TI_handler_table)
                  00000ac0    00000008     (__TI_cinit_table)

.init_array 
*          0    00000000    00000000     UNINITIALIZED

.stack     0    20000000    00000200     UNINITIALIZED
                  20000000    00000200     --HOLE--

.data      0    20000200    00000014     UNINITIALIZED
                  20000200    00000008     rtsv7M4_T_le_v4SPD16_eabi.lib : _lock.obj (.data)
                  20000208    00000008                                   : exit.obj (.data)
                  20000210    00000004                                   : stkdepth_vars.obj (.data)

.TI.persistent 
*          0    20000200    00000000     UNINITIALIZED


LINKER GENERATED COPY TABLES

__TI_cinit_table @ 00000ac0 records: 1, size/record: 8, table size: 8
	.data: load addr=00000aa8, load size=0000000f bytes, run addr=20000200, run size=00000014 bytes, compression=rle


LINKER GENERATED HANDLER TABLE

__TI_handler_table @ 00000ab8 records: 2, size/record: 4, table size: 8
	index: 0, handler: __TI_decompress_rle24
	index: 1, handler: __TI_decompress_none


GLOBAL SYMBOLS: SORTED ALPHABETICALLY BY Name 

address   name                    
-------   ----                    
000009ad  C$$EXIT                 
000003af  Melody                  
00000a8f  ResetISR                
UNDEFED   SHT$$INIT_ARRAY$$Base   
UNDEFED   SHT$$INIT_ARRAY$$Limit  
20000200  __STACK_END             
00000200  __STACK_SIZE            
20000200  __STACK_TOP             
00000ac0  __TI_CINIT_Base         
00000ac8  __TI_CINIT_Limit        
00000ab8  __TI_Handler_Table_Base 
00000ac0  __TI_Handler_Table_Limit
000007f1  __TI_auto_init          
20000208  __TI_cleanup_ptr        
00000a81  __TI_decompress_none    
00000a9b  __TI_decompress_rle24   
2000020c  __TI_dtors_ptr          
00000000  __TI_static_base__      
00000965  __aeabi_d2f             
000009f1  __aeabi_d2uiz           
000004a9  __aeabi_ddiv            
000005df  __aeabi_dmul            
00000777  __aeabi_memclr          
00000777  __aeabi_memclr4         
00000777  __aeabi_memclr8         
000006db  __aeabi_memcpy          
000006db  __aeabi_memcpy4         
000006db  __aeabi_memcpy8         
00000779  __aeabi_memset          
00000779  __aeabi_memset4         
00000779  __aeabi_memset8         
00000a35  __aeabi_ui2d            
ffffffff  __binit__               
ffffffff  __c_args__              
20000000  __stack                 
00000a55  _args_main              
000008c9  _c_int00                
20000200  _lock                   
00000a7b  _nop                    
00000a73  _register_lock          
00000a6d  _register_unlock        
00000aa1  _system_pre_init        
20000204  _unlock                 
000009b1  abort                   
ffffffff  binit                   
00000919  copy_in                 
000009b9  exit                    
00000000  g_pfnVectors            
000003eb  main                    
20000210  main_func_sp            
000006db  memcpy                  
0000077f  memset                  
0000038f  noteA                   
0000039f  noteB                   
0000033f  noteC                   
0000034f  noteD                   
0000035f  noteE                   
0000036f  noteF                   
0000037f  noteG                   
0000026d  playSound               


GLOBAL SYMBOLS: SORTED BY Symbol Address 

address   name                    
-------   ----                    
00000000  __TI_static_base__      
00000000  g_pfnVectors            
00000200  __STACK_SIZE            
0000026d  playSound               
0000033f  noteC                   
0000034f  noteD                   
0000035f  noteE                   
0000036f  noteF                   
0000037f  noteG                   
0000038f  noteA                   
0000039f  noteB                   
000003af  Melody                  
000003eb  main                    
000004a9  __aeabi_ddiv            
000005df  __aeabi_dmul            
000006db  __aeabi_memcpy          
000006db  __aeabi_memcpy4         
000006db  __aeabi_memcpy8         
000006db  memcpy                  
00000777  __aeabi_memclr          
00000777  __aeabi_memclr4         
00000777  __aeabi_memclr8         
00000779  __aeabi_memset          
00000779  __aeabi_memset4         
00000779  __aeabi_memset8         
0000077f  memset                  
000007f1  __TI_auto_init          
000008c9  _c_int00                
00000919  copy_in                 
00000965  __aeabi_d2f             
000009ad  C$$EXIT                 
000009b1  abort                   
000009b9  exit                    
000009f1  __aeabi_d2uiz           
00000a35  __aeabi_ui2d            
00000a55  _args_main              
00000a6d  _register_unlock        
00000a73  _register_lock          
00000a7b  _nop                    
00000a81  __TI_decompress_none    
00000a8f  ResetISR                
00000a9b  __TI_decompress_rle24   
00000aa1  _system_pre_init        
00000ab8  __TI_Handler_Table_Base 
00000ac0  __TI_CINIT_Base         
00000ac0  __TI_Handler_Table_Limit
00000ac8  __TI_CINIT_Limit        
20000000  __stack                 
20000200  __STACK_END             
20000200  __STACK_TOP             
20000200  _lock                   
20000204  _unlock                 
20000208  __TI_cleanup_ptr        
2000020c  __TI_dtors_ptr          
20000210  main_func_sp            
ffffffff  __binit__               
ffffffff  __c_args__              
ffffffff  binit                   
UNDEFED   SHT$$INIT_ARRAY$$Base   
UNDEFED   SHT$$INIT_ARRAY$$Limit  

[60 symbols]
