<?xml version="1.0"?>
<link_info>
   <banner>TI ARM Linker PC v5.2.5</banner>
   <copyright>Copyright (c) 1996-2015 Texas Instruments Incorporated</copyright>
   <link_time>0x5e208655</link_time>
   <link_errors>0x0</link_errors>
   <output_file>LCD_pure.hex</output_file>
   <entry_point>
      <name>_c_int00</name>
      <address>0x1e59</address>
   </entry_point>
   <input_file_list>
      <input_file id="fl-2">
         <path>.\</path>
         <kind>object</kind>
         <file>main.obj</file>
         <name>main.obj</name>
      </input_file>
      <input_file id="fl-3">
         <path>.\utils\</path>
         <kind>object</kind>
         <file>uartstdio.obj</file>
         <name>uartstdio.obj</name>
      </input_file>
      <input_file id="fl-4">
         <path>.\drivers\</path>
         <kind>object</kind>
         <file>ili9341_240x320x262K.obj</file>
         <name>ili9341_240x320x262K.obj</name>
      </input_file>
      <input_file id="fl-c">
         <path>C:\ti\TivaWare\driverlib\ccs\Debug\</path>
         <kind>archive</kind>
         <file>driverlib.lib</file>
         <name>gpio.obj</name>
      </input_file>
      <input_file id="fl-d">
         <path>C:\ti\TivaWare\driverlib\ccs\Debug\</path>
         <kind>archive</kind>
         <file>driverlib.lib</file>
         <name>interrupt.obj</name>
      </input_file>
      <input_file id="fl-e">
         <path>C:\ti\TivaWare\driverlib\ccs\Debug\</path>
         <kind>archive</kind>
         <file>driverlib.lib</file>
         <name>sysctl.obj</name>
      </input_file>
      <input_file id="fl-f">
         <path>C:\ti\TivaWare\driverlib\ccs\Debug\</path>
         <kind>archive</kind>
         <file>driverlib.lib</file>
         <name>cpu.obj</name>
      </input_file>
      <input_file id="fl-10">
         <path>C:\ti\TivaWare\grlib\ccs\Debug\</path>
         <kind>archive</kind>
         <file>grlib.lib</file>
         <name>context.obj</name>
      </input_file>
      <input_file id="fl-11">
         <path>C:\ti\TivaWare\grlib\ccs\Debug\</path>
         <kind>archive</kind>
         <file>grlib.lib</file>
         <name>image.obj</name>
      </input_file>
      <input_file id="fl-12">
         <path>C:\ti\TivaWare\grlib\ccs\Debug\</path>
         <kind>archive</kind>
         <file>grlib.lib</file>
         <name>rectangle.obj</name>
      </input_file>
      <input_file id="fl-13">
         <path>C:\ti\TivaWare\grlib\ccs\Debug\</path>
         <kind>archive</kind>
         <file>grlib.lib</file>
         <name>string.obj</name>
      </input_file>
      <input_file id="fl-14">
         <path>C:\ti\TivaWare\grlib\ccs\Debug\</path>
         <kind>archive</kind>
         <file>grlib.lib</file>
         <name>fontcm12.obj</name>
      </input_file>
      <input_file id="fl-15">
         <path>C:\ti\TivaWare\grlib\ccs\Debug\</path>
         <kind>archive</kind>
         <file>grlib.lib</file>
         <name>fontcm20b.obj</name>
      </input_file>
      <input_file id="fl-16">
         <path>C:\ti\TivaWare\grlib\ccs\Debug\</path>
         <kind>archive</kind>
         <file>grlib.lib</file>
         <name>fontfixed6x8.obj</name>
      </input_file>
      <input_file id="fl-17">
         <path>C:\ti\TivaWare\grlib\ccs\Debug\</path>
         <kind>archive</kind>
         <file>grlib.lib</file>
         <name>charmap.obj</name>
      </input_file>
      <input_file id="fl-18">
         <path>C:\ti\TivaWare\grlib\ccs\Debug\</path>
         <kind>archive</kind>
         <file>grlib.lib</file>
         <name>line.obj</name>
      </input_file>
      <input_file id="fl-13a">
         <path>C:\ti\ccsv6\tools\compiler\ti-cgt-arm_5.2.5\lib\</path>
         <kind>archive</kind>
         <file>rtsv7M4_T_le_v4SPD16_eabi.lib</file>
         <name>boot.obj</name>
      </input_file>
      <input_file id="fl-13b">
         <path>C:\ti\ccsv6\tools\compiler\ti-cgt-arm_5.2.5\lib\</path>
         <kind>archive</kind>
         <file>rtsv7M4_T_le_v4SPD16_eabi.lib</file>
         <name>copy_decompress_none.obj</name>
      </input_file>
      <input_file id="fl-13c">
         <path>C:\ti\ccsv6\tools\compiler\ti-cgt-arm_5.2.5\lib\</path>
         <kind>archive</kind>
         <file>rtsv7M4_T_le_v4SPD16_eabi.lib</file>
         <name>copy_decompress_rle.obj</name>
      </input_file>
      <input_file id="fl-13d">
         <path>C:\ti\ccsv6\tools\compiler\ti-cgt-arm_5.2.5\lib\</path>
         <kind>archive</kind>
         <file>rtsv7M4_T_le_v4SPD16_eabi.lib</file>
         <name>copy_zero_init.obj</name>
      </input_file>
      <input_file id="fl-13e">
         <path>C:\ti\ccsv6\tools\compiler\ti-cgt-arm_5.2.5\lib\</path>
         <kind>archive</kind>
         <file>rtsv7M4_T_le_v4SPD16_eabi.lib</file>
         <name>exit.obj</name>
      </input_file>
      <input_file id="fl-13f">
         <path>C:\ti\ccsv6\tools\compiler\ti-cgt-arm_5.2.5\lib\</path>
         <kind>archive</kind>
         <file>rtsv7M4_T_le_v4SPD16_eabi.lib</file>
         <name>fd_add_t2.obj</name>
      </input_file>
      <input_file id="fl-140">
         <path>C:\ti\ccsv6\tools\compiler\ti-cgt-arm_5.2.5\lib\</path>
         <kind>archive</kind>
         <file>rtsv7M4_T_le_v4SPD16_eabi.lib</file>
         <name>fd_tou_t2.obj</name>
      </input_file>
      <input_file id="fl-141">
         <path>C:\ti\ccsv6\tools\compiler\ti-cgt-arm_5.2.5\lib\</path>
         <kind>archive</kind>
         <file>rtsv7M4_T_le_v4SPD16_eabi.lib</file>
         <name>memcpy_t2.obj</name>
      </input_file>
      <input_file id="fl-142">
         <path>C:\ti\ccsv6\tools\compiler\ti-cgt-arm_5.2.5\lib\</path>
         <kind>archive</kind>
         <file>rtsv7M4_T_le_v4SPD16_eabi.lib</file>
         <name>memset_t2.obj</name>
      </input_file>
      <input_file id="fl-143">
         <path>C:\ti\ccsv6\tools\compiler\ti-cgt-arm_5.2.5\lib\</path>
         <kind>archive</kind>
         <file>rtsv7M4_T_le_v4SPD16_eabi.lib</file>
         <name>pre_init.obj</name>
      </input_file>
      <input_file id="fl-144">
         <path>C:\ti\ccsv6\tools\compiler\ti-cgt-arm_5.2.5\lib\</path>
         <kind>archive</kind>
         <file>rtsv7M4_T_le_v4SPD16_eabi.lib</file>
         <name>stkdepth_vars.obj</name>
      </input_file>
      <input_file id="fl-145">
         <path>C:\ti\ccsv6\tools\compiler\ti-cgt-arm_5.2.5\lib\</path>
         <kind>archive</kind>
         <file>rtsv7M4_T_le_v4SPD16_eabi.lib</file>
         <name>u_divt2.obj</name>
      </input_file>
      <input_file id="fl-146">
         <path>C:\ti\ccsv6\tools\compiler\ti-cgt-arm_5.2.5\lib\</path>
         <kind>archive</kind>
         <file>rtsv7M4_T_le_v4SPD16_eabi.lib</file>
         <name>u_tofd_t2.obj</name>
      </input_file>
      <input_file id="fl-147">
         <path>C:\ti\ccsv6\tools\compiler\ti-cgt-arm_5.2.5\lib\</path>
         <kind>archive</kind>
         <file>rtsv7M4_T_le_v4SPD16_eabi.lib</file>
         <name>_lock.obj</name>
      </input_file>
      <input_file id="fl-148">
         <path>C:\ti\ccsv6\tools\compiler\ti-cgt-arm_5.2.5\lib\</path>
         <kind>archive</kind>
         <file>rtsv7M4_T_le_v4SPD16_eabi.lib</file>
         <name>args_main.obj</name>
      </input_file>
      <input_file id="fl-149">
         <path>C:\ti\ccsv6\tools\compiler\ti-cgt-arm_5.2.5\lib\</path>
         <kind>archive</kind>
         <file>rtsv7M4_T_le_v4SPD16_eabi.lib</file>
         <name>autoinit.obj</name>
      </input_file>
      <input_file id="fl-14a">
         <path>C:\ti\ccsv6\tools\compiler\ti-cgt-arm_5.2.5\lib\</path>
         <kind>archive</kind>
         <file>rtsv7M4_T_le_v4SPD16_eabi.lib</file>
         <name>cpy_tbl.obj</name>
      </input_file>
      <input_file id="fl-14b">
         <path>C:\ti\ccsv6\tools\compiler\ti-cgt-arm_5.2.5\lib\</path>
         <kind>archive</kind>
         <file>rtsv7M4_T_le_v4SPD16_eabi.lib</file>
         <name>i_div0.obj</name>
      </input_file>
   </input_file_list>
   <object_component_list>
      <object_component id="oc-b6">
         <name>.text</name>
         <load_address>0x0</load_address>
         <run_address>0x0</run_address>
         <size>0x9d4</size>
         <input_file_ref idref="fl-4"/>
      </object_component>
      <object_component id="oc-89">
         <name>.text</name>
         <load_address>0x9d4</load_address>
         <run_address>0x9d4</run_address>
         <size>0x3ec</size>
         <input_file_ref idref="fl-2"/>
      </object_component>
      <object_component id="oc-189">
         <name>.text:InternalImageDraw</name>
         <load_address>0xdc0</load_address>
         <run_address>0xdc0</run_address>
         <size>0x374</size>
         <input_file_ref idref="fl-11"/>
      </object_component>
      <object_component id="oc-1e9">
         <name>.text:PixelTransparentDraw</name>
         <load_address>0x1134</load_address>
         <run_address>0x1134</run_address>
         <size>0x2f8</size>
         <input_file_ref idref="fl-11"/>
      </object_component>
      <object_component id="oc-1be">
         <name>.text:GrFontGlyphRender</name>
         <load_address>0x142c</load_address>
         <run_address>0x142c</run_address>
         <size>0x254</size>
         <input_file_ref idref="fl-13"/>
      </object_component>
      <object_component id="oc-f7">
         <name>.text</name>
         <load_address>0x1680</load_address>
         <run_address>0x1680</run_address>
         <size>0x1b6</size>
         <input_file_ref idref="fl-13f"/>
      </object_component>
      <object_component id="oc-13f">
         <name>.text:GPIOPadConfigSet</name>
         <load_address>0x1836</load_address>
         <run_address>0x1836</run_address>
         <size>0x132</size>
         <input_file_ref idref="fl-c"/>
      </object_component>
      <object_component id="oc-15c">
         <name>.text:GrDefaultStringRenderer</name>
         <load_address>0x1968</load_address>
         <run_address>0x1968</run_address>
         <size>0xc0</size>
         <input_file_ref idref="fl-13"/>
      </object_component>
      <object_component id="oc-27">
         <name>.text</name>
         <load_address>0x1a28</load_address>
         <run_address>0x1a28</run_address>
         <size>0x9c</size>
         <input_file_ref idref="fl-141"/>
      </object_component>
      <object_component id="oc-146">
         <name>.text:TFT_HW_SetRect</name>
         <load_address>0x1ac4</load_address>
         <run_address>0x1ac4</run_address>
         <size>0x90</size>
         <input_file_ref idref="fl-4"/>
      </object_component>
      <object_component id="oc-da">
         <name>.text:GrRectFill</name>
         <load_address>0x1b54</load_address>
         <run_address>0x1b54</run_address>
         <size>0x86</size>
         <input_file_ref idref="fl-12"/>
      </object_component>
      <object_component id="oc-40">
         <name>.text</name>
         <load_address>0x1bda</load_address>
         <run_address>0x1bda</run_address>
         <size>0x7a</size>
         <input_file_ref idref="fl-142"/>
      </object_component>
      <object_component id="oc-52">
         <name>.text</name>
         <load_address>0x1c54</load_address>
         <run_address>0x1c54</run_address>
         <size>0x6c</size>
         <input_file_ref idref="fl-149"/>
      </object_component>
      <object_component id="oc-33">
         <name>.text</name>
         <load_address>0x1cc0</load_address>
         <run_address>0x1cc0</run_address>
         <size>0x6a</size>
         <input_file_ref idref="fl-13c"/>
      </object_component>
      <object_component id="oc-bc">
         <name>.text:GrContextInit</name>
         <load_address>0x1d2c</load_address>
         <run_address>0x1d2c</run_address>
         <size>0x68</size>
         <input_file_ref idref="fl-10"/>
      </object_component>
      <object_component id="oc-c8">
         <name>.text:GrStringWidthGet</name>
         <load_address>0x1d94</load_address>
         <run_address>0x1d94</run_address>
         <size>0x68</size>
         <input_file_ref idref="fl-13"/>
      </object_component>
      <object_component id="oc-1d9">
         <name>.text:FontWideGlyphDataGet</name>
         <load_address>0x1dfc</load_address>
         <run_address>0x1dfc</run_address>
         <size>0x5a</size>
         <input_file_ref idref="fl-13"/>
      </object_component>
      <object_component id="oc-21">
         <name>.text</name>
         <load_address>0x1e58</load_address>
         <run_address>0x1e58</run_address>
         <size>0x50</size>
         <input_file_ref idref="fl-13a"/>
      </object_component>
      <object_component id="oc-81">
         <name>.text</name>
         <load_address>0x1ea8</load_address>
         <run_address>0x1ea8</run_address>
         <size>0x4c</size>
         <input_file_ref idref="fl-14a"/>
      </object_component>
      <object_component id="oc-169">
         <name>.text:UpdateContextCharMapping</name>
         <load_address>0x1ef4</load_address>
         <run_address>0x1ef4</run_address>
         <size>0x4a</size>
         <input_file_ref idref="fl-13"/>
      </object_component>
      <object_component id="oc-5e">
         <name>.text</name>
         <load_address>0x1f40</load_address>
         <run_address>0x1f40</run_address>
         <size>0x44</size>
         <input_file_ref idref="fl-13e"/>
      </object_component>
      <object_component id="oc-fc">
         <name>.text</name>
         <load_address>0x1f84</load_address>
         <run_address>0x1f84</run_address>
         <size>0x44</size>
         <input_file_ref idref="fl-140"/>
      </object_component>
      <object_component id="oc-1df">
         <name>.text:FontGlyphDataGet</name>
         <load_address>0x1fc8</load_address>
         <run_address>0x1fc8</run_address>
         <size>0x3a</size>
         <input_file_ref idref="fl-13"/>
      </object_component>
      <object_component id="oc-aa">
         <name>.text:SysCtlPeripheralEnable</name>
         <load_address>0x2004</load_address>
         <run_address>0x2004</run_address>
         <size>0x34</size>
         <input_file_ref idref="fl-e"/>
      </object_component>
      <object_component id="oc-172">
         <name>.text:GrStringNextCharGet</name>
         <load_address>0x2038</load_address>
         <run_address>0x2038</run_address>
         <size>0x2e</size>
         <input_file_ref idref="fl-13"/>
      </object_component>
      <object_component id="oc-ce">
         <name>.text:GrFontBaselineGet</name>
         <load_address>0x2066</load_address>
         <run_address>0x2066</run_address>
         <size>0x2c</size>
         <input_file_ref idref="fl-13"/>
      </object_component>
      <object_component id="oc-139">
         <name>.text:GPIODirModeSet</name>
         <load_address>0x2092</load_address>
         <run_address>0x2092</run_address>
         <size>0x2a</size>
         <input_file_ref idref="fl-c"/>
      </object_component>
      <object_component id="oc-14d">
         <name>.text:TFT_HW_Write</name>
         <load_address>0x20bc</load_address>
         <run_address>0x20bc</run_address>
         <size>0x28</size>
         <input_file_ref idref="fl-4"/>
      </object_component>
      <object_component id="oc-17e">
         <name>.text:GrFontInfoGet</name>
         <load_address>0x20e4</load_address>
         <run_address>0x20e4</run_address>
         <size>0x26</size>
         <input_file_ref idref="fl-13"/>
      </object_component>
      <object_component id="oc-178">
         <name>.text:GrFontGlyphDataGet</name>
         <load_address>0x210a</load_address>
         <run_address>0x210a</run_address>
         <size>0x22</size>
         <input_file_ref idref="fl-13"/>
      </object_component>
      <object_component id="oc-f2">
         <name>.text</name>
         <load_address>0x212c</load_address>
         <run_address>0x212c</run_address>
         <size>0x20</size>
         <input_file_ref idref="fl-146"/>
      </object_component>
      <object_component id="oc-1cf">
         <name>.text:GrFontCodepageGet</name>
         <load_address>0x214c</load_address>
         <run_address>0x214c</run_address>
         <size>0x1e</size>
         <input_file_ref idref="fl-13"/>
      </object_component>
      <object_component id="oc-154">
         <name>.text:SysCtlGPIOAHBEnable</name>
         <load_address>0x216c</load_address>
         <run_address>0x216c</run_address>
         <size>0x1c</size>
         <input_file_ref idref="fl-e"/>
      </object_component>
      <object_component id="oc-58">
         <name>.text</name>
         <load_address>0x2188</load_address>
         <run_address>0x2188</run_address>
         <size>0x18</size>
         <input_file_ref idref="fl-148"/>
      </object_component>
      <object_component id="oc-d4">
         <name>.text:GrStringDraw</name>
         <load_address>0x21a0</load_address>
         <run_address>0x21a0</run_address>
         <size>0x16</size>
         <input_file_ref idref="fl-13"/>
      </object_component>
      <object_component id="oc-11d">
         <name>.text</name>
         <load_address>0x21b8</load_address>
         <run_address>0x21b8</run_address>
         <size>0x14</size>
         <input_file_ref idref="fl-147"/>
      </object_component>
      <object_component id="oc-b0">
         <name>.text:GPIOPinTypeGPIOInput</name>
         <load_address>0x21cc</load_address>
         <run_address>0x21cc</run_address>
         <size>0x12</size>
         <input_file_ref idref="fl-c"/>
      </object_component>
      <object_component id="oc-e0">
         <name>.text:GrImageDraw</name>
         <load_address>0x21de</load_address>
         <run_address>0x21de</run_address>
         <size>0xe</size>
         <input_file_ref idref="fl-11"/>
      </object_component>
      <object_component id="oc-f">
         <name>.text:decompress:none</name>
         <load_address>0x21ec</load_address>
         <run_address>0x21ec</run_address>
         <size>0xe</size>
         <input_file_ref idref="fl-13b"/>
      </object_component>
      <object_component id="oc-1b">
         <name>.text:decompress:ZI</name>
         <load_address>0x21fa</load_address>
         <run_address>0x21fa</run_address>
         <size>0xc</size>
         <input_file_ref idref="fl-13d"/>
      </object_component>
      <object_component id="oc-1c5">
         <name>.text:GrMapISO8859_1_Unicode</name>
         <load_address>0x2206</load_address>
         <run_address>0x2206</run_address>
         <size>0x8</size>
         <input_file_ref idref="fl-17"/>
      </object_component>
      <object_component id="oc-e6">
         <name>.text:GPIOPinRead</name>
         <load_address>0x220e</load_address>
         <run_address>0x220e</run_address>
         <size>0x6</size>
         <input_file_ref idref="fl-c"/>
      </object_component>
      <object_component id="oc-c2">
         <name>.text:GrContextFontSet</name>
         <load_address>0x2214</load_address>
         <run_address>0x2214</run_address>
         <size>0x6</size>
         <input_file_ref idref="fl-13"/>
      </object_component>
      <object_component id="oc-15">
         <name>.text:decompress:rle24</name>
         <load_address>0x221a</load_address>
         <run_address>0x221a</run_address>
         <size>0x6</size>
         <input_file_ref idref="fl-13c"/>
      </object_component>
      <object_component id="oc-4c">
         <name>.text</name>
         <load_address>0x2220</load_address>
         <run_address>0x2220</run_address>
         <size>0x4</size>
         <input_file_ref idref="fl-143"/>
      </object_component>
      <object_component id="oc-19f">
         <name>.const:.string:g_pui8Cm20bData</name>
         <load_address>0x2224</load_address>
         <run_address>0x2224</run_address>
         <size>0x94d</size>
         <input_file_ref idref="fl-15"/>
      </object_component>
      <object_component id="oc-196">
         <name>.const:.string:g_pui8Cm12Data</name>
         <load_address>0x2b71</load_address>
         <run_address>0x2b71</run_address>
         <size>0x55f</size>
         <input_file_ref idref="fl-14"/>
      </object_component>
      <object_component id="oc-1a7">
         <name>.const:.string:g_pui8FontFixed6x8Data</name>
         <load_address>0x30d0</load_address>
         <run_address>0x30d0</run_address>
         <size>0x2f8</size>
         <input_file_ref idref="fl-16"/>
      </object_component>
      <object_component id="oc-ef">
         <name>.const:g_sFontCm12</name>
         <load_address>0x33c8</load_address>
         <run_address>0x33c8</run_address>
         <size>0xc8</size>
         <input_file_ref idref="fl-14"/>
      </object_component>
      <object_component id="oc-101">
         <name>.const:g_sFontCm20b</name>
         <load_address>0x3490</load_address>
         <run_address>0x3490</run_address>
         <size>0xc8</size>
         <input_file_ref idref="fl-15"/>
      </object_component>
      <object_component id="oc-107">
         <name>.const:g_sFontFixed6x8</name>
         <load_address>0x3558</load_address>
         <run_address>0x3558</run_address>
         <size>0xc8</size>
         <input_file_ref idref="fl-16"/>
      </object_component>
      <object_component id="oc-ec">
         <name>.const:g_sILI9341_240x320x262K</name>
         <load_address>0x3620</load_address>
         <run_address>0x3620</run_address>
         <size>0x28</size>
         <input_file_ref idref="fl-4"/>
      </object_component>
      <object_component id="oc-104">
         <name>.const:.string:TI_logo</name>
         <load_address>0x3648</load_address>
         <run_address>0x3648</run_address>
         <size>0x25</size>
         <input_file_ref idref="fl-2"/>
      </object_component>
      <object_component id="oc-162">
         <name>.const</name>
         <load_address>0x3670</load_address>
         <run_address>0x3670</run_address>
         <size>0x10</size>
         <input_file_ref idref="fl-10"/>
      </object_component>
      <object_component id="oc-22d">
         <name>.cinit..data.load</name>
         <load_address>0x3680</load_address>
         <run_address>0x3680</run_address>
         <size>0xf</size>
      </object_component>
      <object_component id="oc-22b">
         <name>__TI_handler_table</name>
         <load_address>0x3690</load_address>
         <run_address>0x3690</run_address>
         <size>0xc</size>
      </object_component>
      <object_component id="oc-22e">
         <name>.cinit..bss.load</name>
         <load_address>0x36a0</load_address>
         <run_address>0x36a0</run_address>
         <size>0x8</size>
      </object_component>
      <object_component id="oc-22c">
         <name>__TI_cinit_table</name>
         <load_address>0x36a8</load_address>
         <run_address>0x36a8</run_address>
         <size>0x10</size>
      </object_component>
      <object_component id="oc-26">
         <name>.stack</name>
         <uninitialized>true</uninitialized>
         <run_address>0x20000000</run_address>
         <size>0x0</size>
         <input_file_ref idref="fl-13a"/>
      </object_component>
      <object_component id="oc-22f">
         <name>.stack</name>
         <uninitialized>true</uninitialized>
         <run_address>0x20000000</run_address>
         <size>0x0</size>
      </object_component>
      <object_component id="oc-165">
         <name>.common:g_psGrLibDefaults</name>
         <uninitialized>true</uninitialized>
         <run_address>0x20000220</run_address>
         <size>0x4</size>
      </object_component>
      <object_component id="oc-1ef">
         <name>.common:g_pui8Dictionary</name>
         <uninitialized>true</uninitialized>
         <run_address>0x20000200</run_address>
         <size>0x20</size>
      </object_component>
      <object_component id="oc-94">
         <name>.data</name>
         <load_address>0x2000022c</load_address>
         <run_address>0x2000022c</run_address>
         <size>0x8</size>
         <input_file_ref idref="fl-13e"/>
      </object_component>
      <object_component id="oc-64">
         <name>.data</name>
         <load_address>0x20000234</load_address>
         <run_address>0x20000234</run_address>
         <size>0x4</size>
         <input_file_ref idref="fl-144"/>
      </object_component>
      <object_component id="oc-91">
         <name>.data</name>
         <load_address>0x20000224</load_address>
         <run_address>0x20000224</run_address>
         <size>0x8</size>
         <input_file_ref idref="fl-147"/>
      </object_component>
      <object_component id="oc-115">
         <name>.debug_info</name>
         <load_address>0x0</load_address>
         <run_address>0x0</run_address>
         <size>0x621</size>
         <input_file_ref idref="fl-2"/>
      </object_component>
      <object_component id="oc-105">
         <name>.debug_info</name>
         <load_address>0x621</load_address>
         <run_address>0x621</run_address>
         <size>0xd1</size>
         <input_file_ref idref="fl-2"/>
      </object_component>
      <object_component id="oc-8a">
         <name>.debug_info</name>
         <load_address>0x6f2</load_address>
         <run_address>0x6f2</run_address>
         <size>0x604</size>
         <input_file_ref idref="fl-2"/>
      </object_component>
      <object_component id="oc-110">
         <name>.debug_info</name>
         <load_address>0xcf6</load_address>
         <run_address>0xcf6</run_address>
         <size>0x6bd</size>
         <input_file_ref idref="fl-2"/>
      </object_component>
      <object_component id="oc-10b">
         <name>.debug_info</name>
         <load_address>0x13b3</load_address>
         <run_address>0x13b3</run_address>
         <size>0x8b</size>
         <input_file_ref idref="fl-2"/>
      </object_component>
      <object_component id="oc-133">
         <name>.debug_info</name>
         <load_address>0x143e</load_address>
         <run_address>0x143e</run_address>
         <size>0x18b</size>
         <input_file_ref idref="fl-2"/>
      </object_component>
      <object_component id="oc-15b">
         <name>.debug_info</name>
         <load_address>0x15c9</load_address>
         <run_address>0x15c9</run_address>
         <size>0x32c</size>
         <input_file_ref idref="fl-4"/>
      </object_component>
      <object_component id="oc-ed">
         <name>.debug_info</name>
         <load_address>0x18f5</load_address>
         <run_address>0x18f5</run_address>
         <size>0x10a</size>
         <input_file_ref idref="fl-4"/>
      </object_component>
      <object_component id="oc-14e">
         <name>.debug_info</name>
         <load_address>0x19ff</load_address>
         <run_address>0x19ff</run_address>
         <size>0x170</size>
         <input_file_ref idref="fl-4"/>
      </object_component>
      <object_component id="oc-147">
         <name>.debug_info</name>
         <load_address>0x1b6f</load_address>
         <run_address>0x1b6f</run_address>
         <size>0x27f</size>
         <input_file_ref idref="fl-4"/>
      </object_component>
      <object_component id="oc-b7">
         <name>.debug_info</name>
         <load_address>0x1dee</load_address>
         <run_address>0x1dee</run_address>
         <size>0x174a</size>
         <input_file_ref idref="fl-4"/>
      </object_component>
      <object_component id="oc-193">
         <name>.debug_info</name>
         <load_address>0x3538</load_address>
         <run_address>0x3538</run_address>
         <size>0x230</size>
         <input_file_ref idref="fl-c"/>
      </object_component>
      <object_component id="oc-13a">
         <name>.debug_info</name>
         <load_address>0x3768</load_address>
         <run_address>0x3768</run_address>
         <size>0x2b3</size>
         <input_file_ref idref="fl-c"/>
      </object_component>
      <object_component id="oc-140">
         <name>.debug_info</name>
         <load_address>0x3a1b</load_address>
         <run_address>0x3a1b</run_address>
         <size>0x316</size>
         <input_file_ref idref="fl-c"/>
      </object_component>
      <object_component id="oc-b1">
         <name>.debug_info</name>
         <load_address>0x3d31</load_address>
         <run_address>0x3d31</run_address>
         <size>0x285</size>
         <input_file_ref idref="fl-c"/>
      </object_component>
      <object_component id="oc-e7">
         <name>.debug_info</name>
         <load_address>0x3fb6</load_address>
         <run_address>0x3fb6</run_address>
         <size>0x27b</size>
         <input_file_ref idref="fl-c"/>
      </object_component>
      <object_component id="oc-138">
         <name>.debug_info</name>
         <load_address>0x4231</load_address>
         <run_address>0x4231</run_address>
         <size>0x27f</size>
         <input_file_ref idref="fl-e"/>
      </object_component>
      <object_component id="oc-ab">
         <name>.debug_info</name>
         <load_address>0x44b0</load_address>
         <run_address>0x44b0</run_address>
         <size>0x27d</size>
         <input_file_ref idref="fl-e"/>
      </object_component>
      <object_component id="oc-155">
         <name>.debug_info</name>
         <load_address>0x472d</load_address>
         <run_address>0x472d</run_address>
         <size>0x287</size>
         <input_file_ref idref="fl-e"/>
      </object_component>
      <object_component id="oc-1b4">
         <name>.debug_info</name>
         <load_address>0x49b4</load_address>
         <run_address>0x49b4</run_address>
         <size>0x5f</size>
         <input_file_ref idref="fl-e"/>
      </object_component>
      <object_component id="oc-70">
         <name>.debug_info</name>
         <load_address>0x4a13</load_address>
         <run_address>0x4a13</run_address>
         <size>0x84</size>
         <input_file_ref idref="fl-f"/>
      </object_component>
      <object_component id="oc-166">
         <name>.debug_info</name>
         <load_address>0x4a97</load_address>
         <run_address>0x4a97</run_address>
         <size>0x464</size>
         <input_file_ref idref="fl-10"/>
      </object_component>
      <object_component id="oc-163">
         <name>.debug_info</name>
         <load_address>0x4efb</load_address>
         <run_address>0x4efb</run_address>
         <size>0x167</size>
         <input_file_ref idref="fl-10"/>
      </object_component>
      <object_component id="oc-bf">
         <name>.debug_info</name>
         <load_address>0x5062</load_address>
         <run_address>0x5062</run_address>
         <size>0x27d</size>
         <input_file_ref idref="fl-10"/>
      </object_component>
      <object_component id="oc-190">
         <name>.debug_info</name>
         <load_address>0x52df</load_address>
         <run_address>0x52df</run_address>
         <size>0x3d2</size>
         <input_file_ref idref="fl-11"/>
      </object_component>
      <object_component id="oc-1ea">
         <name>.debug_info</name>
         <load_address>0x56b1</load_address>
         <run_address>0x56b1</run_address>
         <size>0x5f7</size>
         <input_file_ref idref="fl-11"/>
      </object_component>
      <object_component id="oc-18a">
         <name>.debug_info</name>
         <load_address>0x5ca8</load_address>
         <run_address>0x5ca8</run_address>
         <size>0x583</size>
         <input_file_ref idref="fl-11"/>
      </object_component>
      <object_component id="oc-e1">
         <name>.debug_info</name>
         <load_address>0x622b</load_address>
         <run_address>0x622b</run_address>
         <size>0x278</size>
         <input_file_ref idref="fl-11"/>
      </object_component>
      <object_component id="oc-188">
         <name>.debug_info</name>
         <load_address>0x64a3</load_address>
         <run_address>0x64a3</run_address>
         <size>0x3d9</size>
         <input_file_ref idref="fl-12"/>
      </object_component>
      <object_component id="oc-db">
         <name>.debug_info</name>
         <load_address>0x687c</load_address>
         <run_address>0x687c</run_address>
         <size>0x284</size>
         <input_file_ref idref="fl-12"/>
      </object_component>
      <object_component id="oc-170">
         <name>.debug_info</name>
         <load_address>0x6b00</load_address>
         <run_address>0x6b00</run_address>
         <size>0x51c</size>
         <input_file_ref idref="fl-13"/>
      </object_component>
      <object_component id="oc-173">
         <name>.debug_info</name>
         <load_address>0x701c</load_address>
         <run_address>0x701c</run_address>
         <size>0x2fe</size>
         <input_file_ref idref="fl-13"/>
      </object_component>
      <object_component id="oc-1da">
         <name>.debug_info</name>
         <load_address>0x731a</load_address>
         <run_address>0x731a</run_address>
         <size>0x315</size>
         <input_file_ref idref="fl-13"/>
      </object_component>
      <object_component id="oc-1e0">
         <name>.debug_info</name>
         <load_address>0x762f</load_address>
         <run_address>0x762f</run_address>
         <size>0x34b</size>
         <input_file_ref idref="fl-13"/>
      </object_component>
      <object_component id="oc-179">
         <name>.debug_info</name>
         <load_address>0x797a</load_address>
         <run_address>0x797a</run_address>
         <size>0x2cc</size>
         <input_file_ref idref="fl-13"/>
      </object_component>
      <object_component id="oc-17f">
         <name>.debug_info</name>
         <load_address>0x7c46</load_address>
         <run_address>0x7c46</run_address>
         <size>0x341</size>
         <input_file_ref idref="fl-13"/>
      </object_component>
      <object_component id="oc-ca">
         <name>.debug_info</name>
         <load_address>0x7f87</load_address>
         <run_address>0x7f87</run_address>
         <size>0x450</size>
         <input_file_ref idref="fl-13"/>
      </object_component>
      <object_component id="oc-d5">
         <name>.debug_info</name>
         <load_address>0x83d7</load_address>
         <run_address>0x83d7</run_address>
         <size>0x2b7</size>
         <input_file_ref idref="fl-13"/>
      </object_component>
      <object_component id="oc-1d0">
         <name>.debug_info</name>
         <load_address>0x868e</load_address>
         <run_address>0x868e</run_address>
         <size>0x254</size>
         <input_file_ref idref="fl-13"/>
      </object_component>
      <object_component id="oc-16a">
         <name>.debug_info</name>
         <load_address>0x88e2</load_address>
         <run_address>0x88e2</run_address>
         <size>0x2b6</size>
         <input_file_ref idref="fl-13"/>
      </object_component>
      <object_component id="oc-1bf">
         <name>.debug_info</name>
         <load_address>0x8b98</load_address>
         <run_address>0x8b98</run_address>
         <size>0x47f</size>
         <input_file_ref idref="fl-13"/>
      </object_component>
      <object_component id="oc-cf">
         <name>.debug_info</name>
         <load_address>0x9017</load_address>
         <run_address>0x9017</run_address>
         <size>0x2c0</size>
         <input_file_ref idref="fl-13"/>
      </object_component>
      <object_component id="oc-15d">
         <name>.debug_info</name>
         <load_address>0x92d7</load_address>
         <run_address>0x92d7</run_address>
         <size>0x4bd</size>
         <input_file_ref idref="fl-13"/>
      </object_component>
      <object_component id="oc-c3">
         <name>.debug_info</name>
         <load_address>0x9794</load_address>
         <run_address>0x9794</run_address>
         <size>0x28d</size>
         <input_file_ref idref="fl-13"/>
      </object_component>
      <object_component id="oc-19b">
         <name>.debug_info</name>
         <load_address>0x9a21</load_address>
         <run_address>0x9a21</run_address>
         <size>0x35e</size>
         <input_file_ref idref="fl-14"/>
      </object_component>
      <object_component id="oc-197">
         <name>.debug_info</name>
         <load_address>0x9d7f</load_address>
         <run_address>0x9d7f</run_address>
         <size>0x151</size>
         <input_file_ref idref="fl-14"/>
      </object_component>
      <object_component id="oc-f0">
         <name>.debug_info</name>
         <load_address>0x9ed0</load_address>
         <run_address>0x9ed0</run_address>
         <size>0x14c</size>
         <input_file_ref idref="fl-14"/>
      </object_component>
      <object_component id="oc-1a4">
         <name>.debug_info</name>
         <load_address>0xa01c</load_address>
         <run_address>0xa01c</run_address>
         <size>0x35f</size>
         <input_file_ref idref="fl-15"/>
      </object_component>
      <object_component id="oc-1a0">
         <name>.debug_info</name>
         <load_address>0xa37b</load_address>
         <run_address>0xa37b</run_address>
         <size>0x154</size>
         <input_file_ref idref="fl-15"/>
      </object_component>
      <object_component id="oc-102">
         <name>.debug_info</name>
         <load_address>0xa4cf</load_address>
         <run_address>0xa4cf</run_address>
         <size>0x150</size>
         <input_file_ref idref="fl-15"/>
      </object_component>
      <object_component id="oc-1ac">
         <name>.debug_info</name>
         <load_address>0xa61f</load_address>
         <run_address>0xa61f</run_address>
         <size>0x362</size>
         <input_file_ref idref="fl-16"/>
      </object_component>
      <object_component id="oc-1a8">
         <name>.debug_info</name>
         <load_address>0xa981</load_address>
         <run_address>0xa981</run_address>
         <size>0x165</size>
         <input_file_ref idref="fl-16"/>
      </object_component>
      <object_component id="oc-108">
         <name>.debug_info</name>
         <load_address>0xaae6</load_address>
         <run_address>0xaae6</run_address>
         <size>0x158</size>
         <input_file_ref idref="fl-16"/>
      </object_component>
      <object_component id="oc-203">
         <name>.debug_info</name>
         <load_address>0xac3e</load_address>
         <run_address>0xac3e</run_address>
         <size>0x3cd</size>
         <input_file_ref idref="fl-17"/>
      </object_component>
      <object_component id="oc-1c7">
         <name>.debug_info</name>
         <load_address>0xb00b</load_address>
         <run_address>0xb00b</run_address>
         <size>0x2b1</size>
         <input_file_ref idref="fl-17"/>
      </object_component>
      <object_component id="oc-22">
         <name>.debug_info</name>
         <load_address>0xb2bc</load_address>
         <run_address>0xb2bc</run_address>
         <size>0x134</size>
         <input_file_ref idref="fl-13a"/>
      </object_component>
      <object_component id="oc-32">
         <name>.debug_info</name>
         <load_address>0xb3f0</load_address>
         <run_address>0xb3f0</run_address>
         <size>0x121</size>
         <input_file_ref idref="fl-13b"/>
      </object_component>
      <object_component id="oc-10">
         <name>.debug_info</name>
         <load_address>0xb511</load_address>
         <run_address>0xb511</run_address>
         <size>0x1c0</size>
         <input_file_ref idref="fl-13b"/>
      </object_component>
      <object_component id="oc-2d">
         <name>.debug_info</name>
         <load_address>0xb6d1</load_address>
         <run_address>0xb6d1</run_address>
         <size>0x46</size>
         <input_file_ref idref="fl-13b"/>
      </object_component>
      <object_component id="oc-69">
         <name>.debug_info</name>
         <load_address>0xb717</load_address>
         <run_address>0xb717</run_address>
         <size>0x2c</size>
         <input_file_ref idref="fl-13b"/>
      </object_component>
      <object_component id="oc-3a">
         <name>.debug_info</name>
         <load_address>0xb743</load_address>
         <run_address>0xb743</run_address>
         <size>0x115</size>
         <input_file_ref idref="fl-13c"/>
      </object_component>
      <object_component id="oc-34">
         <name>.debug_info</name>
         <load_address>0xb858</load_address>
         <run_address>0xb858</run_address>
         <size>0x228</size>
         <input_file_ref idref="fl-13c"/>
      </object_component>
      <object_component id="oc-16">
         <name>.debug_info</name>
         <load_address>0xba80</load_address>
         <run_address>0xba80</run_address>
         <size>0x192</size>
         <input_file_ref idref="fl-13c"/>
      </object_component>
      <object_component id="oc-3b">
         <name>.debug_info</name>
         <load_address>0xbc12</load_address>
         <run_address>0xbc12</run_address>
         <size>0x39</size>
         <input_file_ref idref="fl-13c"/>
      </object_component>
      <object_component id="oc-78">
         <name>.debug_info</name>
         <load_address>0xbc4b</load_address>
         <run_address>0xbc4b</run_address>
         <size>0x2c</size>
         <input_file_ref idref="fl-13c"/>
      </object_component>
      <object_component id="oc-4b">
         <name>.debug_info</name>
         <load_address>0xbc77</load_address>
         <run_address>0xbc77</run_address>
         <size>0x110</size>
         <input_file_ref idref="fl-13d"/>
      </object_component>
      <object_component id="oc-1f">
         <name>.debug_info</name>
         <load_address>0xbd87</load_address>
         <run_address>0xbd87</run_address>
         <size>0x18b</size>
         <input_file_ref idref="fl-13d"/>
      </object_component>
      <object_component id="oc-46">
         <name>.debug_info</name>
         <load_address>0xbf12</load_address>
         <run_address>0xbf12</run_address>
         <size>0x46</size>
         <input_file_ref idref="fl-13d"/>
      </object_component>
      <object_component id="oc-98">
         <name>.debug_info</name>
         <load_address>0xbf58</load_address>
         <run_address>0xbf58</run_address>
         <size>0x172</size>
         <input_file_ref idref="fl-13e"/>
      </object_component>
      <object_component id="oc-95">
         <name>.debug_info</name>
         <load_address>0xc0ca</load_address>
         <run_address>0xc0ca</run_address>
         <size>0x117</size>
         <input_file_ref idref="fl-13e"/>
      </object_component>
      <object_component id="oc-5f">
         <name>.debug_info</name>
         <load_address>0xc1e1</load_address>
         <run_address>0xc1e1</run_address>
         <size>0x1ee</size>
         <input_file_ref idref="fl-13e"/>
      </object_component>
      <object_component id="oc-f9">
         <name>.debug_info</name>
         <load_address>0xc3cf</load_address>
         <run_address>0xc3cf</run_address>
         <size>0x129</size>
         <input_file_ref idref="fl-13f"/>
      </object_component>
      <object_component id="oc-fe">
         <name>.debug_info</name>
         <load_address>0xc4f8</load_address>
         <run_address>0xc4f8</run_address>
         <size>0x116</size>
         <input_file_ref idref="fl-140"/>
      </object_component>
      <object_component id="oc-2a">
         <name>.debug_info</name>
         <load_address>0xc60e</load_address>
         <run_address>0xc60e</run_address>
         <size>0xf6</size>
         <input_file_ref idref="fl-141"/>
      </object_component>
      <object_component id="oc-42">
         <name>.debug_info</name>
         <load_address>0xc704</load_address>
         <run_address>0xc704</run_address>
         <size>0x124</size>
         <input_file_ref idref="fl-142"/>
      </object_component>
      <object_component id="oc-4d">
         <name>.debug_info</name>
         <load_address>0xc828</load_address>
         <run_address>0xc828</run_address>
         <size>0x129</size>
         <input_file_ref idref="fl-143"/>
      </object_component>
      <object_component id="oc-65">
         <name>.debug_info</name>
         <load_address>0xc951</load_address>
         <run_address>0xc951</run_address>
         <size>0xea</size>
         <input_file_ref idref="fl-144"/>
      </object_component>
      <object_component id="oc-f5">
         <name>.debug_info</name>
         <load_address>0xca3b</load_address>
         <run_address>0xca3b</run_address>
         <size>0x10b</size>
         <input_file_ref idref="fl-146"/>
      </object_component>
      <object_component id="oc-125">
         <name>.debug_info</name>
         <load_address>0xcb46</load_address>
         <run_address>0xcb46</run_address>
         <size>0x105</size>
         <input_file_ref idref="fl-147"/>
      </object_component>
      <object_component id="oc-92">
         <name>.debug_info</name>
         <load_address>0xcc4b</load_address>
         <run_address>0xcc4b</run_address>
         <size>0xf4</size>
         <input_file_ref idref="fl-147"/>
      </object_component>
      <object_component id="oc-11e">
         <name>.debug_info</name>
         <load_address>0xcd3f</load_address>
         <run_address>0xcd3f</run_address>
         <size>0x200</size>
         <input_file_ref idref="fl-147"/>
      </object_component>
      <object_component id="oc-90">
         <name>.debug_info</name>
         <load_address>0xcf3f</load_address>
         <run_address>0xcf3f</run_address>
         <size>0x147</size>
         <input_file_ref idref="fl-148"/>
      </object_component>
      <object_component id="oc-59">
         <name>.debug_info</name>
         <load_address>0xd086</load_address>
         <run_address>0xd086</run_address>
         <size>0x148</size>
         <input_file_ref idref="fl-148"/>
      </object_component>
      <object_component id="oc-118">
         <name>.debug_info</name>
         <load_address>0xd1ce</load_address>
         <run_address>0xd1ce</run_address>
         <size>0x5e</size>
         <input_file_ref idref="fl-148"/>
      </object_component>
      <object_component id="oc-88">
         <name>.debug_info</name>
         <load_address>0xd22c</load_address>
         <run_address>0xd22c</run_address>
         <size>0x29e</size>
         <input_file_ref idref="fl-149"/>
      </object_component>
      <object_component id="oc-53">
         <name>.debug_info</name>
         <load_address>0xd4ca</load_address>
         <run_address>0xd4ca</run_address>
         <size>0x158</size>
         <input_file_ref idref="fl-149"/>
      </object_component>
      <object_component id="oc-a0">
         <name>.debug_info</name>
         <load_address>0xd622</load_address>
         <run_address>0xd622</run_address>
         <size>0x39</size>
         <input_file_ref idref="fl-149"/>
      </object_component>
      <object_component id="oc-a5">
         <name>.debug_info</name>
         <load_address>0xd65b</load_address>
         <run_address>0xd65b</run_address>
         <size>0xcd</size>
         <input_file_ref idref="fl-149"/>
      </object_component>
      <object_component id="oc-9d">
         <name>.debug_info</name>
         <load_address>0xd728</load_address>
         <run_address>0xd728</run_address>
         <size>0x1c1</size>
         <input_file_ref idref="fl-14a"/>
      </object_component>
      <object_component id="oc-83">
         <name>.debug_info</name>
         <load_address>0xd8e9</load_address>
         <run_address>0xd8e9</run_address>
         <size>0x164</size>
         <input_file_ref idref="fl-14a"/>
      </object_component>
      <object_component id="oc-12d">
         <name>.debug_info</name>
         <load_address>0xda4d</load_address>
         <run_address>0xda4d</run_address>
         <size>0x2c</size>
         <input_file_ref idref="fl-14a"/>
      </object_component>
      <object_component id="oc-230">
         <name>.debug_info</name>
         <load_address>0xda79</load_address>
         <run_address>0xda79</run_address>
         <size>0xa9</size>
      </object_component>
      <object_component id="oc-1ae">
         <name>.debug_line</name>
         <load_address>0x0</load_address>
         <run_address>0x0</run_address>
         <size>0xad</size>
         <input_file_ref idref="fl-2"/>
      </object_component>
      <object_component id="oc-1a6">
         <name>.debug_line</name>
         <load_address>0xad</load_address>
         <run_address>0xad</run_address>
         <size>0x2d</size>
         <input_file_ref idref="fl-2"/>
      </object_component>
      <object_component id="oc-8e">
         <name>.debug_line</name>
         <load_address>0xda</load_address>
         <run_address>0xda</run_address>
         <size>0xd1</size>
         <input_file_ref idref="fl-2"/>
      </object_component>
      <object_component id="oc-113">
         <name>.debug_line</name>
         <load_address>0x1ab</load_address>
         <run_address>0x1ab</run_address>
         <size>0x40</size>
         <input_file_ref idref="fl-2"/>
      </object_component>
      <object_component id="oc-10e">
         <name>.debug_line</name>
         <load_address>0x1eb</load_address>
         <run_address>0x1eb</run_address>
         <size>0x20</size>
         <input_file_ref idref="fl-2"/>
      </object_component>
      <object_component id="oc-136">
         <name>.debug_line</name>
         <load_address>0x20b</load_address>
         <run_address>0x20b</run_address>
         <size>0x60</size>
         <input_file_ref idref="fl-2"/>
      </object_component>
      <object_component id="oc-1bd">
         <name>.debug_line</name>
         <load_address>0x26b</load_address>
         <run_address>0x26b</run_address>
         <size>0x45</size>
         <input_file_ref idref="fl-4"/>
      </object_component>
      <object_component id="oc-195">
         <name>.debug_line</name>
         <load_address>0x2b0</load_address>
         <run_address>0x2b0</run_address>
         <size>0x45</size>
         <input_file_ref idref="fl-4"/>
      </object_component>
      <object_component id="oc-151">
         <name>.debug_line</name>
         <load_address>0x2f5</load_address>
         <run_address>0x2f5</run_address>
         <size>0x5f</size>
         <input_file_ref idref="fl-4"/>
      </object_component>
      <object_component id="oc-14a">
         <name>.debug_line</name>
         <load_address>0x354</load_address>
         <run_address>0x354</run_address>
         <size>0x68</size>
         <input_file_ref idref="fl-4"/>
      </object_component>
      <object_component id="oc-ba">
         <name>.debug_line</name>
         <load_address>0x3bc</load_address>
         <run_address>0x3bc</run_address>
         <size>0x2e3</size>
         <input_file_ref idref="fl-4"/>
      </object_component>
      <object_component id="oc-1f4">
         <name>.debug_line</name>
         <load_address>0x69f</load_address>
         <run_address>0x69f</run_address>
         <size>0x82</size>
         <input_file_ref idref="fl-c"/>
      </object_component>
      <object_component id="oc-13d">
         <name>.debug_line</name>
         <load_address>0x721</load_address>
         <run_address>0x721</run_address>
         <size>0x95</size>
         <input_file_ref idref="fl-c"/>
      </object_component>
      <object_component id="oc-143">
         <name>.debug_line</name>
         <load_address>0x7b6</load_address>
         <run_address>0x7b6</run_address>
         <size>0xd1</size>
         <input_file_ref idref="fl-c"/>
      </object_component>
      <object_component id="oc-b4">
         <name>.debug_line</name>
         <load_address>0x887</load_address>
         <run_address>0x887</run_address>
         <size>0x93</size>
         <input_file_ref idref="fl-c"/>
      </object_component>
      <object_component id="oc-ea">
         <name>.debug_line</name>
         <load_address>0x91a</load_address>
         <run_address>0x91a</run_address>
         <size>0x92</size>
         <input_file_ref idref="fl-c"/>
      </object_component>
      <object_component id="oc-1b3">
         <name>.debug_line</name>
         <load_address>0x9ac</load_address>
         <run_address>0x9ac</run_address>
         <size>0x13d</size>
         <input_file_ref idref="fl-e"/>
      </object_component>
      <object_component id="oc-ae">
         <name>.debug_line</name>
         <load_address>0xae9</load_address>
         <run_address>0xae9</run_address>
         <size>0x94</size>
         <input_file_ref idref="fl-e"/>
      </object_component>
      <object_component id="oc-158">
         <name>.debug_line</name>
         <load_address>0xb7d</load_address>
         <run_address>0xb7d</run_address>
         <size>0x94</size>
         <input_file_ref idref="fl-e"/>
      </object_component>
      <object_component id="oc-1b7">
         <name>.debug_line</name>
         <load_address>0xc11</load_address>
         <run_address>0xc11</run_address>
         <size>0x7f</size>
         <input_file_ref idref="fl-e"/>
      </object_component>
      <object_component id="oc-73">
         <name>.debug_line</name>
         <load_address>0xc90</load_address>
         <run_address>0xc90</run_address>
         <size>0x20</size>
         <input_file_ref idref="fl-f"/>
      </object_component>
      <object_component id="oc-1ce">
         <name>.debug_line</name>
         <load_address>0xcb0</load_address>
         <run_address>0xcb0</run_address>
         <size>0xd6</size>
         <input_file_ref idref="fl-10"/>
      </object_component>
      <object_component id="oc-1cc">
         <name>.debug_line</name>
         <load_address>0xd86</load_address>
         <run_address>0xd86</run_address>
         <size>0x7c</size>
         <input_file_ref idref="fl-10"/>
      </object_component>
      <object_component id="oc-be">
         <name>.debug_line</name>
         <load_address>0xe02</load_address>
         <run_address>0xe02</run_address>
         <size>0xad</size>
         <input_file_ref idref="fl-10"/>
      </object_component>
      <object_component id="oc-1f2">
         <name>.debug_line</name>
         <load_address>0xeaf</load_address>
         <run_address>0xeaf</run_address>
         <size>0x7a</size>
         <input_file_ref idref="fl-11"/>
      </object_component>
      <object_component id="oc-1ee">
         <name>.debug_line</name>
         <load_address>0xf29</load_address>
         <run_address>0xf29</run_address>
         <size>0x1cd</size>
         <input_file_ref idref="fl-11"/>
      </object_component>
      <object_component id="oc-18e">
         <name>.debug_line</name>
         <load_address>0x10f6</load_address>
         <run_address>0x10f6</run_address>
         <size>0x22e</size>
         <input_file_ref idref="fl-11"/>
      </object_component>
      <object_component id="oc-e4">
         <name>.debug_line</name>
         <load_address>0x1324</load_address>
         <run_address>0x1324</run_address>
         <size>0x8f</size>
         <input_file_ref idref="fl-11"/>
      </object_component>
      <object_component id="oc-1e8">
         <name>.debug_line</name>
         <load_address>0x13b3</load_address>
         <run_address>0x13b3</run_address>
         <size>0x7a</size>
         <input_file_ref idref="fl-12"/>
      </object_component>
      <object_component id="oc-de">
         <name>.debug_line</name>
         <load_address>0x142d</load_address>
         <run_address>0x142d</run_address>
         <size>0xc2</size>
         <input_file_ref idref="fl-12"/>
      </object_component>
      <object_component id="oc-1d7">
         <name>.debug_line</name>
         <load_address>0x14ef</load_address>
         <run_address>0x14ef</run_address>
         <size>0x7b</size>
         <input_file_ref idref="fl-13"/>
      </object_component>
      <object_component id="oc-176">
         <name>.debug_line</name>
         <load_address>0x156a</load_address>
         <run_address>0x156a</run_address>
         <size>0x9b</size>
         <input_file_ref idref="fl-13"/>
      </object_component>
      <object_component id="oc-1dd">
         <name>.debug_line</name>
         <load_address>0x1605</load_address>
         <run_address>0x1605</run_address>
         <size>0xb7</size>
         <input_file_ref idref="fl-13"/>
      </object_component>
      <object_component id="oc-1e3">
         <name>.debug_line</name>
         <load_address>0x16bc</load_address>
         <run_address>0x16bc</run_address>
         <size>0xa4</size>
         <input_file_ref idref="fl-13"/>
      </object_component>
      <object_component id="oc-17c">
         <name>.debug_line</name>
         <load_address>0x1760</load_address>
         <run_address>0x1760</run_address>
         <size>0x92</size>
         <input_file_ref idref="fl-13"/>
      </object_component>
      <object_component id="oc-182">
         <name>.debug_line</name>
         <load_address>0x17f2</load_address>
         <run_address>0x17f2</run_address>
         <size>0x9d</size>
         <input_file_ref idref="fl-13"/>
      </object_component>
      <object_component id="oc-c9">
         <name>.debug_line</name>
         <load_address>0x188f</load_address>
         <run_address>0x188f</run_address>
         <size>0xbb</size>
         <input_file_ref idref="fl-13"/>
      </object_component>
      <object_component id="oc-d9">
         <name>.debug_line</name>
         <load_address>0x194a</load_address>
         <run_address>0x194a</run_address>
         <size>0x90</size>
         <input_file_ref idref="fl-13"/>
      </object_component>
      <object_component id="oc-1d3">
         <name>.debug_line</name>
         <load_address>0x19da</load_address>
         <run_address>0x19da</run_address>
         <size>0x9a</size>
         <input_file_ref idref="fl-13"/>
      </object_component>
      <object_component id="oc-16d">
         <name>.debug_line</name>
         <load_address>0x1a74</load_address>
         <run_address>0x1a74</run_address>
         <size>0xb7</size>
         <input_file_ref idref="fl-13"/>
      </object_component>
      <object_component id="oc-1c2">
         <name>.debug_line</name>
         <load_address>0x1b2b</load_address>
         <run_address>0x1b2b</run_address>
         <size>0x1f6</size>
         <input_file_ref idref="fl-13"/>
      </object_component>
      <object_component id="oc-d2">
         <name>.debug_line</name>
         <load_address>0x1d21</load_address>
         <run_address>0x1d21</run_address>
         <size>0x95</size>
         <input_file_ref idref="fl-13"/>
      </object_component>
      <object_component id="oc-160">
         <name>.debug_line</name>
         <load_address>0x1db6</load_address>
         <run_address>0x1db6</run_address>
         <size>0xc6</size>
         <input_file_ref idref="fl-13"/>
      </object_component>
      <object_component id="oc-c6">
         <name>.debug_line</name>
         <load_address>0x1e7c</load_address>
         <run_address>0x1e7c</run_address>
         <size>0x91</size>
         <input_file_ref idref="fl-13"/>
      </object_component>
      <object_component id="oc-1f8">
         <name>.debug_line</name>
         <load_address>0x1f0d</load_address>
         <run_address>0x1f0d</run_address>
         <size>0x20</size>
         <input_file_ref idref="fl-14"/>
      </object_component>
      <object_component id="oc-1f6">
         <name>.debug_line</name>
         <load_address>0x1f2d</load_address>
         <run_address>0x1f2d</run_address>
         <size>0x83</size>
         <input_file_ref idref="fl-14"/>
      </object_component>
      <object_component id="oc-19a">
         <name>.debug_line</name>
         <load_address>0x1fb0</load_address>
         <run_address>0x1fb0</run_address>
         <size>0x83</size>
         <input_file_ref idref="fl-14"/>
      </object_component>
      <object_component id="oc-1fc">
         <name>.debug_line</name>
         <load_address>0x2033</load_address>
         <run_address>0x2033</run_address>
         <size>0x20</size>
         <input_file_ref idref="fl-15"/>
      </object_component>
      <object_component id="oc-1fa">
         <name>.debug_line</name>
         <load_address>0x2053</load_address>
         <run_address>0x2053</run_address>
         <size>0x84</size>
         <input_file_ref idref="fl-15"/>
      </object_component>
      <object_component id="oc-1a3">
         <name>.debug_line</name>
         <load_address>0x20d7</load_address>
         <run_address>0x20d7</run_address>
         <size>0x84</size>
         <input_file_ref idref="fl-15"/>
      </object_component>
      <object_component id="oc-200">
         <name>.debug_line</name>
         <load_address>0x215b</load_address>
         <run_address>0x215b</run_address>
         <size>0x20</size>
         <input_file_ref idref="fl-16"/>
      </object_component>
      <object_component id="oc-1fe">
         <name>.debug_line</name>
         <load_address>0x217b</load_address>
         <run_address>0x217b</run_address>
         <size>0x87</size>
         <input_file_ref idref="fl-16"/>
      </object_component>
      <object_component id="oc-1ab">
         <name>.debug_line</name>
         <load_address>0x2202</load_address>
         <run_address>0x2202</run_address>
         <size>0x87</size>
         <input_file_ref idref="fl-16"/>
      </object_component>
      <object_component id="oc-209">
         <name>.debug_line</name>
         <load_address>0x2289</load_address>
         <run_address>0x2289</run_address>
         <size>0x20</size>
         <input_file_ref idref="fl-17"/>
      </object_component>
      <object_component id="oc-1ca">
         <name>.debug_line</name>
         <load_address>0x22a9</load_address>
         <run_address>0x22a9</run_address>
         <size>0x92</size>
         <input_file_ref idref="fl-17"/>
      </object_component>
      <object_component id="oc-25">
         <name>.debug_line</name>
         <load_address>0x233b</load_address>
         <run_address>0x233b</run_address>
         <size>0x52</size>
         <input_file_ref idref="fl-13a"/>
      </object_component>
      <object_component id="oc-6f">
         <name>.debug_line</name>
         <load_address>0x238d</load_address>
         <run_address>0x238d</run_address>
         <size>0x80</size>
         <input_file_ref idref="fl-13b"/>
      </object_component>
      <object_component id="oc-13">
         <name>.debug_line</name>
         <load_address>0x240d</load_address>
         <run_address>0x240d</run_address>
         <size>0x55</size>
         <input_file_ref idref="fl-13b"/>
      </object_component>
      <object_component id="oc-30">
         <name>.debug_line</name>
         <load_address>0x2462</load_address>
         <run_address>0x2462</run_address>
         <size>0x3a</size>
         <input_file_ref idref="fl-13b"/>
      </object_component>
      <object_component id="oc-6c">
         <name>.debug_line</name>
         <load_address>0x249c</load_address>
         <run_address>0x249c</run_address>
         <size>0x80</size>
         <input_file_ref idref="fl-13b"/>
      </object_component>
      <object_component id="oc-77">
         <name>.debug_line</name>
         <load_address>0x251c</load_address>
         <run_address>0x251c</run_address>
         <size>0x80</size>
         <input_file_ref idref="fl-13c"/>
      </object_component>
      <object_component id="oc-37">
         <name>.debug_line</name>
         <load_address>0x259c</load_address>
         <run_address>0x259c</run_address>
         <size>0x98</size>
         <input_file_ref idref="fl-13c"/>
      </object_component>
      <object_component id="oc-1a">
         <name>.debug_line</name>
         <load_address>0x2634</load_address>
         <run_address>0x2634</run_address>
         <size>0x4b</size>
         <input_file_ref idref="fl-13c"/>
      </object_component>
      <object_component id="oc-3e">
         <name>.debug_line</name>
         <load_address>0x267f</load_address>
         <run_address>0x267f</run_address>
         <size>0x39</size>
         <input_file_ref idref="fl-13c"/>
      </object_component>
      <object_component id="oc-7b">
         <name>.debug_line</name>
         <load_address>0x26b8</load_address>
         <run_address>0x26b8</run_address>
         <size>0x80</size>
         <input_file_ref idref="fl-13c"/>
      </object_component>
      <object_component id="oc-7f">
         <name>.debug_line</name>
         <load_address>0x2738</load_address>
         <run_address>0x2738</run_address>
         <size>0x80</size>
         <input_file_ref idref="fl-13d"/>
      </object_component>
      <object_component id="oc-1d">
         <name>.debug_line</name>
         <load_address>0x27b8</load_address>
         <run_address>0x27b8</run_address>
         <size>0x4f</size>
         <input_file_ref idref="fl-13d"/>
      </object_component>
      <object_component id="oc-49">
         <name>.debug_line</name>
         <load_address>0x2807</load_address>
         <run_address>0x2807</run_address>
         <size>0x34</size>
         <input_file_ref idref="fl-13d"/>
      </object_component>
      <object_component id="oc-12a">
         <name>.debug_line</name>
         <load_address>0x283b</load_address>
         <run_address>0x283b</run_address>
         <size>0x7f</size>
         <input_file_ref idref="fl-13e"/>
      </object_component>
      <object_component id="oc-128">
         <name>.debug_line</name>
         <load_address>0x28ba</load_address>
         <run_address>0x28ba</run_address>
         <size>0x2a</size>
         <input_file_ref idref="fl-13e"/>
      </object_component>
      <object_component id="oc-63">
         <name>.debug_line</name>
         <load_address>0x28e4</load_address>
         <run_address>0x28e4</run_address>
         <size>0x7a</size>
         <input_file_ref idref="fl-13e"/>
      </object_component>
      <object_component id="oc-f8">
         <name>.debug_line</name>
         <load_address>0x295e</load_address>
         <run_address>0x295e</run_address>
         <size>0xd2</size>
         <input_file_ref idref="fl-13f"/>
      </object_component>
      <object_component id="oc-100">
         <name>.debug_line</name>
         <load_address>0x2a30</load_address>
         <run_address>0x2a30</run_address>
         <size>0x59</size>
         <input_file_ref idref="fl-140"/>
      </object_component>
      <object_component id="oc-29">
         <name>.debug_line</name>
         <load_address>0x2a89</load_address>
         <run_address>0x2a89</run_address>
         <size>0x88</size>
         <input_file_ref idref="fl-141"/>
      </object_component>
      <object_component id="oc-41">
         <name>.debug_line</name>
         <load_address>0x2b11</load_address>
         <run_address>0x2b11</run_address>
         <size>0x79</size>
         <input_file_ref idref="fl-142"/>
      </object_component>
      <object_component id="oc-50">
         <name>.debug_line</name>
         <load_address>0x2b8a</load_address>
         <run_address>0x2b8a</run_address>
         <size>0x40</size>
         <input_file_ref idref="fl-143"/>
      </object_component>
      <object_component id="oc-9b">
         <name>.debug_line</name>
         <load_address>0x2bca</load_address>
         <run_address>0x2bca</run_address>
         <size>0x33</size>
         <input_file_ref idref="fl-144"/>
      </object_component>
      <object_component id="oc-f4">
         <name>.debug_line</name>
         <load_address>0x2bfd</load_address>
         <run_address>0x2bfd</run_address>
         <size>0x4c</size>
         <input_file_ref idref="fl-146"/>
      </object_component>
      <object_component id="oc-1b1">
         <name>.debug_line</name>
         <load_address>0x2c49</load_address>
         <run_address>0x2c49</run_address>
         <size>0x20</size>
         <input_file_ref idref="fl-147"/>
      </object_component>
      <object_component id="oc-124">
         <name>.debug_line</name>
         <load_address>0x2c69</load_address>
         <run_address>0x2c69</run_address>
         <size>0x2b</size>
         <input_file_ref idref="fl-147"/>
      </object_component>
      <object_component id="oc-121">
         <name>.debug_line</name>
         <load_address>0x2c94</load_address>
         <run_address>0x2c94</run_address>
         <size>0x68</size>
         <input_file_ref idref="fl-147"/>
      </object_component>
      <object_component id="oc-117">
         <name>.debug_line</name>
         <load_address>0x2cfc</load_address>
         <run_address>0x2cfc</run_address>
         <size>0x2b</size>
         <input_file_ref idref="fl-148"/>
      </object_component>
      <object_component id="oc-5c">
         <name>.debug_line</name>
         <load_address>0x2d27</load_address>
         <run_address>0x2d27</run_address>
         <size>0x50</size>
         <input_file_ref idref="fl-148"/>
      </object_component>
      <object_component id="oc-11b">
         <name>.debug_line</name>
         <load_address>0x2d77</load_address>
         <run_address>0x2d77</run_address>
         <size>0x2b</size>
         <input_file_ref idref="fl-148"/>
      </object_component>
      <object_component id="oc-9f">
         <name>.debug_line</name>
         <load_address>0x2da2</load_address>
         <run_address>0x2da2</run_address>
         <size>0x8f</size>
         <input_file_ref idref="fl-149"/>
      </object_component>
      <object_component id="oc-56">
         <name>.debug_line</name>
         <load_address>0x2e31</load_address>
         <run_address>0x2e31</run_address>
         <size>0x79</size>
         <input_file_ref idref="fl-149"/>
      </object_component>
      <object_component id="oc-a3">
         <name>.debug_line</name>
         <load_address>0x2eaa</load_address>
         <run_address>0x2eaa</run_address>
         <size>0x2e</size>
         <input_file_ref idref="fl-149"/>
      </object_component>
      <object_component id="oc-a8">
         <name>.debug_line</name>
         <load_address>0x2ed8</load_address>
         <run_address>0x2ed8</run_address>
         <size>0x81</size>
         <input_file_ref idref="fl-149"/>
      </object_component>
      <object_component id="oc-12c">
         <name>.debug_line</name>
         <load_address>0x2f59</load_address>
         <run_address>0x2f59</run_address>
         <size>0x8e</size>
         <input_file_ref idref="fl-14a"/>
      </object_component>
      <object_component id="oc-82">
         <name>.debug_line</name>
         <load_address>0x2fe7</load_address>
         <run_address>0x2fe7</run_address>
         <size>0x68</size>
         <input_file_ref idref="fl-14a"/>
      </object_component>
      <object_component id="oc-130">
         <name>.debug_line</name>
         <load_address>0x304f</load_address>
         <run_address>0x304f</run_address>
         <size>0x2e</size>
         <input_file_ref idref="fl-14a"/>
      </object_component>
      <object_component id="oc-8d">
         <name>.debug_frame</name>
         <load_address>0x0</load_address>
         <run_address>0x0</run_address>
         <size>0x8d</size>
         <input_file_ref idref="fl-2"/>
      </object_component>
      <object_component id="oc-152">
         <name>.debug_frame</name>
         <load_address>0x8d</load_address>
         <run_address>0x8d</run_address>
         <size>0x85</size>
         <input_file_ref idref="fl-4"/>
      </object_component>
      <object_component id="oc-14b">
         <name>.debug_frame</name>
         <load_address>0x112</load_address>
         <run_address>0x112</run_address>
         <size>0x8b</size>
         <input_file_ref idref="fl-4"/>
      </object_component>
      <object_component id="oc-bb">
         <name>.debug_frame</name>
         <load_address>0x19d</load_address>
         <run_address>0x19d</run_address>
         <size>0x17c</size>
         <input_file_ref idref="fl-4"/>
      </object_component>
      <object_component id="oc-13e">
         <name>.debug_frame</name>
         <load_address>0x319</load_address>
         <run_address>0x319</run_address>
         <size>0x7f</size>
         <input_file_ref idref="fl-c"/>
      </object_component>
      <object_component id="oc-144">
         <name>.debug_frame</name>
         <load_address>0x398</load_address>
         <run_address>0x398</run_address>
         <size>0x8f</size>
         <input_file_ref idref="fl-c"/>
      </object_component>
      <object_component id="oc-b5">
         <name>.debug_frame</name>
         <load_address>0x427</load_address>
         <run_address>0x427</run_address>
         <size>0x86</size>
         <input_file_ref idref="fl-c"/>
      </object_component>
      <object_component id="oc-eb">
         <name>.debug_frame</name>
         <load_address>0x4ad</load_address>
         <run_address>0x4ad</run_address>
         <size>0x7f</size>
         <input_file_ref idref="fl-c"/>
      </object_component>
      <object_component id="oc-af">
         <name>.debug_frame</name>
         <load_address>0x52c</load_address>
         <run_address>0x52c</run_address>
         <size>0x7f</size>
         <input_file_ref idref="fl-e"/>
      </object_component>
      <object_component id="oc-159">
         <name>.debug_frame</name>
         <load_address>0x5ab</load_address>
         <run_address>0x5ab</run_address>
         <size>0x7f</size>
         <input_file_ref idref="fl-e"/>
      </object_component>
      <object_component id="oc-bd">
         <name>.debug_frame</name>
         <load_address>0x62a</load_address>
         <run_address>0x62a</run_address>
         <size>0x86</size>
         <input_file_ref idref="fl-10"/>
      </object_component>
      <object_component id="oc-1ed">
         <name>.debug_frame</name>
         <load_address>0x6b0</load_address>
         <run_address>0x6b0</run_address>
         <size>0x9c</size>
         <input_file_ref idref="fl-11"/>
      </object_component>
      <object_component id="oc-18d">
         <name>.debug_frame</name>
         <load_address>0x74c</load_address>
         <run_address>0x74c</run_address>
         <size>0x9c</size>
         <input_file_ref idref="fl-11"/>
      </object_component>
      <object_component id="oc-e5">
         <name>.debug_frame</name>
         <load_address>0x7e8</load_address>
         <run_address>0x7e8</run_address>
         <size>0x8a</size>
         <input_file_ref idref="fl-11"/>
      </object_component>
      <object_component id="oc-df">
         <name>.debug_frame</name>
         <load_address>0x872</load_address>
         <run_address>0x872</run_address>
         <size>0x93</size>
         <input_file_ref idref="fl-12"/>
      </object_component>
      <object_component id="oc-177">
         <name>.debug_frame</name>
         <load_address>0x905</load_address>
         <run_address>0x905</run_address>
         <size>0x8e</size>
         <input_file_ref idref="fl-13"/>
      </object_component>
      <object_component id="oc-1de">
         <name>.debug_frame</name>
         <load_address>0x993</load_address>
         <run_address>0x993</run_address>
         <size>0x92</size>
         <input_file_ref idref="fl-13"/>
      </object_component>
      <object_component id="oc-1e4">
         <name>.debug_frame</name>
         <load_address>0xa25</load_address>
         <run_address>0xa25</run_address>
         <size>0x8e</size>
         <input_file_ref idref="fl-13"/>
      </object_component>
      <object_component id="oc-17d">
         <name>.debug_frame</name>
         <load_address>0xab3</load_address>
         <run_address>0xab3</run_address>
         <size>0x8e</size>
         <input_file_ref idref="fl-13"/>
      </object_component>
      <object_component id="oc-183">
         <name>.debug_frame</name>
         <load_address>0xb41</load_address>
         <run_address>0xb41</run_address>
         <size>0x92</size>
         <input_file_ref idref="fl-13"/>
      </object_component>
      <object_component id="oc-cd">
         <name>.debug_frame</name>
         <load_address>0xbd3</load_address>
         <run_address>0xbd3</run_address>
         <size>0x92</size>
         <input_file_ref idref="fl-13"/>
      </object_component>
      <object_component id="oc-d8">
         <name>.debug_frame</name>
         <load_address>0xc65</load_address>
         <run_address>0xc65</run_address>
         <size>0x8e</size>
         <input_file_ref idref="fl-13"/>
      </object_component>
      <object_component id="oc-1d4">
         <name>.debug_frame</name>
         <load_address>0xcf3</load_address>
         <run_address>0xcf3</run_address>
         <size>0x8a</size>
         <input_file_ref idref="fl-13"/>
      </object_component>
      <object_component id="oc-16e">
         <name>.debug_frame</name>
         <load_address>0xd7d</load_address>
         <run_address>0xd7d</run_address>
         <size>0x8a</size>
         <input_file_ref idref="fl-13"/>
      </object_component>
      <object_component id="oc-1c3">
         <name>.debug_frame</name>
         <load_address>0xe07</load_address>
         <run_address>0xe07</run_address>
         <size>0x9b</size>
         <input_file_ref idref="fl-13"/>
      </object_component>
      <object_component id="oc-d3">
         <name>.debug_frame</name>
         <load_address>0xea2</load_address>
         <run_address>0xea2</run_address>
         <size>0x8a</size>
         <input_file_ref idref="fl-13"/>
      </object_component>
      <object_component id="oc-161">
         <name>.debug_frame</name>
         <load_address>0xf2c</load_address>
         <run_address>0xf2c</run_address>
         <size>0x99</size>
         <input_file_ref idref="fl-13"/>
      </object_component>
      <object_component id="oc-c7">
         <name>.debug_frame</name>
         <load_address>0xfc5</load_address>
         <run_address>0xfc5</run_address>
         <size>0x7f</size>
         <input_file_ref idref="fl-13"/>
      </object_component>
      <object_component id="oc-1c6">
         <name>.debug_frame</name>
         <load_address>0x1044</load_address>
         <run_address>0x1044</run_address>
         <size>0x7f</size>
         <input_file_ref idref="fl-17"/>
      </object_component>
      <object_component id="oc-14">
         <name>.debug_frame</name>
         <load_address>0x10c3</load_address>
         <run_address>0x10c3</run_address>
         <size>0x7f</size>
         <input_file_ref idref="fl-13b"/>
      </object_component>
      <object_component id="oc-38">
         <name>.debug_frame</name>
         <load_address>0x1142</load_address>
         <run_address>0x1142</run_address>
         <size>0x8e</size>
         <input_file_ref idref="fl-13c"/>
      </object_component>
      <object_component id="oc-19">
         <name>.debug_frame</name>
         <load_address>0x11d0</load_address>
         <run_address>0x11d0</run_address>
         <size>0x7f</size>
         <input_file_ref idref="fl-13c"/>
      </object_component>
      <object_component id="oc-1e">
         <name>.debug_frame</name>
         <load_address>0x124f</load_address>
         <run_address>0x124f</run_address>
         <size>0x7f</size>
         <input_file_ref idref="fl-13d"/>
      </object_component>
      <object_component id="oc-62">
         <name>.debug_frame</name>
         <load_address>0x12ce</load_address>
         <run_address>0x12ce</run_address>
         <size>0xb3</size>
         <input_file_ref idref="fl-13e"/>
      </object_component>
      <object_component id="oc-51">
         <name>.debug_frame</name>
         <load_address>0x1381</load_address>
         <run_address>0x1381</run_address>
         <size>0x7f</size>
         <input_file_ref idref="fl-143"/>
      </object_component>
      <object_component id="oc-122">
         <name>.debug_frame</name>
         <load_address>0x1400</load_address>
         <run_address>0x1400</run_address>
         <size>0xa1</size>
         <input_file_ref idref="fl-147"/>
      </object_component>
      <object_component id="oc-5d">
         <name>.debug_frame</name>
         <load_address>0x14a1</load_address>
         <run_address>0x14a1</run_address>
         <size>0x7f</size>
         <input_file_ref idref="fl-148"/>
[...]
            <object_component_ref idref="oc-ac"/>
            <object_component_ref idref="oc-156"/>
            <object_component_ref idref="oc-167"/>
            <object_component_ref idref="oc-164"/>
            <object_component_ref idref="oc-c1"/>
            <object_component_ref idref="oc-191"/>
            <object_component_ref idref="oc-1eb"/>
            <object_component_ref idref="oc-18c"/>
            <object_component_ref idref="oc-e2"/>
            <object_component_ref idref="oc-dc"/>
            <object_component_ref idref="oc-171"/>
            <object_component_ref idref="oc-175"/>
            <object_component_ref idref="oc-1dc"/>
            <object_component_ref idref="oc-1e2"/>
            <object_component_ref idref="oc-17b"/>
            <object_component_ref idref="oc-181"/>
            <object_component_ref idref="oc-cc"/>
            <object_component_ref idref="oc-d7"/>
            <object_component_ref idref="oc-1d2"/>
            <object_component_ref idref="oc-16c"/>
            <object_component_ref idref="oc-1c1"/>
            <object_component_ref idref="oc-d1"/>
            <object_component_ref idref="oc-15e"/>
            <object_component_ref idref="oc-c5"/>
            <object_component_ref idref="oc-198"/>
            <object_component_ref idref="oc-f1"/>
            <object_component_ref idref="oc-1a1"/>
            <object_component_ref idref="oc-103"/>
            <object_component_ref idref="oc-1a9"/>
            <object_component_ref idref="oc-109"/>
            <object_component_ref idref="oc-1c9"/>
            <object_component_ref idref="oc-24"/>
            <object_component_ref idref="oc-11"/>
            <object_component_ref idref="oc-35"/>
            <object_component_ref idref="oc-17"/>
            <object_component_ref idref="oc-20"/>
            <object_component_ref idref="oc-96"/>
            <object_component_ref idref="oc-61"/>
            <object_component_ref idref="oc-fb"/>
            <object_component_ref idref="oc-ff"/>
            <object_component_ref idref="oc-2b"/>
            <object_component_ref idref="oc-43"/>
            <object_component_ref idref="oc-4f"/>
            <object_component_ref idref="oc-66"/>
            <object_component_ref idref="oc-f6"/>
            <object_component_ref idref="oc-93"/>
            <object_component_ref idref="oc-120"/>
            <object_component_ref idref="oc-5a"/>
            <object_component_ref idref="oc-55"/>
            <object_component_ref idref="oc-84"/>
         </contents>
      </logical_group>
      <logical_group id="lg-229" display="never" color="cyan">
         <name>.debug_pubtypes</name>
         <load_address>0x0</load_address>
         <run_address>0x0</run_address>
         <size>0x6c9</size>
         <contents>
            <object_component_ref idref="oc-111"/>
            <object_component_ref idref="oc-10c"/>
            <object_component_ref idref="oc-134"/>
            <object_component_ref idref="oc-1b5"/>
            <object_component_ref idref="oc-71"/>
            <object_component_ref idref="oc-2e"/>
            <object_component_ref idref="oc-6a"/>
            <object_component_ref idref="oc-3c"/>
            <object_component_ref idref="oc-79"/>
            <object_component_ref idref="oc-47"/>
            <object_component_ref idref="oc-99"/>
            <object_component_ref idref="oc-126"/>
            <object_component_ref idref="oc-119"/>
            <object_component_ref idref="oc-a1"/>
            <object_component_ref idref="oc-a6"/>
            <object_component_ref idref="oc-12e"/>
         </contents>
      </logical_group>
      <load_segment id="lg-23b" display="no" color="cyan">
         <name>SEGMENT_0</name>
         <load_address>0x0</load_address>
         <run_address>0x0</run_address>
         <size>0x36b8</size>
         <flags>0x5</flags>
         <contents>
            <logical_group_ref idref="lg-4"/>
            <logical_group_ref idref="lg-5"/>
            <logical_group_ref idref="lg-6"/>
         </contents>
      </load_segment>
      <load_segment id="lg-23c" display="no" color="cyan">
         <name>SEGMENT_1</name>
         <run_address>0x20000000</run_address>
         <size>0x238</size>
         <flags>0x6</flags>
         <contents>
            <logical_group_ref idref="lg-d"/>
            <logical_group_ref idref="lg-b"/>
            <logical_group_ref idref="lg-a"/>
         </contents>
      </load_segment>
   </logical_group_list>
   <placement_map>
      <memory_area display="yes" color="green">
         <name>FLASH</name>
         <page_id>0x0</page_id>
         <origin>0x0</origin>
         <length>0x40000</length>
         <used_space>0x36b8</used_space>
         <unused_space>0x3c948</unused_space>
         <attributes>RX</attributes>
         <usage_details>
            <allocated_space>
               <start_address>0x0</start_address>
               <size>0x2224</size>
               <logical_group_ref idref="lg-4"/>
            </allocated_space>
            <allocated_space>
               <start_address>0x2224</start_address>
               <size>0x145c</size>
               <logical_group_ref idref="lg-5"/>
            </allocated_space>
            <allocated_space>
               <start_address>0x3680</start_address>
               <size>0x38</size>
               <logical_group_ref idref="lg-6"/>
            </allocated_space>
            <available_space>
               <start_address>0x36b8</start_address>
               <size>0x3c948</size>
            </available_space>
         </usage_details>
      </memory_area>
      <memory_area display="yes" color="green">
         <name>SRAM</name>
         <page_id>0x0</page_id>
         <origin>0x20000000</origin>
         <length>0x8000</length>
         <used_space>0x238</used_space>
         <unused_space>0x7dc8</unused_space>
         <attributes>RWX</attributes>
         <usage_details>
            <allocated_space>
               <start_address>0x20000000</start_address>
               <size>0x200</size>
               <logical_group_ref idref="lg-d"/>
            </allocated_space>
            <allocated_space>
               <start_address>0x20000200</start_address>
               <size>0x24</size>
               <logical_group_ref idref="lg-20a"/>
            </allocated_space>
            <allocated_space>
               <start_address>0x20000224</start_address>
               <size>0x14</size>
               <logical_group_ref idref="lg-20c"/>
            </allocated_space>
            <available_space>
               <start_address>0x20000238</start_address>
               <size>0x7dc8</size>
            </available_space>
         </usage_details>
      </memory_area>
   </placement_map>
   <cptbl_list>
      <cptbl>
         <name>__TI_cinit_table</name>
         <cprec>
            <name>.data</name>
            <load_address>0x3680</load_address>
            <load_size>0xf</load_size>
            <run_address>0x20000224</run_address>
            <run_size>0x14</run_size>
            <compression>rle</compression>
         </cprec>
         <cprec>
            <name>.bss</name>
            <load_address>0x36a0</load_address>
            <load_size>0x8</load_size>
            <run_address>0x20000200</run_address>
            <run_size>0x24</run_size>
            <compression>zero_init</compression>
         </cprec>
      </cptbl>
   </cptbl_list>
   <handler_table>
      <handler_table_name>__TI_handler_table</handler_table_name>
      <handler>
         <index>0x0</index>
         <name>__TI_decompress_rle24</name>
      </handler>
      <handler>
         <index>0x1</index>
         <name>__TI_decompress_none</name>
      </handler>
      <handler>
         <index>0x2</index>
         <name>__TI_zero_init</name>
      </handler>
   </handler_table>
   <symbol_table>
      <symbol id="sm-1">
         <name>__STACK_TOP</name>
         <value>0x20000200</value>
      </symbol>
      <symbol id="sm-2">
         <name>__TI_CINIT_Base</name>
         <value>0x36a8</value>
      </symbol>
      <symbol id="sm-3">
         <name>__TI_CINIT_Limit</name>
         <value>0x36b8</value>
      </symbol>
      <symbol id="sm-4">
         <name>__TI_Handler_Table_Base</name>
         <value>0x3690</value>
      </symbol>
      <symbol id="sm-5">
         <name>__TI_Handler_Table_Limit</name>
         <value>0x369c</value>
      </symbol>
      <symbol id="sm-6">
         <name>binit</name>
         <value>0xffffffff</value>
      </symbol>
      <symbol id="sm-7">
         <name>__binit__</name>
         <value>0xffffffff</value>
      </symbol>
      <symbol id="sm-8">
         <name>__STACK_SIZE</name>
         <value>0x200</value>
      </symbol>
      <symbol id="sm-9">
         <name>__STACK_END</name>
         <value>0x20000200</value>
      </symbol>
      <symbol id="sm-a">
         <name>__c_args__</name>
         <value>0xffffffff</value>
      </symbol>
      <symbol id="sm-63">
         <name>main</name>
         <value>0x9d5</value>
         <object_component_ref idref="oc-89"/>
      </symbol>
      <symbol id="sm-64">
         <name>TI_logo</name>
         <value>0x3648</value>
         <object_component_ref idref="oc-104"/>
      </symbol>
      <symbol id="sm-ce">
         <name>TFT_HW_SetRect</name>
         <value>0x1ac5</value>
         <object_component_ref idref="oc-146"/>
      </symbol>
      <symbol id="sm-cf">
         <name>TFT_HW_Command</name>
         <value>0x1</value>
         <object_component_ref idref="oc-b6"/>
      </symbol>
      <symbol id="sm-d0">
         <name>ILI9341_240x320x262K_Init</name>
         <value>0x4b7</value>
         <object_component_ref idref="oc-b6"/>
      </symbol>
      <symbol id="sm-d1">
         <name>TFT_HW_Write</name>
         <value>0x20bd</value>
         <object_component_ref idref="oc-14d"/>
      </symbol>
      <symbol id="sm-d2">
         <name>TFT_HW_Read</name>
         <value>0x33</value>
         <object_component_ref idref="oc-b6"/>
      </symbol>
      <symbol id="sm-d3">
         <name>g_sILI9341_240x320x262K</name>
         <value>0x3620</value>
         <object_component_ref idref="oc-ec"/>
      </symbol>
      <symbol id="sm-fa">
         <name>GPIOPinTypeGPIOInput</name>
         <value>0x21cd</value>
         <object_component_ref idref="oc-b0"/>
      </symbol>
      <symbol id="sm-fb">
         <name>GPIOPinRead</name>
         <value>0x220f</value>
         <object_component_ref idref="oc-e6"/>
      </symbol>
      <symbol id="sm-fc">
         <name>GPIODirModeSet</name>
         <value>0x2093</value>
         <object_component_ref idref="oc-139"/>
      </symbol>
      <symbol id="sm-fd">
         <name>GPIOPadConfigSet</name>
         <value>0x1837</value>
         <object_component_ref idref="oc-13f"/>
      </symbol>
      <symbol id="sm-11c">
         <name>SysCtlGPIOAHBEnable</name>
         <value>0x216d</value>
         <object_component_ref idref="oc-154"/>
      </symbol>
      <symbol id="sm-11d">
         <name>SysCtlPeripheralEnable</name>
         <value>0x2005</value>
         <object_component_ref idref="oc-aa"/>
      </symbol>
      <symbol id="sm-13e">
         <name>GrContextInit</name>
         <value>0x1d2d</value>
         <object_component_ref idref="oc-bc"/>
      </symbol>
      <symbol id="sm-13f">
         <name>g_psDefaultCodePointMapTable</name>
         <value>0x3670</value>
         <object_component_ref idref="oc-162"/>
      </symbol>
      <symbol id="sm-196">
         <name>GrImageDraw</name>
         <value>0x21df</value>
         <object_component_ref idref="oc-e0"/>
      </symbol>
      <symbol id="sm-1a4">
         <name>GrRectFill</name>
         <value>0x1b55</value>
         <object_component_ref idref="oc-da"/>
      </symbol>
      <symbol id="sm-247">
         <name>GrFontInfoGet</name>
         <value>0x20e5</value>
         <object_component_ref idref="oc-17e"/>
      </symbol>
      <symbol id="sm-248">
         <name>GrDefaultStringRenderer</name>
         <value>0x1969</value>
         <object_component_ref idref="oc-15c"/>
      </symbol>
      <symbol id="sm-249">
         <name>GrFontGlyphRender</name>
         <value>0x142d</value>
         <object_component_ref idref="oc-1be"/>
      </symbol>
      <symbol id="sm-24a">
         <name>GrContextFontSet</name>
         <value>0x2215</value>
         <object_component_ref idref="oc-c2"/>
      </symbol>
      <symbol id="sm-24b">
         <name>GrFontGlyphDataGet</name>
         <value>0x210b</value>
         <object_component_ref idref="oc-178"/>
      </symbol>
      <symbol id="sm-24c">
         <name>GrStringDraw</name>
         <value>0x21a1</value>
         <object_component_ref idref="oc-d4"/>
      </symbol>
      <symbol id="sm-24d">
         <name>GrFontCodepageGet</name>
         <value>0x214d</value>
         <object_component_ref idref="oc-1cf"/>
      </symbol>
      <symbol id="sm-24e">
         <name>GrStringNextCharGet</name>
         <value>0x2039</value>
         <object_component_ref idref="oc-172"/>
      </symbol>
      <symbol id="sm-24f">
         <name>GrStringWidthGet</name>
         <value>0x1d95</value>
         <object_component_ref idref="oc-c8"/>
      </symbol>
      <symbol id="sm-250">
         <name>GrFontBaselineGet</name>
         <value>0x2067</value>
         <object_component_ref idref="oc-ce"/>
      </symbol>
      <symbol id="sm-262">
         <name>g_sFontCm12</name>
         <value>0x33c8</value>
         <object_component_ref idref="oc-ef"/>
      </symbol>
      <symbol id="sm-274">
         <name>g_sFontCm20b</name>
         <value>0x3490</value>
         <object_component_ref idref="oc-101"/>
      </symbol>
      <symbol id="sm-286">
         <name>g_sFontFixed6x8</name>
         <value>0x3558</value>
         <object_component_ref idref="oc-107"/>
      </symbol>
      <symbol id="sm-293">
         <name>GrMapISO8859_1_Unicode</name>
         <value>0x2207</value>
         <object_component_ref idref="oc-1c5"/>
      </symbol>
      <symbol id="sm-2a6">
         <name>_c_int00</name>
         <value>0x1e59</value>
         <object_component_ref idref="oc-21"/>
      </symbol>
      <symbol id="sm-2a7">
         <name>__stack</name>
         <value>0x20000000</value>
         <object_component_ref idref="oc-26"/>
      </symbol>
      <symbol id="sm-2be">
         <name>__TI_decompress_none</name>
         <value>0x21ed</value>
         <object_component_ref idref="oc-f"/>
      </symbol>
      <symbol id="sm-2e6">
         <name>__TI_decompress_rle24</name>
         <value>0x221b</value>
         <object_component_ref idref="oc-15"/>
      </symbol>
      <symbol id="sm-2f8">
         <name>__TI_zero_init</name>
         <value>0x21fb</value>
         <object_component_ref idref="oc-1b"/>
      </symbol>
      <symbol id="sm-317">
         <name>C$$EXIT</name>
         <value>0x1f41</value>
         <object_component_ref idref="oc-5e"/>
      </symbol>
      <symbol id="sm-318">
         <name>abort</name>
         <value>0x1f45</value>
         <object_component_ref idref="oc-5e"/>
      </symbol>
      <symbol id="sm-319">
         <name>exit</name>
         <value>0x1f4d</value>
         <object_component_ref idref="oc-5e"/>
      </symbol>
      <symbol id="sm-31a">
         <name>__TI_dtors_ptr</name>
         <value>0x20000230</value>
         <object_component_ref idref="oc-94"/>
      </symbol>
      <symbol id="sm-31b">
         <name>__TI_cleanup_ptr</name>
         <value>0x2000022c</value>
         <object_component_ref idref="oc-94"/>
      </symbol>
      <symbol id="sm-33f">
         <name>__aeabi_dsub</name>
         <value>0x1681</value>
         <object_component_ref idref="oc-f7"/>
      </symbol>
      <symbol id="sm-340">
         <name>__aeabi_dadd</name>
         <value>0x168b</value>
         <object_component_ref idref="oc-f7"/>
      </symbol>
      <symbol id="sm-34d">
         <name>__aeabi_d2uiz</name>
         <value>0x1f85</value>
         <object_component_ref idref="oc-fc"/>
      </symbol>
      <symbol id="sm-368">
         <name>memcpy</name>
         <value>0x1a29</value>
         <object_component_ref idref="oc-27"/>
      </symbol>
      <symbol id="sm-369">
         <name>__aeabi_memcpy</name>
         <value>0x1a29</value>
         <object_component_ref idref="oc-27"/>
      </symbol>
      <symbol id="sm-36a">
         <name>__aeabi_memcpy8</name>
         <value>0x1a29</value>
         <object_component_ref idref="oc-27"/>
      </symbol>
      <symbol id="sm-36b">
         <name>__aeabi_memcpy4</name>
         <value>0x1a29</value>
         <object_component_ref idref="oc-27"/>
      </symbol>
      <symbol id="sm-37a">
         <name>__aeabi_memset</name>
         <value>0x1bdd</value>
         <object_component_ref idref="oc-40"/>
      </symbol>
      <symbol id="sm-37b">
         <name>memset</name>
         <value>0x1be3</value>
         <object_component_ref idref="oc-40"/>
      </symbol>
      <symbol id="sm-37c">
         <name>__aeabi_memset8</name>
         <value>0x1bdd</value>
         <object_component_ref idref="oc-40"/>
      </symbol>
      <symbol id="sm-37d">
         <name>__aeabi_memset4</name>
         <value>0x1bdd</value>
         <object_component_ref idref="oc-40"/>
      </symbol>
      <symbol id="sm-37e">
         <name>__aeabi_memclr8</name>
         <value>0x1bdb</value>
         <object_component_ref idref="oc-40"/>
      </symbol>
      <symbol id="sm-37f">
         <name>__aeabi_memclr4</name>
         <value>0x1bdb</value>
         <object_component_ref idref="oc-40"/>
      </symbol>
      <symbol id="sm-380">
         <name>__aeabi_memclr</name>
         <value>0x1bdb</value>
         <object_component_ref idref="oc-40"/>
      </symbol>
      <symbol id="sm-38a">
         <name>_system_pre_init</name>
         <value>0x2221</value>
         <object_component_ref idref="oc-4c"/>
      </symbol>
      <symbol id="sm-392">
         <name>main_func_sp</name>
         <value>0x20000234</value>
         <object_component_ref idref="oc-64"/>
      </symbol>
      <symbol id="sm-3a2">
         <name>__aeabi_ui2d</name>
         <value>0x212d</value>
         <object_component_ref idref="oc-f2"/>
      </symbol>
      <symbol id="sm-3bb">
         <name>_nop</name>
         <value>0x21c7</value>
         <object_component_ref idref="oc-11d"/>
      </symbol>
      <symbol id="sm-3bc">
         <name>_lock</name>
         <value>0x20000224</value>
         <object_component_ref idref="oc-91"/>
      </symbol>
      <symbol id="sm-3bd">
         <name>_unlock</name>
         <value>0x20000228</value>
         <object_component_ref idref="oc-91"/>
      </symbol>
      <symbol id="sm-3be">
         <name>_register_lock</name>
         <value>0x21bf</value>
         <object_component_ref idref="oc-11d"/>
      </symbol>
      <symbol id="sm-3bf">
         <name>_register_unlock</name>
         <value>0x21b9</value>
         <object_component_ref idref="oc-11d"/>
      </symbol>
      <symbol id="sm-3d4">
         <name>_args_main</name>
         <value>0x2189</value>
         <object_component_ref idref="oc-58"/>
      </symbol>
      <symbol id="sm-3fa">
         <name>__TI_auto_init</name>
         <value>0x1c55</value>
         <object_component_ref idref="oc-52"/>
      </symbol>
      <symbol id="sm-414">
         <name>copy_in</name>
         <value>0x1ea9</value>
         <object_component_ref idref="oc-81"/>
      </symbol>
      <symbol id="sm-416">
         <name>__TI_static_base__</name>
         <value>0x0</value>
      </symbol>
      <symbol id="sm-419">
         <name>SHT$$INIT_ARRAY$$Limit</name>
         <value>0x0</value>
      </symbol>
      <symbol id="sm-41a">
         <name>SHT$$INIT_ARRAY$$Base</name>
         <value>0x0</value>
      </symbol>
   </symbol_table>
   <title>Link successful</title>
</link_info>
