<?xml version="1.0"?>
<link_info>
   <banner>TMS470 Linker PC v4.9.8</banner>
   <copyright>Copyright (c) 1996-2013 Texas Instruments Incorporated</copyright>
   <link_time>0x52662c51</link_time>
   <output_file>LCD.hex</output_file>
   <entry_point>
      <name>_c_int00</name>
      <address>0x237d</address>
   </entry_point>
   <input_file_list>
      <input_file id="fl-2">
         <path>.\drivers\</path>
         <kind>object</kind>
         <file>touch.obj</file>
         <name>touch.obj</name>
      </input_file>
      <input_file id="fl-3">
         <path>.\drivers\</path>
         <kind>object</kind>
         <file>ili9341_240x320x262K.obj</file>
         <name>ili9341_240x320x262K.obj</name>
      </input_file>
      <input_file id="fl-4">
         <path>.\utils\</path>
         <kind>object</kind>
         <file>uartstdio.obj</file>
         <name>uartstdio.obj</name>
      </input_file>
      <input_file id="fl-5">
         <path>.\</path>
         <kind>object</kind>
         <file>startup_ccs.obj</file>
         <name>startup_ccs.obj</name>
      </input_file>
      <input_file id="fl-6">
         <path>.\</path>
         <kind>object</kind>
         <file>main.obj</file>
         <name>main.obj</name>
      </input_file>
      <input_file id="fl-d">
         <path>C:\ti\TivaWare\driverlib\ccs\Debug\</path>
         <kind>archive</kind>
         <file>driverlib.lib</file>
         <name>sysctl.obj</name>
      </input_file>
      <input_file id="fl-e">
         <path>C:\ti\TivaWare\driverlib\ccs\Debug\</path>
         <kind>archive</kind>
         <file>driverlib.lib</file>
         <name>interrupt.obj</name>
      </input_file>
      <input_file id="fl-f">
         <path>C:\ti\TivaWare\driverlib\ccs\Debug\</path>
         <kind>archive</kind>
         <file>driverlib.lib</file>
         <name>gpio.obj</name>
      </input_file>
      <input_file id="fl-10">
         <path>C:\ti\TivaWare\driverlib\ccs\Debug\</path>
         <kind>archive</kind>
         <file>driverlib.lib</file>
         <name>cpu.obj</name>
      </input_file>
      <input_file id="fl-11">
         <path>C:\ti\TivaWare\grlib\ccs\Debug\</path>
         <kind>archive</kind>
         <file>grlib.lib</file>
         <name>fontcm16b.obj</name>
      </input_file>
      <input_file id="fl-12">
         <path>C:\ti\TivaWare\grlib\ccs\Debug\</path>
         <kind>archive</kind>
         <file>grlib.lib</file>
         <name>fontcm14b.obj</name>
      </input_file>
      <input_file id="fl-13">
         <path>C:\ti\TivaWare\grlib\ccs\Debug\</path>
         <kind>archive</kind>
         <file>grlib.lib</file>
         <name>fontcm12.obj</name>
      </input_file>
      <input_file id="fl-14">
         <path>C:\ti\TivaWare\grlib\ccs\Debug\</path>
         <kind>archive</kind>
         <file>grlib.lib</file>
         <name>string.obj</name>
      </input_file>
      <input_file id="fl-15">
         <path>C:\ti\TivaWare\grlib\ccs\Debug\</path>
         <kind>archive</kind>
         <file>grlib.lib</file>
         <name>line.obj</name>
      </input_file>
      <input_file id="fl-16">
         <path>C:\ti\TivaWare\grlib\ccs\Debug\</path>
         <kind>archive</kind>
         <file>grlib.lib</file>
         <name>context.obj</name>
      </input_file>
      <input_file id="fl-17">
         <path>C:\ti\TivaWare\grlib\ccs\Debug\</path>
         <kind>archive</kind>
         <file>grlib.lib</file>
         <name>charmap.obj</name>
      </input_file>
      <input_file id="fl-e1">
         <path>C:\ti\ccsv5\tools\compiler\arm_4.9.8\lib\</path>
         <kind>archive</kind>
         <file>rtsv7M4_T_le_v4SPD16_eabi.lib</file>
         <name>boot.obj</name>
      </input_file>
      <input_file id="fl-e2">
         <path>C:\ti\ccsv5\tools\compiler\arm_4.9.8\lib\</path>
         <kind>archive</kind>
         <file>rtsv7M4_T_le_v4SPD16_eabi.lib</file>
         <name>copy_decompress_none.obj</name>
      </input_file>
      <input_file id="fl-e3">
         <path>C:\ti\ccsv5\tools\compiler\arm_4.9.8\lib\</path>
         <kind>archive</kind>
         <file>rtsv7M4_T_le_v4SPD16_eabi.lib</file>
         <name>copy_decompress_rle.obj</name>
      </input_file>
      <input_file id="fl-e4">
         <path>C:\ti\ccsv5\tools\compiler\arm_4.9.8\lib\</path>
         <kind>archive</kind>
         <file>rtsv7M4_T_le_v4SPD16_eabi.lib</file>
         <name>copy_zero_init.obj</name>
      </input_file>
      <input_file id="fl-e5">
         <path>C:\ti\ccsv5\tools\compiler\arm_4.9.8\lib\</path>
         <kind>archive</kind>
         <file>rtsv7M4_T_le_v4SPD16_eabi.lib</file>
         <name>exit.obj</name>
      </input_file>
      <input_file id="fl-e6">
         <path>C:\ti\ccsv5\tools\compiler\arm_4.9.8\lib\</path>
         <kind>archive</kind>
         <file>rtsv7M4_T_le_v4SPD16_eabi.lib</file>
         <name>memcpy_t2.obj</name>
      </input_file>
      <input_file id="fl-e7">
         <path>C:\ti\ccsv5\tools\compiler\arm_4.9.8\lib\</path>
         <kind>archive</kind>
         <file>rtsv7M4_T_le_v4SPD16_eabi.lib</file>
         <name>sprintf.obj</name>
      </input_file>
      <input_file id="fl-e8">
         <path>C:\ti\ccsv5\tools\compiler\arm_4.9.8\lib\</path>
         <kind>archive</kind>
         <file>rtsv7M4_T_le_v4SPD16_eabi.lib</file>
         <name>stkdepth_vars.obj</name>
      </input_file>
      <input_file id="fl-e9">
         <path>C:\ti\ccsv5\tools\compiler\arm_4.9.8\lib\</path>
         <kind>archive</kind>
         <file>rtsv7M4_T_le_v4SPD16_eabi.lib</file>
         <name>u_divt2.obj</name>
      </input_file>
      <input_file id="fl-ea">
         <path>C:\ti\ccsv5\tools\compiler\arm_4.9.8\lib\</path>
         <kind>archive</kind>
         <file>rtsv7M4_T_le_v4SPD16_eabi.lib</file>
         <name>_lock.obj</name>
      </input_file>
      <input_file id="fl-eb">
         <path>C:\ti\ccsv5\tools\compiler\arm_4.9.8\lib\</path>
         <kind>archive</kind>
         <file>rtsv7M4_T_le_v4SPD16_eabi.lib</file>
         <name>_printfi_min.obj</name>
      </input_file>
      <input_file id="fl-ec">
         <path>C:\ti\ccsv5\tools\compiler\arm_4.9.8\lib\</path>
         <kind>archive</kind>
         <file>rtsv7M4_T_le_v4SPD16_eabi.lib</file>
         <name>args_main.obj</name>
      </input_file>
      <input_file id="fl-ed">
         <path>C:\ti\ccsv5\tools\compiler\arm_4.9.8\lib\</path>
         <kind>archive</kind>
         <file>rtsv7M4_T_le_v4SPD16_eabi.lib</file>
         <name>auto_init.obj</name>
      </input_file>
      <input_file id="fl-ee">
         <path>C:\ti\ccsv5\tools\compiler\arm_4.9.8\lib\</path>
         <kind>archive</kind>
         <file>rtsv7M4_T_le_v4SPD16_eabi.lib</file>
         <name>cpy_tbl.obj</name>
      </input_file>
      <input_file id="fl-ef">
         <path>C:\ti\ccsv5\tools\compiler\arm_4.9.8\lib\</path>
         <kind>archive</kind>
         <file>rtsv7M4_T_le_v4SPD16_eabi.lib</file>
         <name>memccpy.obj</name>
      </input_file>
      <input_file id="fl-f0">
         <path>C:\ti\ccsv5\tools\compiler\arm_4.9.8\lib\</path>
         <kind>archive</kind>
         <file>rtsv7M4_T_le_v4SPD16_eabi.lib</file>
         <name>memset_t2.obj</name>
      </input_file>
      <input_file id="fl-f1">
         <path>C:\ti\ccsv5\tools\compiler\arm_4.9.8\lib\</path>
         <kind>archive</kind>
         <file>rtsv7M4_T_le_v4SPD16_eabi.lib</file>
         <name>strlen.obj</name>
      </input_file>
      <input_file id="fl-f2">
         <path>C:\ti\ccsv5\tools\compiler\arm_4.9.8\lib\</path>
         <kind>archive</kind>
         <file>rtsv7M4_T_le_v4SPD16_eabi.lib</file>
         <name>ull_div_t2.obj</name>
      </input_file>
   </input_file_list>
   <object_component_list>
      <object_component id="oc-e">
         <name>.intvecs</name>
         <load_address>0x0</load_address>
         <run_address>0x0</run_address>
         <size>0x26c</size>
         <input_file_ref idref="fl-5"/>
      </object_component>
      <object_component id="oc-ec">
         <name>.text</name>
         <load_address>0x26c</load_address>
         <run_address>0x26c</run_address>
         <size>0x9cc</size>
         <input_file_ref idref="fl-3"/>
      </object_component>
      <object_component id="oc-21">
         <name>.text</name>
         <load_address>0xc38</load_address>
         <run_address>0xc38</run_address>
         <size>0x5a4</size>
         <input_file_ref idref="fl-2"/>
      </object_component>
      <object_component id="oc-157">
         <name>.text</name>
         <load_address>0x11dc</load_address>
         <run_address>0x11dc</run_address>
         <size>0x2da</size>
         <input_file_ref idref="fl-eb"/>
      </object_component>
      <object_component id="oc-1c5">
         <name>.text:GrFontGlyphRender</name>
         <load_address>0x14b6</load_address>
         <run_address>0x14b6</run_address>
         <size>0x266</size>
         <input_file_ref idref="fl-14"/>
      </object_component>
      <object_component id="oc-77">
         <name>.text</name>
         <load_address>0x171c</load_address>
         <run_address>0x171c</run_address>
         <size>0x20c</size>
         <input_file_ref idref="fl-6"/>
      </object_component>
      <object_component id="oc-1a5">
         <name>.text</name>
         <load_address>0x1928</load_address>
         <run_address>0x1928</run_address>
         <size>0x1f4</size>
         <input_file_ref idref="fl-f2"/>
      </object_component>
      <object_component id="oc-cd">
         <name>.text:GrLineDraw</name>
         <load_address>0x1b1c</load_address>
         <run_address>0x1b1c</run_address>
         <size>0x100</size>
         <input_file_ref idref="fl-15"/>
      </object_component>
      <object_component id="oc-16d">
         <name>.text:GrDefaultStringRenderer</name>
         <load_address>0x1c1c</load_address>
         <run_address>0x1c1c</run_address>
         <size>0xca</size>
         <input_file_ref idref="fl-14"/>
      </object_component>
      <object_component id="oc-133">
         <name>.text:GrLineClip</name>
         <load_address>0x1ce6</load_address>
         <run_address>0x1ce6</run_address>
         <size>0xbc</size>
         <input_file_ref idref="fl-15"/>
      </object_component>
      <object_component id="oc-a4">
         <name>.text:GPIOPadConfigSet</name>
         <load_address>0x1da2</load_address>
         <run_address>0x1da2</run_address>
         <size>0xb8</size>
         <input_file_ref idref="fl-f"/>
      </object_component>
      <object_component id="oc-34">
         <name>.text</name>
         <load_address>0x1e5a</load_address>
         <run_address>0x1e5a</run_address>
         <size>0x9c</size>
         <input_file_ref idref="fl-e6"/>
      </object_component>
      <object_component id="oc-28">
         <name>.text</name>
         <load_address>0x1ef8</load_address>
         <run_address>0x1ef8</run_address>
         <size>0x94</size>
         <input_file_ref idref="fl-ed"/>
      </object_component>
      <object_component id="oc-15c">
         <name>.text:TFT_HW_SetRect</name>
         <load_address>0x1f8c</load_address>
         <run_address>0x1f8c</run_address>
         <size>0x90</size>
         <input_file_ref idref="fl-3"/>
      </object_component>
      <object_component id="oc-1ab">
         <name>.text</name>
         <load_address>0x201c</load_address>
         <run_address>0x201c</run_address>
         <size>0x78</size>
         <input_file_ref idref="fl-f0"/>
      </object_component>
      <object_component id="oc-4f">
         <name>.text:GrStringWidthGet</name>
         <load_address>0x2094</load_address>
         <run_address>0x2094</run_address>
         <size>0x6a</size>
         <input_file_ref idref="fl-14"/>
      </object_component>
      <object_component id="oc-5e">
         <name>.text:DrawCross</name>
         <load_address>0x20fe</load_address>
         <run_address>0x20fe</run_address>
         <size>0x66</size>
         <input_file_ref idref="fl-2"/>
      </object_component>
      <object_component id="oc-f0">
         <name>.text:GrContextInit</name>
         <load_address>0x2164</load_address>
         <run_address>0x2164</run_address>
         <size>0x64</size>
         <input_file_ref idref="fl-16"/>
      </object_component>
      <object_component id="oc-e9">
         <name>.text</name>
         <load_address>0x21c8</load_address>
         <run_address>0x21c8</run_address>
         <size>0x60</size>
         <input_file_ref idref="fl-e7"/>
      </object_component>
      <object_component id="oc-3b">
         <name>.text</name>
         <load_address>0x2228</load_address>
         <run_address>0x2228</run_address>
         <size>0x5e</size>
         <input_file_ref idref="fl-e3"/>
      </object_component>
      <object_component id="oc-127">
         <name>.text:FontWideGlyphDataGet</name>
         <load_address>0x2286</load_address>
         <run_address>0x2286</run_address>
         <size>0x5c</size>
         <input_file_ref idref="fl-14"/>
      </object_component>
      <object_component id="oc-73">
         <name>.text</name>
         <load_address>0x22e4</load_address>
         <run_address>0x22e4</run_address>
         <size>0x4c</size>
         <input_file_ref idref="fl-ee"/>
      </object_component>
      <object_component id="oc-af">
         <name>.text:UpdateContextCharMapping</name>
         <load_address>0x2330</load_address>
         <run_address>0x2330</run_address>
         <size>0x4a</size>
         <input_file_ref idref="fl-14"/>
      </object_component>
      <object_component id="oc-10">
         <name>.text</name>
         <load_address>0x237c</load_address>
         <run_address>0x237c</run_address>
         <size>0x48</size>
         <input_file_ref idref="fl-e1"/>
      </object_component>
      <object_component id="oc-138">
         <name>.text:GrLineDrawH</name>
         <load_address>0x23c4</load_address>
         <run_address>0x23c4</run_address>
         <size>0x46</size>
         <input_file_ref idref="fl-15"/>
      </object_component>
      <object_component id="oc-13d">
         <name>.text:GrLineDrawV</name>
         <load_address>0x240a</load_address>
         <run_address>0x240a</run_address>
         <size>0x46</size>
         <input_file_ref idref="fl-15"/>
      </object_component>
      <object_component id="oc-2e">
         <name>.text</name>
         <load_address>0x2450</load_address>
         <run_address>0x2450</run_address>
         <size>0x44</size>
         <input_file_ref idref="fl-e5"/>
      </object_component>
      <object_component id="oc-12c">
         <name>.text:FontGlyphDataGet</name>
         <load_address>0x2494</load_address>
         <run_address>0x2494</run_address>
         <size>0x3a</size>
         <input_file_ref idref="fl-14"/>
      </object_component>
      <object_component id="oc-196">
         <name>.text:GrClipCodeGet</name>
         <load_address>0x24ce</load_address>
         <run_address>0x24ce</run_address>
         <size>0x36</size>
         <input_file_ref idref="fl-15"/>
      </object_component>
      <object_component id="oc-9f">
         <name>.text:GPIODirModeSet</name>
         <load_address>0x2504</load_address>
         <run_address>0x2504</run_address>
         <size>0x2a</size>
         <input_file_ref idref="fl-f"/>
      </object_component>
      <object_component id="oc-54">
         <name>.text:GrFontBaselineGet</name>
         <load_address>0x252e</load_address>
         <run_address>0x252e</run_address>
         <size>0x2a</size>
         <input_file_ref idref="fl-14"/>
      </object_component>
      <object_component id="oc-b6">
         <name>.text:GrStringNextCharGet</name>
         <load_address>0x2558</load_address>
         <run_address>0x2558</run_address>
         <size>0x2a</size>
         <input_file_ref idref="fl-14"/>
      </object_component>
      <object_component id="oc-161">
         <name>.text:TFT_HW_Write</name>
         <load_address>0x2584</load_address>
         <run_address>0x2584</run_address>
         <size>0x28</size>
         <input_file_ref idref="fl-3"/>
      </object_component>
      <object_component id="oc-c0">
         <name>.text:GrFontInfoGet</name>
         <load_address>0x25ac</load_address>
         <run_address>0x25ac</run_address>
         <size>0x26</size>
         <input_file_ref idref="fl-14"/>
      </object_component>
      <object_component id="oc-bb">
         <name>.text:GrFontGlyphDataGet</name>
         <load_address>0x25d2</load_address>
         <run_address>0x25d2</run_address>
         <size>0x22</size>
         <input_file_ref idref="fl-14"/>
      </object_component>
      <object_component id="oc-114">
         <name>.text:GrFontCodepageGet</name>
         <load_address>0x25f4</load_address>
         <run_address>0x25f4</run_address>
         <size>0x1e</size>
         <input_file_ref idref="fl-14"/>
      </object_component>
      <object_component id="oc-166">
         <name>.text:SysCtlGPIOAHBEnable</name>
         <load_address>0x2614</load_address>
         <run_address>0x2614</run_address>
         <size>0x1c</size>
         <input_file_ref idref="fl-d"/>
      </object_component>
      <object_component id="oc-1ae">
         <name>.text</name>
         <load_address>0x2630</load_address>
         <run_address>0x2630</run_address>
         <size>0x1c</size>
         <input_file_ref idref="fl-ef"/>
      </object_component>
      <object_component id="oc-103">
         <name>.text</name>
         <load_address>0x264c</load_address>
         <run_address>0x264c</run_address>
         <size>0x18</size>
         <input_file_ref idref="fl-ea"/>
      </object_component>
      <object_component id="oc-2b">
         <name>.text</name>
         <load_address>0x2664</load_address>
         <run_address>0x2664</run_address>
         <size>0x18</size>
         <input_file_ref idref="fl-ec"/>
      </object_component>
      <object_component id="oc-1a8">
         <name>.text</name>
         <load_address>0x267c</load_address>
         <run_address>0x267c</run_address>
         <size>0x14</size>
         <input_file_ref idref="fl-f1"/>
      </object_component>
      <object_component id="oc-45">
         <name>.text:GPIOPinTypeADC</name>
         <load_address>0x2690</load_address>
         <run_address>0x2690</run_address>
         <size>0x12</size>
         <input_file_ref idref="fl-f"/>
      </object_component>
      <object_component id="oc-59">
         <name>.text:GrStringDraw</name>
         <load_address>0x26a2</load_address>
         <run_address>0x26a2</run_address>
         <size>0x12</size>
         <input_file_ref idref="fl-14"/>
      </object_component>
      <object_component id="oc-16">
         <name>.text:decompress:ZI</name>
         <load_address>0x26b4</load_address>
         <run_address>0x26b4</run_address>
         <size>0x12</size>
         <input_file_ref idref="fl-e4"/>
      </object_component>
      <object_component id="oc-13">
         <name>.text:decompress:none</name>
         <load_address>0x26c6</load_address>
         <run_address>0x26c6</run_address>
         <size>0xe</size>
         <input_file_ref idref="fl-e2"/>
      </object_component>
      <object_component id="oc-1d">
         <name>.text</name>
         <load_address>0x26d4</load_address>
         <run_address>0x26d4</run_address>
         <size>0xc</size>
         <input_file_ref idref="fl-5"/>
      </object_component>
      <object_component id="oc-1cb">
         <name>.text:GrMapISO8859_1_Unicode</name>
         <load_address>0x26e0</load_address>
         <run_address>0x26e0</run_address>
         <size>0x8</size>
         <input_file_ref idref="fl-17"/>
      </object_component>
      <object_component id="oc-4a">
         <name>.text:GrContextFontSet</name>
         <load_address>0x26e8</load_address>
         <run_address>0x26e8</run_address>
         <size>0x6</size>
         <input_file_ref idref="fl-14"/>
      </object_component>
      <object_component id="oc-19">
         <name>.text:decompress:rle24</name>
         <load_address>0x26ee</load_address>
         <run_address>0x26ee</run_address>
         <size>0x6</size>
         <input_file_ref idref="fl-e3"/>
      </object_component>
      <object_component id="oc-17e">
         <name>.const:.string:g_pui8Cm16bData</name>
         <load_address>0x26f4</load_address>
         <run_address>0x26f4</run_address>
         <size>0x755</size>
         <input_file_ref idref="fl-11"/>
      </object_component>
      <object_component id="oc-d4">
         <name>.const:.string:g_pui8Cm14bData</name>
         <load_address>0x2e4c</load_address>
         <run_address>0x2e4c</run_address>
         <size>0x61e</size>
         <input_file_ref idref="fl-12"/>
      </object_component>
      <object_component id="oc-185">
         <name>.const:.string:g_pui8Cm12Data</name>
         <load_address>0x346c</load_address>
         <run_address>0x346c</run_address>
         <size>0x55f</size>
         <input_file_ref idref="fl-13"/>
      </object_component>
      <object_component id="oc-ff">
         <name>.const:g_sFontCm12</name>
         <load_address>0x39cc</load_address>
         <run_address>0x39cc</run_address>
         <size>0xc8</size>
         <input_file_ref idref="fl-13"/>
      </object_component>
      <object_component id="oc-65">
         <name>.const:g_sFontCm14b</name>
         <load_address>0x3a94</load_address>
         <run_address>0x3a94</run_address>
         <size>0xc8</size>
         <input_file_ref idref="fl-12"/>
      </object_component>
      <object_component id="oc-fb">
         <name>.const:g_sFontCm16b</name>
         <load_address>0x3b5c</load_address>
         <run_address>0x3b5c</run_address>
         <size>0xc8</size>
         <input_file_ref idref="fl-11"/>
      </object_component>
      <object_component id="oc-fd">
         <name>.const:g_sILI9341_240x320x262K</name>
         <load_address>0x3c24</load_address>
         <run_address>0x3c24</run_address>
         <size>0x28</size>
         <input_file_ref idref="fl-3"/>
      </object_component>
      <object_component id="oc-63">
         <name>.const</name>
         <load_address>0x3c4c</load_address>
         <run_address>0x3c4c</run_address>
         <size>0x20</size>
         <input_file_ref idref="fl-2"/>
      </object_component>
      <object_component id="oc-172">
         <name>.const</name>
         <load_address>0x3c6c</load_address>
         <run_address>0x3c6c</run_address>
         <size>0x10</size>
         <input_file_ref idref="fl-16"/>
      </object_component>
      <object_component id="oc-212">
         <name>.cinit..data.load</name>
         <load_address>0x3c80</load_address>
         <run_address>0x3c80</run_address>
         <size>0x1e</size>
      </object_component>
      <object_component id="oc-210">
         <name>__TI_handler_table</name>
         <load_address>0x3ca0</load_address>
         <run_address>0x3ca0</run_address>
         <size>0xc</size>
      </object_component>
      <object_component id="oc-213">
         <name>.cinit..bss.load</name>
         <load_address>0x3cb0</load_address>
         <run_address>0x3cb0</run_address>
         <size>0x8</size>
      </object_component>
      <object_component id="oc-211">
         <name>__TI_cinit_table</name>
         <load_address>0x3cb8</load_address>
         <run_address>0x3cb8</run_address>
         <size>0x10</size>
      </object_component>
      <object_component id="oc-31">
         <name>.data</name>
         <load_address>0x20000280</load_address>
         <run_address>0x20000280</run_address>
         <size>0x4</size>
         <input_file_ref idref="fl-e8"/>
      </object_component>
      <object_component id="oc-41">
         <name>.data</name>
         <load_address>0x20000278</load_address>
         <run_address>0x20000278</run_address>
         <size>0x8</size>
         <input_file_ref idref="fl-2"/>
      </object_component>
      <object_component id="oc-80">
         <name>.data</name>
         <load_address>0x20000268</load_address>
         <run_address>0x20000268</run_address>
         <size>0x8</size>
         <input_file_ref idref="fl-ea"/>
      </object_component>
      <object_component id="oc-82">
         <name>.data</name>
         <load_address>0x20000270</load_address>
         <run_address>0x20000270</run_address>
         <size>0x8</size>
         <input_file_ref idref="fl-e5"/>
      </object_component>
      <object_component id="oc-f9">
         <name>.data</name>
         <load_address>0x20000258</load_address>
         <run_address>0x20000258</run_address>
         <size>0x10</size>
         <input_file_ref idref="fl-6"/>
      </object_component>
      <object_component id="oc-43">
         <name>.bss</name>
         <uninitialized>true</uninitialized>
         <run_address>0x2000022c</run_address>
         <size>0x1c</size>
         <input_file_ref idref="fl-2"/>
      </object_component>
      <object_component id="oc-f5">
         <name>.bss</name>
         <uninitialized>true</uninitialized>
         <run_address>0x20000248</run_address>
         <size>0xc</size>
         <input_file_ref idref="fl-6"/>
      </object_component>
      <object_component id="oc-f7">
         <name>.bss:sContext</name>
         <uninitialized>true</uninitialized>
         <run_address>0x20000200</run_address>
         <size>0x2c</size>
         <input_file_ref idref="fl-6"/>
      </object_component>
      <object_component id="oc-174">
         <name>.bss</name>
         <uninitialized>true</uninitialized>
         <run_address>0x20000254</run_address>
         <size>0x4</size>
         <input_file_ref idref="fl-16"/>
      </object_component>
      <object_component id="oc-1c">
         <name>.stack</name>
         <uninitialized>true</uninitialized>
         <run_address>0x20000000</run_address>
         <size>0x0</size>
         <input_file_ref idref="fl-e1"/>
      </object_component>
      <object_component id="oc-214">
         <name>.stack</name>
         <uninitialized>true</uninitialized>
         <run_address>0x20000000</run_address>
         <size>0x0</size>
      </object_component>
      <object_component id="oc-f">
         <name>.debug_info</name>
         <load_address>0x0</load_address>
         <run_address>0x0</run_address>
         <size>0xd2</size>
         <input_file_ref idref="fl-5"/>
      </object_component>
      <object_component id="oc-11">
         <name>.debug_info</name>
         <load_address>0xd2</load_address>
         <run_address>0xd2</run_address>
         <size>0xed</size>
         <input_file_ref idref="fl-e1"/>
      </object_component>
      <object_component id="oc-14">
         <name>.debug_info</name>
         <load_address>0x1bf</load_address>
         <run_address>0x1bf</run_address>
         <size>0x155</size>
         <input_file_ref idref="fl-e2"/>
      </object_component>
      <object_component id="oc-17">
         <name>.debug_info</name>
         <load_address>0x314</load_address>
         <run_address>0x314</run_address>
         <size>0x18b</size>
         <input_file_ref idref="fl-e4"/>
      </object_component>
      <object_component id="oc-1a">
         <name>.debug_info</name>
         <load_address>0x49f</load_address>
         <run_address>0x49f</run_address>
         <size>0x166</size>
         <input_file_ref idref="fl-e3"/>
      </object_component>
      <object_component id="oc-1e">
         <name>.debug_info</name>
         <load_address>0x605</load_address>
         <run_address>0x605</run_address>
         <size>0x309</size>
         <input_file_ref idref="fl-5"/>
      </object_component>
      <object_component id="oc-22">
         <name>.debug_info</name>
         <load_address>0x90e</load_address>
         <run_address>0x90e</run_address>
         <size>0x753</size>
         <input_file_ref idref="fl-2"/>
      </object_component>
      <object_component id="oc-27">
         <name>.debug_info</name>
         <load_address>0x1061</load_address>
         <run_address>0x1061</run_address>
         <size>0x2a8</size>
         <input_file_ref idref="fl-5"/>
      </object_component>
      <object_component id="oc-29">
         <name>.debug_info</name>
         <load_address>0x1309</load_address>
         <run_address>0x1309</run_address>
         <size>0x134</size>
         <input_file_ref idref="fl-ed"/>
      </object_component>
      <object_component id="oc-2c">
         <name>.debug_info</name>
         <load_address>0x143d</load_address>
         <run_address>0x143d</run_address>
         <size>0xfa</size>
         <input_file_ref idref="fl-ec"/>
      </object_component>
      <object_component id="oc-2f">
         <name>.debug_info</name>
         <load_address>0x1537</load_address>
         <run_address>0x1537</run_address>
         <size>0x1f5</size>
         <input_file_ref idref="fl-e5"/>
      </object_component>
      <object_component id="oc-32">
         <name>.debug_info</name>
         <load_address>0x172c</load_address>
         <run_address>0x172c</run_address>
         <size>0xc6</size>
         <input_file_ref idref="fl-e8"/>
      </object_component>
      <object_component id="oc-35">
         <name>.debug_info</name>
         <load_address>0x17f2</load_address>
         <run_address>0x17f2</run_address>
         <size>0xc6</size>
         <input_file_ref idref="fl-e6"/>
      </object_component>
      <object_component id="oc-38">
         <name>.debug_info</name>
         <load_address>0x18b8</load_address>
         <run_address>0x18b8</run_address>
         <size>0x277</size>
         <input_file_ref idref="fl-e2"/>
      </object_component>
      <object_component id="oc-3a">
         <name>.debug_info</name>
         <load_address>0x1b2f</load_address>
         <run_address>0x1b2f</run_address>
         <size>0x243</size>
         <input_file_ref idref="fl-e4"/>
      </object_component>
      <object_component id="oc-3c">
         <name>.debug_info</name>
         <load_address>0x1d72</load_address>
         <run_address>0x1d72</run_address>
         <size>0x308</size>
         <input_file_ref idref="fl-e3"/>
      </object_component>
      <object_component id="oc-3f">
         <name>.debug_info</name>
         <load_address>0x207a</load_address>
         <run_address>0x207a</run_address>
         <size>0x248</size>
         <input_file_ref idref="fl-e3"/>
      </object_component>
      <object_component id="oc-42">
         <name>.debug_info</name>
         <load_address>0x22c2</load_address>
         <run_address>0x22c2</run_address>
         <size>0x176</size>
         <input_file_ref idref="fl-2"/>
      </object_component>
      <object_component id="oc-44">
         <name>.debug_info</name>
         <load_address>0x2438</load_address>
         <run_address>0x2438</run_address>
         <size>0x250</size>
         <input_file_ref idref="fl-2"/>
      </object_component>
      <object_component id="oc-46">
         <name>.debug_info</name>
         <load_address>0x2688</load_address>
         <run_address>0x2688</run_address>
         <size>0x1dd</size>
         <input_file_ref idref="fl-f"/>
      </object_component>
      <object_component id="oc-4b">
         <name>.debug_info</name>
         <load_address>0x2865</load_address>
         <run_address>0x2865</run_address>
         <size>0x1f1</size>
         <input_file_ref idref="fl-14"/>
      </object_component>
      <object_component id="oc-50">
         <name>.debug_info</name>
         <load_address>0x2a56</load_address>
         <run_address>0x2a56</run_address>
         <size>0x465</size>
         <input_file_ref idref="fl-14"/>
      </object_component>
      <object_component id="oc-55">
         <name>.debug_info</name>
         <load_address>0x2ebb</load_address>
         <run_address>0x2ebb</run_address>
         <size>0x224</size>
         <input_file_ref idref="fl-14"/>
      </object_component>
      <object_component id="oc-5a">
         <name>.debug_info</name>
         <load_address>0x30df</load_address>
         <run_address>0x30df</run_address>
         <size>0x21b</size>
         <input_file_ref idref="fl-14"/>
      </object_component>
      <object_component id="oc-5f">
         <name>.debug_info</name>
         <load_address>0x32fa</load_address>
         <run_address>0x32fa</run_address>
         <size>0x1d2</size>
         <input_file_ref idref="fl-2"/>
      </object_component>
      <object_component id="oc-64">
         <name>.debug_info</name>
         <load_address>0x34cc</load_address>
         <run_address>0x34cc</run_address>
         <size>0xe9</size>
         <input_file_ref idref="fl-2"/>
      </object_component>
      <object_component id="oc-66">
         <name>.debug_info</name>
         <load_address>0x35b5</load_address>
         <run_address>0x35b5</run_address>
         <size>0x101</size>
         <input_file_ref idref="fl-12"/>
      </object_component>
      <object_component id="oc-68">
         <name>.debug_info</name>
         <load_address>0x36b6</load_address>
         <run_address>0x36b6</run_address>
         <size>0x2c</size>
         <input_file_ref idref="fl-2"/>
      </object_component>
      <object_component id="oc-6c">
         <name>.debug_info</name>
         <load_address>0x36e2</load_address>
         <run_address>0x36e2</run_address>
         <size>0x18b</size>
         <input_file_ref idref="fl-2"/>
      </object_component>
      <object_component id="oc-70">
         <name>.debug_info</name>
         <load_address>0x386d</load_address>
         <run_address>0x386d</run_address>
         <size>0x62a</size>
         <input_file_ref idref="fl-2"/>
      </object_component>
      <object_component id="oc-74">
         <name>.debug_info</name>
         <load_address>0x3e97</load_address>
         <run_address>0x3e97</run_address>
         <size>0x189</size>
         <input_file_ref idref="fl-ee"/>
      </object_component>
      <object_component id="oc-78">
         <name>.debug_info</name>
         <load_address>0x4020</load_address>
         <run_address>0x4020</run_address>
         <size>0x57b</size>
         <input_file_ref idref="fl-6"/>
      </object_component>
      <object_component id="oc-7c">
         <name>.debug_info</name>
         <load_address>0x459b</load_address>
         <run_address>0x459b</run_address>
         <size>0x8b</size>
         <input_file_ref idref="fl-e7"/>
      </object_component>
      <object_component id="oc-81">
         <name>.debug_info</name>
         <load_address>0x4626</load_address>
         <run_address>0x4626</run_address>
         <size>0xd0</size>
         <input_file_ref idref="fl-ea"/>
      </object_component>
      <object_component id="oc-83">
         <name>.debug_info</name>
         <load_address>0x46f6</load_address>
         <run_address>0x46f6</run_address>
         <size>0xe3</size>
         <input_file_ref idref="fl-e5"/>
      </object_component>
      <object_component id="oc-85">
         <name>.debug_info</name>
         <load_address>0x47d9</load_address>
         <run_address>0x47d9</run_address>
         <size>0x84</size>
         <input_file_ref idref="fl-e2"/>
      </object_component>
      <object_component id="oc-8b">
         <name>.debug_info</name>
         <load_address>0x485d</load_address>
         <run_address>0x485d</run_address>
         <size>0x83</size>
         <input_file_ref idref="fl-e8"/>
      </object_component>
      <object_component id="oc-9b">
         <name>.debug_info</name>
         <load_address>0x48e0</load_address>
         <run_address>0x48e0</run_address>
         <size>0x8b</size>
         <input_file_ref idref="fl-2"/>
      </object_component>
      <object_component id="oc-a0">
         <name>.debug_info</name>
         <load_address>0x496b</load_address>
         <run_address>0x496b</run_address>
         <size>0x215</size>
         <input_file_ref idref="fl-f"/>
      </object_component>
      <object_component id="oc-a5">
         <name>.debug_info</name>
         <load_address>0x4b80</load_address>
         <run_address>0x4b80</run_address>
         <size>0x265</size>
         <input_file_ref idref="fl-f"/>
      </object_component>
      <object_component id="oc-aa">
         <name>.debug_info</name>
         <load_address>0x4de5</load_address>
         <run_address>0x4de5</run_address>
         <size>0x18b</size>
         <input_file_ref idref="fl-d"/>
      </object_component>
      <object_component id="oc-b0">
         <name>.debug_info</name>
         <load_address>0x4f70</load_address>
         <run_address>0x4f70</run_address>
         <size>0x2b1</size>
         <input_file_ref idref="fl-14"/>
      </object_component>
      <object_component id="oc-b5">
         <name>.debug_info</name>
         <load_address>0x5221</load_address>
         <run_address>0x5221</run_address>
         <size>0x397</size>
         <input_file_ref idref="fl-14"/>
      </object_component>
      <object_component id="oc-b7">
         <name>.debug_info</name>
         <load_address>0x55b8</load_address>
         <run_address>0x55b8</run_address>
         <size>0x262</size>
         <input_file_ref idref="fl-14"/>
      </object_component>
      <object_component id="oc-bc">
         <name>.debug_info</name>
         <load_address>0x581a</load_address>
         <run_address>0x581a</run_address>
         <size>0x230</size>
         <input_file_ref idref="fl-14"/>
      </object_component>
      <object_component id="oc-c1">
         <name>.debug_info</name>
         <load_address>0x5a4a</load_address>
         <run_address>0x5a4a</run_address>
         <size>0x2a5</size>
         <input_file_ref idref="fl-14"/>
      </object_component>
      <object_component id="oc-c6">
         <name>.debug_info</name>
         <load_address>0x5cef</load_address>
         <run_address>0x5cef</run_address>
         <size>0x18b</size>
         <input_file_ref idref="fl-11"/>
      </object_component>
      <object_component id="oc-ce">
         <name>.debug_info</name>
         <load_address>0x5e7a</load_address>
         <run_address>0x5e7a</run_address>
         <size>0x3df</size>
         <input_file_ref idref="fl-15"/>
      </object_component>
      <object_component id="oc-d5">
         <name>.debug_info</name>
         <load_address>0x6259</load_address>
         <run_address>0x6259</run_address>
         <size>0x106</size>
         <input_file_ref idref="fl-12"/>
      </object_component>
      <object_component id="oc-d8">
         <name>.debug_info</name>
         <load_address>0x635f</load_address>
         <run_address>0x635f</run_address>
         <size>0x30b</size>
         <input_file_ref idref="fl-12"/>
      </object_component>
      <object_component id="oc-db">
         <name>.debug_info</name>
         <load_address>0x666a</load_address>
         <run_address>0x666a</run_address>
         <size>0x40</size>
         <input_file_ref idref="fl-2"/>
      </object_component>
      <object_component id="oc-df">
         <name>.debug_info</name>
         <load_address>0x66aa</load_address>
         <run_address>0x66aa</run_address>
         <size>0x68d</size>
         <input_file_ref idref="fl-2"/>
      </object_component>
      <object_component id="oc-e3">
         <name>.debug_info</name>
         <load_address>0x6d37</load_address>
         <run_address>0x6d37</run_address>
         <size>0xc2</size>
         <input_file_ref idref="fl-2"/>
      </object_component>
      <object_component id="oc-e8">
         <name>.debug_info</name>
         <load_address>0x6df9</load_address>
         <run_address>0x6df9</run_address>
         <size>0x2ca</size>
         <input_file_ref idref="fl-ee"/>
      </object_component>
      <object_component id="oc-ea">
         <name>.debug_info</name>
         <load_address>0x70c3</load_address>
         <run_address>0x70c3</run_address>
         <size>0x20d</size>
         <input_file_ref idref="fl-e7"/>
      </object_component>
      <object_component id="oc-ed">
         <name>.debug_info</name>
         <load_address>0x72d0</load_address>
         <run_address>0x72d0</run_address>
         <size>0x1b08</size>
         <input_file_ref idref="fl-3"/>
      </object_component>
      <object_component id="oc-f1">
         <name>.debug_info</name>
         <load_address>0x8dd8</load_address>
         <run_address>0x8dd8</run_address>
         <size>0x1e1</size>
         <input_file_ref idref="fl-16"/>
      </object_component>
      <object_component id="oc-f6">
         <name>.debug_info</name>
         <load_address>0x8fb9</load_address>
         <run_address>0x8fb9</run_address>
         <size>0x121</size>
         <input_file_ref idref="fl-6"/>
      </object_component>
      <object_component id="oc-f8">
         <name>.debug_info</name>
         <load_address>0x90da</load_address>
         <run_address>0x90da</run_address>
         <size>0xc3</size>
         <input_file_ref idref="fl-6"/>
      </object_component>
      <object_component id="oc-fa">
         <name>.debug_info</name>
         <load_address>0x919d</load_address>
         <run_address>0x919d</run_address>
         <size>0x152</size>
         <input_file_ref idref="fl-6"/>
      </object_component>
      <object_component id="oc-fc">
         <name>.debug_info</name>
         <load_address>0x92ef</load_address>
         <run_address>0x92ef</run_address>
         <size>0x101</size>
         <input_file_ref idref="fl-11"/>
      </object_component>
      <object_component id="oc-fe">
         <name>.debug_info</name>
         <load_address>0x93f0</load_address>
         <run_address>0x93f0</run_address>
         <size>0xfa</size>
         <input_file_ref idref="fl-3"/>
      </object_component>
      <object_component id="oc-100">
         <name>.debug_info</name>
         <load_address>0x94ea</load_address>
         <run_address>0x94ea</run_address>
         <size>0xfe</size>
         <input_file_ref idref="fl-13"/>
      </object_component>
      <object_component id="oc-102">
         <name>.debug_info</name>
         <load_address>0x95e8</load_address>
         <run_address>0x95e8</run_address>
         <size>0x719</size>
         <input_file_ref idref="fl-6"/>
      </object_component>
      <object_component id="oc-104">
         <name>.debug_info</name>
         <load_address>0x9d01</load_address>
         <run_address>0x9d01</run_address>
         <size>0x1ae</size>
         <input_file_ref idref="fl-ea"/>
      </object_component>
      <object_component id="oc-108">
         <name>.debug_info</name>
         <load_address>0x9eaf</load_address>
         <run_address>0x9eaf</run_address>
         <size>0x231</size>
         <input_file_ref idref="fl-ea"/>
      </object_component>
      <object_component id="oc-10b">
         <name>.debug_info</name>
         <load_address>0xa0e0</load_address>
         <run_address>0xa0e0</run_address>
         <size>0x294</size>
         <input_file_ref idref="fl-e5"/>
      </object_component>
      <object_component id="oc-10d">
         <name>.debug_info</name>
         <load_address>0xa374</load_address>
         <run_address>0xa374</run_address>
         <size>0x1d1</size>
         <input_file_ref idref="fl-f"/>
      </object_component>
      <object_component id="oc-10f">
         <name>.debug_info</name>
         <load_address>0xa545</load_address>
         <run_address>0xa545</run_address>
         <size>0x90</size>
         <input_file_ref idref="fl-d"/>
      </object_component>
      <object_component id="oc-115">
         <name>.debug_info</name>
         <load_address>0xa5d5</load_address>
         <run_address>0xa5d5</run_address>
         <size>0x1b8</size>
         <input_file_ref idref="fl-14"/>
      </object_component>
      <object_component id="oc-11c">
         <name>.debug_info</name>
         <load_address>0xa78d</load_address>
         <run_address>0xa78d</run_address>
         <size>0x90</size>
         <input_file_ref idref="fl-11"/>
      </object_component>
      <object_component id="oc-121">
         <name>.debug_info</name>
         <load_address>0xa81d</load_address>
         <run_address>0xa81d</run_address>
         <size>0x6bd</size>
         <input_file_ref idref="fl-14"/>
      </object_component>
      <object_component id="oc-128">
         <name>.debug_info</name>
         <load_address>0xaeda</load_address>
         <run_address>0xaeda</run_address>
         <size>0x30f</size>
         <input_file_ref idref="fl-14"/>
      </object_component>
      <object_component id="oc-12d">
         <name>.debug_info</name>
         <load_address>0xb1e9</load_address>
         <run_address>0xb1e9</run_address>
         <size>0x2af</size>
         <input_file_ref idref="fl-14"/>
      </object_component>
      <object_component id="oc-134">
         <name>.debug_info</name>
         <load_address>0xb498</load_address>
         <run_address>0xb498</run_address>
         <size>0x3e9</size>
         <input_file_ref idref="fl-15"/>
      </object_component>
      <object_component id="oc-139">
         <name>.debug_info</name>
         <load_address>0xb881</load_address>
         <run_address>0xb881</run_address>
         <size>0x20f</size>
         <input_file_ref idref="fl-15"/>
      </object_component>
      <object_component id="oc-13e">
         <name>.debug_info</name>
         <load_address>0xba90</load_address>
         <run_address>0xba90</run_address>
         <size>0x20f</size>
         <input_file_ref idref="fl-15"/>
      </object_component>
      <object_component id="oc-143">
         <name>.debug_info</name>
         <load_address>0xbc9f</load_address>
         <run_address>0xbc9f</run_address>
         <size>0x310</size>
         <input_file_ref idref="fl-15"/>
      </object_component>
      <object_component id="oc-148">
         <name>.debug_info</name>
         <load_address>0xbfaf</load_address>
         <run_address>0xbfaf</run_address>
         <size>0x6bd</size>
         <input_file_ref idref="fl-11"/>
      </object_component>
      <object_component id="oc-14f">
         <name>.debug_info</name>
         <load_address>0xc66c</load_address>
         <run_address>0xc66c</run_address>
         <size>0x2c</size>
         <input_file_ref idref="fl-e3"/>
      </object_component>
      <object_component id="oc-153">
         <name>.debug_info</name>
         <load_address>0xc698</load_address>
         <run_address>0xc698</run_address>
         <size>0xc5</size>
         <input_file_ref idref="fl-ee"/>
      </object_component>
      <object_component id="oc-158">
         <name>.debug_info</name>
         <load_address>0xc75d</load_address>
         <run_address>0xc75d</run_address>
         <size>0x775</size>
         <input_file_ref idref="fl-eb"/>
      </object_component>
      <object_component id="oc-15b">
         <name>.debug_info</name>
         <load_address>0xced2</load_address>
         <run_address>0xced2</run_address>
         <size>0x2ec</size>
         <input_file_ref idref="fl-e7"/>
      </object_component>
      <object_component id="oc-15d">
         <name>.debug_info</name>
         <load_address>0xd1be</load_address>
         <run_address>0xd1be</run_address>
         <size>0x263</size>
         <input_file_ref idref="fl-3"/>
      </object_component>
      <object_component id="oc-162">
         <name>.debug_info</name>
         <load_address>0xd421</load_address>
         <run_address>0xd421</run_address>
         <size>0x154</size>
         <input_file_ref idref="fl-3"/>
      </object_component>
      <object_component id="oc-167">
         <name>.debug_info</name>
         <load_address>0xd575</load_address>
         <run_address>0xd575</run_address>
         <size>0x1eb</size>
         <input_file_ref idref="fl-d"/>
      </object_component>
      <object_component id="oc-16c">
         <name>.debug_info</name>
         <load_address>0xd760</load_address>
         <run_address>0xd760</run_address>
         <size>0x469</size>
         <input_file_ref idref="fl-3"/>
      </object_component>
      <object_component id="oc-16e">
         <name>.debug_info</name>
         <load_address>0xdbc9</load_address>
         <run_address>0xdbc9</run_address>
         <size>0x4dc</size>
         <input_file_ref idref="fl-14"/>
      </object_component>
      <object_component id="oc-173">
         <name>.debug_info</name>
         <load_address>0xe0a5</load_address>
         <run_address>0xe0a5</run_address>
         <size>0x119</size>
         <input_file_ref idref="fl-16"/>
      </object_component>
      <object_component id="oc-175">
         <name>.debug_info</name>
         <load_address>0xe1be</load_address>
         <run_address>0xe1be</run_address>
         <size>0x102</size>
         <input_file_ref idref="fl-16"/>
      </object_component>
      <object_component id="oc-177">
         <name>.debug_info</name>
         <load_address>0xe2c0</load_address>
         <run_address>0xe2c0</run_address>
         <size>0x3de</size>
         <input_file_ref idref="fl-16"/>
      </object_component>
      <object_component id="oc-17f">
         <name>.debug_info</name>
         <load_address>0xe69e</load_address>
         <run_address>0xe69e</run_address>
         <size>0x106</size>
         <input_file_ref idref="fl-11"/>
      </object_component>
      <object_component id="oc-182">
         <name>.debug_info</name>
         <load_address>0xe7a4</load_address>
         <run_address>0xe7a4</run_address>
         <size>0x30b</size>
         <input_file_ref idref="fl-11"/>
      </object_component>
      <object_component id="oc-186">
         <name>.debug_info</name>
         <load_address>0xeaaf</load_address>
         <run_address>0xeaaf</run_address>
         <size>0x103</size>
         <input_file_ref idref="fl-13"/>
      </object_component>
      <object_component id="oc-189">
         <name>.debug_info</name>
         <load_address>0xebb2</load_address>
         <run_address>0xebb2</run_address>
         <size>0x30a</size>
         <input_file_ref idref="fl-13"/>
      </object_component>
      <object_component id="oc-197">
         <name>.debug_info</name>
         <load_address>0xeebc</load_address>
         <run_address>0xeebc</run_address>
         <size>0x1fd</size>
         <input_file_ref idref="fl-15"/>
      </object_component>
      <object_component id="oc-1a0">
         <name>.debug_info</name>
         <load_address>0xf0b9</load_address>
         <run_address>0xf0b9</run_address>
         <size>0x6bd</size>
         <input_file_ref idref="fl-15"/>
      </object_component>
      <object_component id="oc-1a6">
         <name>.debug_info</name>
         <load_address>0xf776</load_address>
         <run_address>0xf776</run_address>
         <size>0x131</size>
         <input_file_ref idref="fl-f2"/>
      </object_component>
      <object_component id="oc-1a9">
         <name>.debug_info</name>
         <load_address>0xf8a7</load_address>
         <run_address>0xf8a7</run_address>
         <size>0x18c</size>
         <input_file_ref idref="fl-f1"/>
      </object_component>
      <object_component id="oc-1ac">
         <name>.debug_info</name>
         <load_address>0xfa33</load_address>
         <run_address>0xfa33</run_address>
         <size>0xf7</size>
         <input_file_ref idref="fl-f0"/>
      </object_component>
      <object_component id="oc-1af">
         <name>.debug_info</name>
         <load_address>0xfb2a</load_address>
         <run_address>0xfb2a</run_address>
         <size>0x17b</size>
         <input_file_ref idref="fl-ef"/>
      </object_component>
      <object_component id="oc-1b2">
         <name>.debug_info</name>
         <load_address>0xfca5</load_address>
         <run_address>0xfca5</run_address>
         <size>0x35e</size>
         <input_file_ref idref="fl-eb"/>
      </object_component>
      <object_component id="oc-1b3">
         <name>.debug_info</name>
         <load_address>0x10003</load_address>
         <run_address>0x10003</run_address>
         <size>0x4a</size>
         <input_file_ref idref="fl-e7"/>
      </object_component>
      <object_component id="oc-1b7">
         <name>.debug_info</name>
         <load_address>0x1004d</load_address>
         <run_address>0x1004d</run_address>
         <size>0x18b</size>
         <input_file_ref idref="fl-eb"/>
      </object_component>
      <object_component id="oc-1bd">
         <name>.debug_info</name>
         <load_address>0x101d8</load_address>
         <run_address>0x101d8</run_address>
         <size>0xc4</size>
         <input_file_ref idref="fl-e7"/>
      </object_component>
      <object_component id="oc-1c2">
         <name>.debug_info</name>
         <load_address>0x1029c</load_address>
         <run_address>0x1029c</run_address>
         <size>0x1e2</size>
         <input_file_ref idref="fl-d"/>
      </object_component>
      <object_component id="oc-1c6">
         <name>.debug_info</name>
         <load_address>0x1047e</load_address>
         <run_address>0x1047e</run_address>
         <size>0x7a6</size>
         <input_file_ref idref="fl-14"/>
      </object_component>
      <object_component id="oc-1cc">
         <name>.debug_info</name>
         <load_address>0x10c24</load_address>
         <run_address>0x10c24</run_address>
         <size>0x215</size>
         <input_file_ref idref="fl-17"/>
      </object_component>
      <object_component id="oc-1e1">
         <name>.debug_info</name>
         <load_address>0x10e39</load_address>
         <run_address>0x10e39</run_address>
         <size>0x235</size>
         <input_file_ref idref="fl-f1"/>
      </object_component>
      <object_component id="oc-1e4">
         <name>.debug_info</name>
         <load_address>0x1106e</load_address>
         <run_address>0x1106e</run_address>
         <size>0x25a</size>
         <input_file_ref idref="fl-ef"/>
      </object_component>
      <object_component id="oc-1e7">
         <name>.debug_info</name>
         <load_address>0x112c8</load_address>
         <run_address>0x112c8</run_address>
         <size>0xf9</size>
         <input_file_ref idref="fl-e7"/>
      </object_component>
      <object_component id="oc-1ef">
         <name>.debug_info</name>
         <load_address>0x113c1</load_address>
         <run_address>0x113c1</run_address>
         <size>0x374</size>
         <input_file_ref idref="fl-17"/>
      </object_component>
      <object_component id="oc-215">
         <name>.debug_info</name>
         <load_address>0x11735</load_address>
         <run_address>0x11735</run_address>
         <size>0x91</size>
      </object_component>
      <object_component id="oc-12">
         <name>.debug_line</name>
         <load_address>0x0</load_address>
         <run_address>0x0</run_address>
         <size>0x4c</size>
         <input_file_ref idref="fl-e1"/>
      </object_component>
      <object_component id="oc-15">
         <name>.debug_line</name>
         <load_address>0x4c</load_address>
         <run_address>0x4c</run_address>
         <size>0x48</size>
         <input_file_ref idref="fl-e2"/>
      </object_component>
      <object_component id="oc-18">
         <name>.debug_line</name>
         <load_address>0x94</load_address>
         <run_address>0x94</run_address>
         <size>0x47</size>
         <input_file_ref idref="fl-e4"/>
      </object_component>
      <object_component id="oc-1b">
         <name>.debug_line</name>
         <load_address>0xdb</load_address>
         <run_address>0xdb</run_address>
         <size>0x47</size>
         <input_file_ref idref="fl-e3"/>
      </object_component>
      <object_component id="oc-1f">
         <name>.debug_line</name>
         <load_address>0x122</load_address>
         <run_address>0x122</run_address>
         <size>0x89</size>
         <input_file_ref idref="fl-5"/>
      </object_component>
      <object_component id="oc-23">
         <name>.debug_line</name>
         <load_address>0x1ab</load_address>
         <run_address>0x1ab</run_address>
         <size>0x1bf</size>
         <input_file_ref idref="fl-2"/>
      </object_component>
      <object_component id="oc-26">
         <name>.debug_line</name>
         <load_address>0x36a</load_address>
         <run_address>0x36a</run_address>
         <size>0x31</size>
         <input_file_ref idref="fl-5"/>
      </object_component>
      <object_component id="oc-2a">
         <name>.debug_line</name>
         <load_address>0x39b</load_address>
         <run_address>0x39b</run_address>
         <size>0x84</size>
         <input_file_ref idref="fl-ed"/>
      </object_component>
      <object_component id="oc-2d">
         <name>.debug_line</name>
         <load_address>0x41f</load_address>
         <run_address>0x41f</run_address>
         <size>0x3d</size>
         <input_file_ref idref="fl-ec"/>
      </object_component>
      <object_component id="oc-30">
         <name>.debug_line</name>
         <load_address>0x45c</load_address>
         <run_address>0x45c</run_address>
         <size>0x68</size>
         <input_file_ref idref="fl-e5"/>
      </object_component>
      <object_component id="oc-36">
         <name>.debug_line</name>
         <load_address>0x4c4</load_address>
         <run_address>0x4c4</run_address>
         <size>0x85</size>
         <input_file_ref idref="fl-e6"/>
      </object_component>
      <object_component id="oc-3d">
         <name>.debug_line</name>
         <load_address>0x549</load_address>
         <run_address>0x549</run_address>
         <size>0x51</size>
         <input_file_ref idref="fl-e3"/>
      </object_component>
      <object_component id="oc-47">
         <name>.debug_line</name>
         <load_address>0x59a</load_address>
         <run_address>0x59a</run_address>
         <size>0x6c</size>
         <input_file_ref idref="fl-f"/>
      </object_component>
      <object_component id="oc-4c">
         <name>.debug_line</name>
         <load_address>0x606</load_address>
         <run_address>0x606</run_address>
         <size>0x6a</size>
         <input_file_ref idref="fl-14"/>
      </object_component>
      <object_component id="oc-51">
         <name>.debug_line</name>
         <load_address>0x670</load_address>
         <run_address>0x670</run_address>
         <size>0x9c</size>
         <input_file_ref idref="fl-14"/>
      </object_component>
      <object_component id="oc-56">
         <name>.debug_line</name>
         <load_address>0x70c</load_address>
         <run_address>0x70c</run_address>
         <size>0x6e</size>
         <input_file_ref idref="fl-14"/>
      </object_component>
      <object_component id="oc-5b">
         <name>.debug_line</name>
         <load_address>0x77a</load_address>
         <run_address>0x77a</run_address>
         <size>0x69</size>
         <input_file_ref idref="fl-14"/>
      </object_component>
      <object_component id="oc-61">
         <name>.debug_line</name>
         <load_address>0x7e3</load_address>
         <run_address>0x7e3</run_address>
         <size>0x4b</size>
         <input_file_ref idref="fl-2"/>
      </object_component>
      <object_component id="oc-6a">
         <name>.debug_line</name>
         <load_address>0x82e</load_address>
         <run_address>0x82e</run_address>
         <size>0x57</size>
         <input_file_ref idref="fl-2"/>
      </object_component>
      <object_component id="oc-6e">
         <name>.debug_line</name>
         <load_address>0x885</load_address>
         <run_address>0x885</run_address>
         <size>0x56</size>
         <input_file_ref idref="fl-2"/>
      </object_component>
      <object_component id="oc-72">
         <name>.debug_line</name>
         <load_address>0x8db</load_address>
         <run_address>0x8db</run_address>
         <size>0x31</size>
         <input_file_ref idref="fl-5"/>
      </object_component>
      <object_component id="oc-75">
         <name>.debug_line</name>
         <load_address>0x90c</load_address>
         <run_address>0x90c</run_address>
         <size>0x3e</size>
         <input_file_ref idref="fl-ee"/>
      </object_component>
      <object_component id="oc-79">
         <name>.debug_line</name>
         <load_address>0x94a</load_address>
         <run_address>0x94a</run_address>
         <size>0xb0</size>
         <input_file_ref idref="fl-6"/>
      </object_component>
      <object_component id="oc-7e">
         <name>.debug_line</name>
         <load_address>0x9fa</load_address>
         <run_address>0x9fa</run_address>
         <size>0x1d</size>
         <input_file_ref idref="fl-e7"/>
      </object_component>
      <object_component id="oc-87">
         <name>.debug_line</name>
         <load_address>0xa17</load_address>
         <run_address>0xa17</run_address>
         <size>0x1d</size>
         <input_file_ref idref="fl-e2"/>
      </object_component>
      <object_component id="oc-8a">
         <name>.debug_line</name>
         <load_address>0xa34</load_address>
         <run_address>0xa34</run_address>
         <size>0x30</size>
         <input_file_ref idref="fl-e8"/>
      </object_component>
      <object_component id="oc-8d">
         <name>.debug_line</name>
         <load_address>0xa64</load_address>
         <run_address>0xa64</run_address>
         <size>0x1d</size>
         <input_file_ref idref="fl-e8"/>
      </object_component>
      <object_component id="oc-91">
         <name>.debug_line</name>
         <load_address>0xa81</load_address>
         <run_address>0xa81</run_address>
         <size>0x1d</size>
         <input_file_ref idref="fl-e2"/>
      </object_component>
      <object_component id="oc-93">
         <name>.debug_line</name>
         <load_address>0xa9e</load_address>
         <run_address>0xa9e</run_address>
         <size>0x1d</size>
         <input_file_ref idref="fl-e4"/>
      </object_component>
      <object_component id="oc-96">
         <name>.debug_line</name>
         <load_address>0xabb</load_address>
         <run_address>0xabb</run_address>
         <size>0x1d</size>
         <input_file_ref idref="fl-e3"/>
      </object_component>
      <object_component id="oc-98">
         <name>.debug_line</name>
         <load_address>0xad8</load_address>
         <run_address>0xad8</run_address>
         <size>0x33</size>
         <input_file_ref idref="fl-2"/>
      </object_component>
      <object_component id="oc-9a">
         <name>.debug_line</name>
         <load_address>0xb0b</load_address>
         <run_address>0xb0b</run_address>
         <size>0x33</size>
         <input_file_ref idref="fl-2"/>
      </object_component>
      <object_component id="oc-9d">
         <name>.debug_line</name>
         <load_address>0xb3e</load_address>
         <run_address>0xb3e</run_address>
         <size>0x1d</size>
         <input_file_ref idref="fl-2"/>
      </object_component>
      <object_component id="oc-a1">
         <name>.debug_line</name>
         <load_address>0xb5b</load_address>
         <run_address>0xb5b</run_address>
         <size>0x6e</size>
         <input_file_ref idref="fl-f"/>
      </object_component>
      <object_component id="oc-a6">
         <name>.debug_line</name>
         <load_address>0xbc9</load_address>
         <run_address>0xbc9</run_address>
         <size>0x85</size>
         <input_file_ref idref="fl-f"/>
      </object_component>
      <object_component id="oc-ac">
         <name>.debug_line</name>
         <load_address>0xc4e</load_address>
         <run_address>0xc4e</run_address>
         <size>0x5e</size>
         <input_file_ref idref="fl-d"/>
      </object_component>
      <object_component id="oc-b1">
         <name>.debug_line</name>
         <load_address>0xcac</load_address>
         <run_address>0xcac</run_address>
         <size>0x8b</size>
         <input_file_ref idref="fl-14"/>
      </object_component>
      <object_component id="oc-b8">
         <name>.debug_line</name>
         <load_address>0xd37</load_address>
         <run_address>0xd37</run_address>
         <size>0x74</size>
         <input_file_ref idref="fl-14"/>
      </object_component>
      <object_component id="oc-bd">
         <name>.debug_line</name>
         <load_address>0xdab</load_address>
         <run_address>0xdab</run_address>
         <size>0x6b</size>
         <input_file_ref idref="fl-14"/>
      </object_component>
      <object_component id="oc-c2">
         <name>.debug_line</name>
         <load_address>0xe16</load_address>
         <run_address>0xe16</run_address>
         <size>0x76</size>
         <input_file_ref idref="fl-14"/>
      </object_component>
      <object_component id="oc-c8">
         <name>.debug_line</name>
         <load_address>0xe8c</load_address>
         <run_address>0xe8c</run_address>
         <size>0x5e</size>
         <input_file_ref idref="fl-11"/>
      </object_component>
      <object_component id="oc-cf">
         <name>.debug_line</name>
         <load_address>0xeea</load_address>
         <run_address>0xeea</run_address>
         <size>0xd5</size>
         <input_file_ref idref="fl-15"/>
      </object_component>
      <object_component id="oc-d3">
         <name>.debug_line</name>
         <load_address>0xfbf</load_address>
         <run_address>0xfbf</run_address>
         <size>0x33</size>
         <input_file_ref idref="fl-2"/>
      </object_component>
      <object_component id="oc-d7">
         <name>.debug_line</name>
         <load_address>0xff2</load_address>
         <run_address>0xff2</run_address>
         <size>0x5d</size>
         <input_file_ref idref="fl-12"/>
      </object_component>
      <object_component id="oc-da">
         <name>.debug_line</name>
         <load_address>0x104f</load_address>
         <run_address>0x104f</run_address>
         <size>0x60</size>
         <input_file_ref idref="fl-2"/>
      </object_component>
      <object_component id="oc-dd">
         <name>.debug_line</name>
         <load_address>0x10af</load_address>
         <run_address>0x10af</run_address>
         <size>0x33</size>
         <input_file_ref idref="fl-2"/>
      </object_component>
      <object_component id="oc-e1">
         <name>.debug_line</name>
         <load_address>0x10e2</load_address>
         <run_address>0x10e2</run_address>
         <size>0x3d</size>
         <input_file_ref idref="fl-2"/>
      </object_component>
      <object_component id="oc-e5">
         <name>.debug_line</name>
         <load_address>0x111f</load_address>
         <run_address>0x111f</run_address>
         <size>0x3e</size>
         <input_file_ref idref="fl-2"/>
      </object_component>
      <object_component id="oc-eb">
         <name>.debug_line</name>
         <load_address>0x115d</load_address>
         <run_address>0x115d</run_address>
         <size>0x66</size>
         <input_file_ref idref="fl-e7"/>
      </object_component>
      <object_component id="oc-ee">
         <name>.debug_line</name>
         <load_address>0x11c3</load_address>
         <run_address>0x11c3</run_address>
         <size>0x2a4</size>
         <input_file_ref idref="fl-3"/>
      </object_component>
      <object_component id="oc-f2">
         <name>.debug_line</name>
         <load_address>0x1467</load_address>
         <run_address>0x1467</run_address>
         <size>0x84</size>
         <input_file_ref idref="fl-16"/>
      </object_component>
      <object_component id="oc-105">
         <name>.debug_line</name>
         <load_address>0x14eb</load_address>
         <run_address>0x14eb</run_address>
         <size>0x57</size>
         <input_file_ref idref="fl-ea"/>
      </object_component>
      <object_component id="oc-107">
         <name>.debug_line</name>
         <load_address>0x1542</load_address>
         <run_address>0x1542</run_address>
         <size>0x28</size>
         <input_file_ref idref="fl-ea"/>
      </object_component>
      <object_component id="oc-10a">
         <name>.debug_line</name>
         <load_address>0x156a</load_address>
         <run_address>0x156a</run_address>
         <size>0x27</size>
         <input_file_ref idref="fl-e5"/>
      </object_component>
      <object_component id="oc-111">
         <name>.debug_line</name>
         <load_address>0x1591</load_address>
         <run_address>0x1591</run_address>
         <size>0x20</size>
         <input_file_ref idref="fl-d"/>
      </object_component>
      <object_component id="oc-116">
         <name>.debug_line</name>
         <load_address>0x15b1</load_address>
         <run_address>0x15b1</run_address>
         <size>0x73</size>
         <input_file_ref idref="fl-14"/>
      </object_component>
      <object_component id="oc-11b">
         <name>.debug_line</name>
         <load_address>0x1624</load_address>
         <run_address>0x1624</run_address>
         <size>0x20</size>
         <input_file_ref idref="fl-14"/>
      </object_component>
      <object_component id="oc-11e">
         <name>.debug_line</name>
         <load_address>0x1644</load_address>
         <run_address>0x1644</run_address>
         <size>0x20</size>
         <input_file_ref idref="fl-11"/>
      </object_component>
      <object_component id="oc-123">
         <name>.debug_line</name>
         <load_address>0x1664</load_address>
         <run_address>0x1664</run_address>
         <size>0x53</size>
         <input_file_ref idref="fl-14"/>
      </object_component>
      <object_component id="oc-129">
         <name>.debug_line</name>
         <load_address>0x16b7</load_address>
         <run_address>0x16b7</run_address>
         <size>0x8d</size>
         <input_file_ref idref="fl-14"/>
      </object_component>
      <object_component id="oc-12e">
         <name>.debug_line</name>
         <load_address>0x1744</load_address>
         <run_address>0x1744</run_address>
         <size>0x7b</size>
         <input_file_ref idref="fl-14"/>
      </object_component>
      <object_component id="oc-135">
         <name>.debug_line</name>
         <load_address>0x17bf</load_address>
         <run_address>0x17bf</run_address>
         <size>0xe2</size>
         <input_file_ref idref="fl-15"/>
      </object_component>
      <object_component id="oc-13a">
         <name>.debug_line</name>
         <load_address>0x18a1</load_address>
         <run_address>0x18a1</run_address>
         <size>0x7c</size>
         <input_file_ref idref="fl-15"/>
      </object_component>
      <object_component id="oc-13f">
         <name>.debug_line</name>
         <load_address>0x191d</load_address>
         <run_address>0x191d</run_address>
         <size>0x7d</size>
         <input_file_ref idref="fl-15"/>
      </object_component>
      <object_component id="oc-145">
         <name>.debug_line</name>
         <load_address>0x199a</load_address>
         <run_address>0x199a</run_address>
         <size>0x5d</size>
         <input_file_ref idref="fl-12"/>
      </object_component>
      <object_component id="oc-147">
         <name>.debug_line</name>
         <load_address>0x19f7</load_address>
         <run_address>0x19f7</run_address>
         <size>0x20</size>
         <input_file_ref idref="fl-12"/>
      </object_component>
      <object_component id="oc-14a">
         <name>.debug_line</name>
         <load_address>0x1a17</load_address>
         <run_address>0x1a17</run_address>
         <size>0x53</size>
         <input_file_ref idref="fl-11"/>
      </object_component>
      <object_component id="oc-14e">
         <name>.debug_line</name>
         <load_address>0x1a6a</load_address>
         <run_address>0x1a6a</run_address>
         <size>0x4e</size>
         <input_file_ref idref="fl-ee"/>
      </object_component>
      <object_component id="oc-151">
         <name>.debug_line</name>
         <load_address>0x1ab8</load_address>
         <run_address>0x1ab8</run_address>
         <size>0x41</size>
         <input_file_ref idref="fl-e3"/>
      </object_component>
      <object_component id="oc-155">
         <name>.debug_line</name>
         <load_address>0x1af9</load_address>
         <run_address>0x1af9</run_address>
         <size>0x42</size>
         <input_file_ref idref="fl-ee"/>
      </object_component>
      <object_component id="oc-159">
         <name>.debug_line</name>
         <load_address>0x1b3b</load_address>
         <run_address>0x1b3b</run_address>
         <size>0xeb</size>
         <input_file_ref idref="fl-eb"/>
      </object_component>
      <object_component id="oc-15f">
         <name>.debug_line</name>
         <load_address>0x1c26</load_address>
         <run_address>0x1c26</run_address>
         <size>0x63</size>
         <input_file_ref idref="fl-3"/>
      </object_component>
      <object_component id="oc-164">
         <name>.debug_line</name>
         <load_address>0x1c89</load_address>
         <run_address>0x1c89</run_address>
         <size>0x5a</size>
         <input_file_ref idref="fl-3"/>
      </object_component>
      <object_component id="oc-168">
         <name>.debug_line</name>
         <load_address>0x1ce3</load_address>
         <run_address>0x1ce3</run_address>
         <size>0x6d</size>
         <input_file_ref idref="fl-d"/>
      </object_component>
      <object_component id="oc-16f">
         <name>.debug_line</name>
         <load_address>0x1d50</load_address>
         <run_address>0x1d50</run_address>
         <size>0xab</size>
         <input_file_ref idref="fl-14"/>
      </object_component>
      <object_component id="oc-179">
         <name>.debug_line</name>
         <load_address>0x1dfb</load_address>
         <run_address>0x1dfb</run_address>
         <size>0x2a</size>
         <input_file_ref idref="fl-6"/>
      </object_component>
      <object_component id="oc-17b">
         <name>.debug_line</name>
         <load_address>0x1e25</load_address>
         <run_address>0x1e25</run_address>
         <size>0x2a</size>
         <input_file_ref idref="fl-6"/>
      </object_component>
      <object_component id="oc-17d">
         <name>.debug_line</name>
         <load_address>0x1e4f</load_address>
         <run_address>0x1e4f</run_address>
         <size>0x2a</size>
         <input_file_ref idref="fl-6"/>
      </object_component>
      <object_component id="oc-181">
         <name>.debug_line</name>
         <load_address>0x1e79</load_address>
         <run_address>0x1e79</run_address>
         <size>0x5d</size>
         <input_file_ref idref="fl-11"/>
      </object_component>
      <object_component id="oc-184">
         <name>.debug_line</name>
         <load_address>0x1ed6</load_address>
         <run_address>0x1ed6</run_address>
         <size>0x42</size>
         <input_file_ref idref="fl-3"/>
      </object_component>
      <object_component id="oc-188">
         <name>.debug_line</name>
         <load_address>0x1f18</load_address>
         <run_address>0x1f18</run_address>
         <size>0x5c</size>
         <input_file_ref idref="fl-13"/>
      </object_component>
      <object_component id="oc-18b">
         <name>.debug_line</name>
         <load_address>0x1f74</load_address>
         <run_address>0x1f74</run_address>
         <size>0x85</size>
         <input_file_ref idref="fl-6"/>
      </object_component>
      <object_component id="oc-18e">
         <name>.debug_line</name>
         <load_address>0x1ff9</load_address>
         <run_address>0x1ff9</run_address>
         <size>0x1d</size>
         <input_file_ref idref="fl-ea"/>
      </object_component>
      <object_component id="oc-190">
         <name>.debug_line</name>
         <load_address>0x2016</load_address>
         <run_address>0x2016</run_address>
         <size>0x40</size>
         <input_file_ref idref="fl-e5"/>
      </object_component>
      <object_component id="oc-192">
         <name>.debug_line</name>
         <load_address>0x2056</load_address>
         <run_address>0x2056</run_address>
         <size>0x5b</size>
         <input_file_ref idref="fl-f"/>
      </object_component>
      <object_component id="oc-198">
         <name>.debug_line</name>
         <load_address>0x20b1</load_address>
         <run_address>0x20b1</run_address>
         <size>0x7d</size>
         <input_file_ref idref="fl-15"/>
      </object_component>
      <object_component id="oc-19f">
         <name>.debug_line</name>
         <load_address>0x212e</load_address>
         <run_address>0x212e</run_address>
         <size>0x20</size>
         <input_file_ref idref="fl-15"/>
      </object_component>
      <object_component id="oc-1a2">
         <name>.debug_line</name>
         <load_address>0x214e</load_address>
         <run_address>0x214e</run_address>
         <size>0x53</size>
         <input_file_ref idref="fl-15"/>
      </object_component>
      <object_component id="oc-1a7">
         <name>.debug_line</name>
         <load_address>0x21a1</load_address>
         <run_address>0x21a1</run_address>
         <size>0x115</size>
         <input_file_ref idref="fl-f2"/>
      </object_component>
      <object_component id="oc-1aa">
         <name>.debug_line</name>
         <load_address>0x22b6</load_address>
         <run_address>0x22b6</run_address>
         <size>0x57</size>
         <input_file_ref idref="fl-f1"/>
      </object_component>
      <object_component id="oc-1ad">
         <name>.debug_line</name>
         <load_address>0x230d</load_address>
         <run_address>0x230d</run_address>
         <size>0x76</size>
         <input_file_ref idref="fl-f0"/>
      </object_component>
      <object_component id="oc-1b0">
         <name>.debug_line</name>
         <load_address>0x2383</load_address>
         <run_address>0x2383</run_address>
         <size>0x40</size>
         <input_file_ref idref="fl-ef"/>
      </object_component>
      <object_component id="oc-1b5">
         <name>.debug_line</name>
         <load_address>0x23c3</load_address>
         <run_address>0x23c3</run_address>
         <size>0x41</size>
         <input_file_ref idref="fl-e7"/>
      </object_component>
      <object_component id="oc-1b9">
         <name>.debug_line</name>
         <load_address>0x2404</load_address>
         <run_address>0x2404</run_address>
         <size>0x41</size>
         <input_file_ref idref="fl-eb"/>
      </object_component>
      <object_component id="oc-1bc">
         <name>.debug_line</name>
         <load_address>0x2445</load_address>
         <run_address>0x2445</run_address>
         <size>0x4e</size>
         <input_file_ref idref="fl-e7"/>
      </object_component>
      <object_component id="oc-1bf">
         <name>.debug_line</name>
         <load_address>0x2493</load_address>
         <run_address>0x2493</run_address>
         <size>0x40</size>
         <input_file_ref idref="fl-e7"/>
      </object_component>
      <object_component id="oc-1c4">
         <name>.debug_line</name>
         <load_address>0x24d3</load_address>
         <run_address>0x24d3</run_address>
         <size>0x42</size>
         <input_file_ref idref="fl-3"/>
      </object_component>
      <object_component id="oc-1c7">
         <name>.debug_line</name>
         <load_address>0x2515</load_address>
         <run_address>0x2515</run_address>
         <size>0x1f0</size>
         <input_file_ref idref="fl-14"/>
      </object_component>
      <object_component id="oc-1cd">
         <name>.debug_line</name>
         <load_address>0x2705</load_address>
         <run_address>0x2705</run_address>
         <size>0x6b</size>
         <input_file_ref idref="fl-17"/>
      </object_component>
      <object_component id="oc-1d1">
         <name>.debug_line</name>
         <load_address>0x2770</load_address>
         <run_address>0x2770</run_address>
         <size>0x55</size>
         <input_file_ref idref="fl-16"/>
      </object_component>
      <object_component id="oc-1d3">
         <name>.debug_line</name>
         <load_address>0x27c5</load_address>
[...]
            <allocated_space>
               <start_address>0x26c</start_address>
               <size>0x2488</size>
               <logical_group_ref idref="lg-4"/>
            </allocated_space>
            <allocated_space>
               <start_address>0x26f4</start_address>
               <size>0x1588</size>
               <logical_group_ref idref="lg-5"/>
            </allocated_space>
            <available_space>
               <start_address>0x3c7c</start_address>
               <size>0x4</size>
            </available_space>
            <allocated_space>
               <start_address>0x3c80</start_address>
               <size>0x48</size>
               <logical_group_ref idref="lg-6"/>
            </allocated_space>
            <available_space>
               <start_address>0x3cc8</start_address>
               <size>0x3c338</size>
            </available_space>
         </usage_details>
      </memory_area>
      <memory_area>
         <name>SRAM</name>
         <page_id>0x0</page_id>
         <origin>0x20000000</origin>
         <length>0x8000</length>
         <used_space>0x284</used_space>
         <unused_space>0x7d7c</unused_space>
         <attributes>RWX</attributes>
         <usage_details>
            <allocated_space>
               <start_address>0x20000000</start_address>
               <size>0x200</size>
               <logical_group_ref idref="lg-d"/>
            </allocated_space>
            <allocated_space>
               <start_address>0x20000200</start_address>
               <size>0x58</size>
               <logical_group_ref idref="lg-b"/>
            </allocated_space>
            <allocated_space>
               <start_address>0x20000258</start_address>
               <size>0x2c</size>
               <logical_group_ref idref="lg-a"/>
            </allocated_space>
            <available_space>
               <start_address>0x20000284</start_address>
               <size>0x7d7c</size>
            </available_space>
         </usage_details>
      </memory_area>
   </placement_map>
   <cptbl_list>
      <cptbl>
         <name>__TI_cinit_table</name>
         <cprec>
            <name>.data</name>
            <load_address>0x3c80</load_address>
            <load_size>0x1e</load_size>
            <run_address>0x20000258</run_address>
            <run_size>0x2c</run_size>
            <compression>rle</compression>
         </cprec>
         <cprec>
            <name>.bss</name>
            <load_address>0x3cb0</load_address>
            <load_size>0x8</load_size>
            <run_address>0x20000200</run_address>
            <run_size>0x58</run_size>
            <compression>zero_init</compression>
         </cprec>
      </cptbl>
   </cptbl_list>
   <handler_table>
      <handler_table_name>__TI_handler_table</handler_table_name>
      <handler>
         <index>0x0</index>
         <name>__TI_decompress_rle24</name>
      </handler>
      <handler>
         <index>0x1</index>
         <name>__TI_decompress_none</name>
      </handler>
      <handler>
         <index>0x2</index>
         <name>__TI_zero_init</name>
      </handler>
   </handler_table>
   <symbol_table>
      <symbol id="sm-1">
         <name>__STACK_TOP</name>
         <value>0x20000200</value>
      </symbol>
      <symbol id="sm-2">
         <name>__TI_CINIT_Base</name>
         <value>0x3cb8</value>
      </symbol>
      <symbol id="sm-3">
         <name>__TI_CINIT_Limit</name>
         <value>0x3cc8</value>
      </symbol>
      <symbol id="sm-4">
         <name>__TI_Handler_Table_Base</name>
         <value>0x3ca0</value>
      </symbol>
      <symbol id="sm-5">
         <name>__TI_Handler_Table_Limit</name>
         <value>0x3cac</value>
      </symbol>
      <symbol id="sm-6">
         <name>binit</name>
         <value>0xffffffff</value>
      </symbol>
      <symbol id="sm-7">
         <name>__binit__</name>
         <value>0xffffffff</value>
      </symbol>
      <symbol id="sm-8">
         <name>__STACK_SIZE</name>
         <value>0x200</value>
      </symbol>
      <symbol id="sm-9">
         <name>__STACK_END</name>
         <value>0x20000200</value>
      </symbol>
      <symbol id="sm-a">
         <name>__c_args__</name>
         <value>0xffffffff</value>
      </symbol>
      <symbol id="sm-aa">
         <name>g_u8State</name>
         <value>0x2000027e</value>
         <object_component_ref idref="oc-41"/>
      </symbol>
      <symbol id="sm-ab">
         <name>g_floTouchCalibrationB</name>
         <value>0x2000023c</value>
         <object_component_ref idref="oc-43"/>
      </symbol>
      <symbol id="sm-ac">
         <name>g_floTouchCalibrationC</name>
         <value>0x20000240</value>
         <object_component_ref idref="oc-43"/>
      </symbol>
      <symbol id="sm-ad">
         <name>g_floTouchCalibrationA</name>
         <value>0x20000238</value>
         <object_component_ref idref="oc-43"/>
      </symbol>
      <symbol id="sm-ae">
         <name>g_floTouchCalibrationD</name>
         <value>0x20000244</value>
         <object_component_ref idref="oc-43"/>
      </symbol>
      <symbol id="sm-af">
         <name>g_i16X</name>
         <value>0x2000027a</value>
         <object_component_ref idref="oc-41"/>
      </symbol>
      <symbol id="sm-b0">
         <name>g_i16Y</name>
         <value>0x2000027c</value>
         <object_component_ref idref="oc-41"/>
      </symbol>
      <symbol id="sm-b1">
         <name>DrawCross</name>
         <value>0x20ff</value>
         <object_component_ref idref="oc-5e"/>
      </symbol>
      <symbol id="sm-b2">
         <name>TouchCalibrationCallback</name>
         <value>0xf69</value>
         <object_component_ref idref="oc-21"/>
      </symbol>
      <symbol id="sm-b3">
         <name>TouchScreenInit</name>
         <value>0xe4d</value>
         <object_component_ref idref="oc-21"/>
      </symbol>
      <symbol id="sm-b4">
         <name>g_u8TouchCallbackSemaphore</name>
         <value>0x2000027f</value>
         <object_component_ref idref="oc-41"/>
      </symbol>
      <symbol id="sm-b5">
         <name>TouchScreenCallbackSet</name>
         <value>0xf59</value>
         <object_component_ref idref="oc-21"/>
      </symbol>
      <symbol id="sm-b6">
         <name>TouchScreenCalibrate</name>
         <value>0xfa9</value>
         <object_component_ref idref="oc-21"/>
      </symbol>
      <symbol id="sm-b7">
         <name>g_enuTSState</name>
         <value>0x20000278</value>
         <object_component_ref idref="oc-41"/>
      </symbol>
      <symbol id="sm-b8">
         <name>g_u32TouchDebouncer</name>
         <value>0x20000234</value>
         <object_component_ref idref="oc-43"/>
      </symbol>
      <symbol id="sm-b9">
         <name>g_i16TouchX</name>
         <value>0x2000022c</value>
         <object_component_ref idref="oc-43"/>
      </symbol>
      <symbol id="sm-ba">
         <name>g_i16TouchY</name>
         <value>0x2000022e</value>
         <object_component_ref idref="oc-43"/>
      </symbol>
      <symbol id="sm-bb">
         <name>TouchScreenIntHandler</name>
         <value>0xd15</value>
         <object_component_ref idref="oc-21"/>
      </symbol>
      <symbol id="sm-145">
         <name>TFT_HW_SetRect</name>
         <value>0x1f8d</value>
         <object_component_ref idref="oc-15c"/>
      </symbol>
      <symbol id="sm-146">
         <name>TFT_HW_Command</name>
         <value>0x26d</value>
         <object_component_ref idref="oc-ec"/>
      </symbol>
      <symbol id="sm-147">
         <name>ILI9341_240x320x262K_Init</name>
         <value>0x721</value>
         <object_component_ref idref="oc-ec"/>
      </symbol>
      <symbol id="sm-148">
         <name>TFT_HW_Write</name>
         <value>0x2585</value>
         <object_component_ref idref="oc-161"/>
      </symbol>
      <symbol id="sm-149">
         <name>TFT_HW_Read</name>
         <value>0x29f</value>
         <object_component_ref idref="oc-ec"/>
      </symbol>
      <symbol id="sm-14a">
         <name>g_sILI9341_240x320x262K</name>
         <value>0x3c24</value>
         <object_component_ref idref="oc-fd"/>
      </symbol>
      <symbol id="sm-16a">
         <name>ResetISR</name>
         <value>0x26d5</value>
         <object_component_ref idref="oc-1d"/>
      </symbol>
      <symbol id="sm-16b">
         <name>g_pfnVectors</name>
         <value>0x0</value>
         <object_component_ref idref="oc-e"/>
      </symbol>
      <symbol id="sm-19c">
         <name>TouchCallback</name>
         <value>0x1727</value>
         <object_component_ref idref="oc-77"/>
      </symbol>
      <symbol id="sm-19d">
         <name>SysTickIntHandler</name>
         <value>0x171d</value>
         <object_component_ref idref="oc-77"/>
      </symbol>
      <symbol id="sm-19e">
         <name>showProcedureScreen</name>
         <value>0x1829</value>
         <object_component_ref idref="oc-77"/>
      </symbol>
      <symbol id="sm-19f">
         <name>i32CenterY</name>
         <value>0x20000250</value>
         <object_component_ref idref="oc-f5"/>
      </symbol>
      <symbol id="sm-1a0">
         <name>i32CenterX</name>
         <value>0x2000024c</value>
         <object_component_ref idref="oc-f5"/>
      </symbol>
      <symbol id="sm-1a1">
         <name>g_bConnected</name>
         <value>0x20000258</value>
         <object_component_ref idref="oc-f9"/>
      </symbol>
      <symbol id="sm-1a2">
         <name>sContext</name>
         <value>0x20000200</value>
         <object_component_ref idref="oc-f7"/>
      </symbol>
      <symbol id="sm-1a3">
         <name>main</name>
         <value>0x189f</value>
         <object_component_ref idref="oc-77"/>
      </symbol>
      <symbol id="sm-1a4">
         <name>g_bSuspended</name>
         <value>0x2000025c</value>
         <object_component_ref idref="oc-f9"/>
      </symbol>
      <symbol id="sm-1a5">
         <name>i32CenterY_temp</name>
         <value>0x20000264</value>
         <object_component_ref idref="oc-f9"/>
      </symbol>
      <symbol id="sm-1a6">
         <name>i32CenterX_temp</name>
         <value>0x20000260</value>
         <object_component_ref idref="oc-f9"/>
      </symbol>
      <symbol id="sm-1a7">
         <name>g_ui32SysTickCount</name>
         <value>0x20000248</value>
         <object_component_ref idref="oc-f5"/>
      </symbol>
      <symbol id="sm-1bf">
         <name>SysCtlGPIOAHBEnable</name>
         <value>0x2615</value>
         <object_component_ref idref="oc-166"/>
      </symbol>
      <symbol id="sm-1da">
         <name>GPIOPinTypeADC</name>
         <value>0x2691</value>
         <object_component_ref idref="oc-45"/>
      </symbol>
      <symbol id="sm-1db">
         <name>GPIODirModeSet</name>
         <value>0x2505</value>
         <object_component_ref idref="oc-9f"/>
      </symbol>
      <symbol id="sm-1dc">
         <name>GPIOPadConfigSet</name>
         <value>0x1da3</value>
         <object_component_ref idref="oc-a4"/>
      </symbol>
      <symbol id="sm-1fc">
         <name>g_sFontCm16b</name>
         <value>0x3b5c</value>
         <object_component_ref idref="oc-fb"/>
      </symbol>
      <symbol id="sm-20c">
         <name>g_sFontCm14b</name>
         <value>0x3a94</value>
         <object_component_ref idref="oc-65"/>
      </symbol>
      <symbol id="sm-21c">
         <name>g_sFontCm12</name>
         <value>0x39cc</value>
         <object_component_ref idref="oc-ff"/>
      </symbol>
      <symbol id="sm-339">
         <name>GrFontInfoGet</name>
         <value>0x25ad</value>
         <object_component_ref idref="oc-c0"/>
      </symbol>
      <symbol id="sm-33a">
         <name>GrDefaultStringRenderer</name>
         <value>0x1c1d</value>
         <object_component_ref idref="oc-16d"/>
      </symbol>
      <symbol id="sm-33b">
         <name>GrFontGlyphRender</name>
         <value>0x14b7</value>
         <object_component_ref idref="oc-1c5"/>
      </symbol>
      <symbol id="sm-33c">
         <name>GrContextFontSet</name>
         <value>0x26e9</value>
         <object_component_ref idref="oc-4a"/>
      </symbol>
      <symbol id="sm-33d">
         <name>GrFontGlyphDataGet</name>
         <value>0x25d3</value>
         <object_component_ref idref="oc-bb"/>
      </symbol>
      <symbol id="sm-33e">
         <name>GrStringDraw</name>
         <value>0x26a3</value>
         <object_component_ref idref="oc-59"/>
      </symbol>
      <symbol id="sm-33f">
         <name>GrFontCodepageGet</name>
         <value>0x25f5</value>
         <object_component_ref idref="oc-114"/>
      </symbol>
      <symbol id="sm-340">
         <name>GrStringNextCharGet</name>
         <value>0x2559</value>
         <object_component_ref idref="oc-b6"/>
      </symbol>
      <symbol id="sm-341">
         <name>GrStringWidthGet</name>
         <value>0x2095</value>
         <object_component_ref idref="oc-4f"/>
      </symbol>
      <symbol id="sm-342">
         <name>GrFontBaselineGet</name>
         <value>0x252f</value>
         <object_component_ref idref="oc-54"/>
      </symbol>
      <symbol id="sm-3a5">
         <name>GrLineDrawH</name>
         <value>0x23c5</value>
         <object_component_ref idref="oc-138"/>
      </symbol>
      <symbol id="sm-3a6">
         <name>GrLineDrawV</name>
         <value>0x240b</value>
         <object_component_ref idref="oc-13d"/>
      </symbol>
      <symbol id="sm-3a7">
         <name>GrLineDraw</name>
         <value>0x1b1d</value>
         <object_component_ref idref="oc-cd"/>
      </symbol>
      <symbol id="sm-3c3">
         <name>GrContextInit</name>
         <value>0x2165</value>
         <object_component_ref idref="oc-f0"/>
      </symbol>
      <symbol id="sm-3c4">
         <name>g_psDefaultCodePointMapTable</name>
         <value>0x3c6c</value>
         <object_component_ref idref="oc-172"/>
      </symbol>
      <symbol id="sm-3d0">
         <name>GrMapISO8859_1_Unicode</name>
         <value>0x26e1</value>
         <object_component_ref idref="oc-1cb"/>
      </symbol>
      <symbol id="sm-3de">
         <name>_c_int00</name>
         <value>0x237d</value>
         <object_component_ref idref="oc-10"/>
      </symbol>
      <symbol id="sm-3df">
         <name>__stack</name>
         <value>0x20000000</value>
         <object_component_ref idref="oc-1c"/>
      </symbol>
      <symbol id="sm-3ed">
         <name>__TI_decompress_none</name>
         <value>0x26c7</value>
         <object_component_ref idref="oc-13"/>
      </symbol>
      <symbol id="sm-40a">
         <name>__TI_decompress_rle24</name>
         <value>0x26ef</value>
         <object_component_ref idref="oc-19"/>
      </symbol>
      <symbol id="sm-416">
         <name>__TI_zero_init</name>
         <value>0x26b5</value>
         <object_component_ref idref="oc-16"/>
      </symbol>
      <symbol id="sm-431">
         <name>C$$EXIT</name>
         <value>0x2451</value>
         <object_component_ref idref="oc-2e"/>
      </symbol>
      <symbol id="sm-432">
         <name>_dtors_ptr</name>
         <value>0x20000274</value>
         <object_component_ref idref="oc-82"/>
      </symbol>
      <symbol id="sm-433">
         <name>abort</name>
         <value>0x2455</value>
         <object_component_ref idref="oc-2e"/>
      </symbol>
      <symbol id="sm-434">
         <name>_cleanup_ptr</name>
         <value>0x20000270</value>
         <object_component_ref idref="oc-82"/>
      </symbol>
      <symbol id="sm-435">
         <name>exit</name>
         <value>0x245d</value>
         <object_component_ref idref="oc-2e"/>
      </symbol>
      <symbol id="sm-449">
         <name>memcpy</name>
         <value>0x1e5b</value>
         <object_component_ref idref="oc-34"/>
      </symbol>
      <symbol id="sm-44a">
         <name>__aeabi_memcpy</name>
         <value>0x1e5b</value>
         <object_component_ref idref="oc-34"/>
      </symbol>
      <symbol id="sm-44b">
         <name>__aeabi_memcpy8</name>
         <value>0x1e5b</value>
         <object_component_ref idref="oc-34"/>
      </symbol>
      <symbol id="sm-44c">
         <name>__aeabi_memcpy4</name>
         <value>0x1e5b</value>
         <object_component_ref idref="oc-34"/>
      </symbol>
      <symbol id="sm-46d">
         <name>sprintf</name>
         <value>0x21c9</value>
         <object_component_ref idref="oc-e9"/>
      </symbol>
      <symbol id="sm-478">
         <name>main_func_sp</name>
         <value>0x20000280</value>
         <object_component_ref idref="oc-31"/>
      </symbol>
      <symbol id="sm-48e">
         <name>_nop</name>
         <value>0x2659</value>
         <object_component_ref idref="oc-103"/>
      </symbol>
      <symbol id="sm-48f">
         <name>_lock</name>
         <value>0x20000268</value>
         <object_component_ref idref="oc-80"/>
      </symbol>
      <symbol id="sm-490">
         <name>_unlock</name>
         <value>0x2000026c</value>
         <object_component_ref idref="oc-80"/>
      </symbol>
      <symbol id="sm-491">
         <name>_register_lock</name>
         <value>0x2653</value>
         <object_component_ref idref="oc-103"/>
      </symbol>
      <symbol id="sm-492">
         <name>_register_unlock</name>
         <value>0x264d</value>
         <object_component_ref idref="oc-103"/>
      </symbol>
      <symbol id="sm-4d0">
         <name>_printfi_minimal</name>
         <value>0x1407</value>
         <object_component_ref idref="oc-157"/>
      </symbol>
      <symbol id="sm-4d9">
         <name>_args_main</name>
         <value>0x2665</value>
         <object_component_ref idref="oc-2b"/>
      </symbol>
      <symbol id="sm-4f2">
         <name>__TI_auto_init</name>
         <value>0x1ef9</value>
         <object_component_ref idref="oc-28"/>
      </symbol>
      <symbol id="sm-507">
         <name>copy_in</name>
         <value>0x22e5</value>
         <object_component_ref idref="oc-73"/>
      </symbol>
      <symbol id="sm-514">
         <name>memccpy</name>
         <value>0x2631</value>
         <object_component_ref idref="oc-1ae"/>
      </symbol>
      <symbol id="sm-521">
         <name>__aeabi_memset</name>
         <value>0x201f</value>
         <object_component_ref idref="oc-1ab"/>
      </symbol>
      <symbol id="sm-522">
         <name>memset</name>
         <value>0x2025</value>
         <object_component_ref idref="oc-1ab"/>
      </symbol>
      <symbol id="sm-523">
         <name>__aeabi_memset8</name>
         <value>0x201f</value>
         <object_component_ref idref="oc-1ab"/>
      </symbol>
      <symbol id="sm-524">
         <name>__aeabi_memset4</name>
         <value>0x201f</value>
         <object_component_ref idref="oc-1ab"/>
      </symbol>
      <symbol id="sm-525">
         <name>__aeabi_memclr8</name>
         <value>0x201d</value>
         <object_component_ref idref="oc-1ab"/>
      </symbol>
      <symbol id="sm-526">
         <name>__aeabi_memclr4</name>
         <value>0x201d</value>
         <object_component_ref idref="oc-1ab"/>
      </symbol>
      <symbol id="sm-527">
         <name>__aeabi_memclr</name>
         <value>0x201d</value>
         <object_component_ref idref="oc-1ab"/>
      </symbol>
      <symbol id="sm-532">
         <name>strlen</name>
         <value>0x267d</value>
         <object_component_ref idref="oc-1a8"/>
      </symbol>
      <symbol id="sm-54c">
         <name>__aeabi_uldivmod</name>
         <value>0x1929</value>
         <object_component_ref idref="oc-1a5"/>
      </symbol>
      <symbol id="sm-54d">
         <name>__TI_static_base__</name>
         <value>0x0</value>
      </symbol>
      <symbol id="sm-54e">
         <name>__TI_args_main</name>
         <value>0x1</value>
      </symbol>
      <symbol id="sm-54f">
         <name>SHT$$INIT_ARRAY$$Limit</name>
         <value>0x0</value>
      </symbol>
      <symbol id="sm-550">
         <name>SHT$$INIT_ARRAY$$Base</name>
         <value>0x0</value>
      </symbol>
   </symbol_table>
</link_info>
