******************************************************************************
                  TI ARM Linker PC v5.0.4                      
******************************************************************************
>> Linked Tue Jul 09 13:32:54 2013

OUTPUT FILE NAME:   <test.hex>
ENTRY POINT SYMBOL: "_c_int00"  address: 00000b41


MEMORY CONFIGURATION

         name            origin    length      used     unused   attr    fill
----------------------  --------  ---------  --------  --------  ----  --------
  FLASH                 00000000   00040000  00000ed2  0003f12e  R  X
  SRAM                  20000000   00008000  00000214  00007dec  RW X


SEGMENT ALLOCATION MAP

run origin  load origin   length   init length attrs members
----------  ----------- ---------- ----------- ----- -------
00000000    00000000    00000ed8   00000ed8    r-x
  00000000    00000000    00000dce   00000dce    r-x .text
  00000dd0    00000dd0    000000e4   000000e4    r-- .const
  00000eb8    00000eb8    00000020   00000020    r-- .cinit
20000000    20000000    00000200   00000000    rw-
  20000000    20000000    00000200   00000000    rw- .stack
20000200    20000200    00000014   00000014    rw-
  20000200    20000200    00000014   00000014    rw- .data


SECTION ALLOCATION MAP

 output                                  attributes/
section   page    origin      length       input sections
--------  ----  ----------  ----------   ----------------
.text      0    00000000    00000dce     
                  00000000    0000047c     main.obj (.text)
                  0000047c    00000136     rtsv7M4_T_le_v4SPD16_eabi.lib : fd_div_t2.obj (.text)
                  000005b2    00000002     --HOLE-- [fill = 0]
                  000005b4    00000104     driverlib.lib : sysctl.obj (.text:SysCtlClockSet)
                  000006b8    000000fc     rtsv7M4_T_le_v4SPD16_eabi.lib : fd_mul_t2.obj (.text)
                  000007b4    000000b8     driverlib.lib : gpio.obj (.text:GPIOPadConfigSet)
                  0000086c    000000b4                   : sysctl.obj (.text:SysCtlClockGet)
                  00000920    0000009c     rtsv7M4_T_le_v4SPD16_eabi.lib : memcpy_t2.obj (.text)
                  000009bc    00000094                                   : auto_init.obj (.text)
                  00000a50    0000005e                                   : copy_decompress_rle.obj (.text)
                  00000aae    0000004a                                   : fd_tos_t2.obj (.text)
                  00000af8    00000048     driverlib.lib : gpio.obj (.text:GPIOPinConfigure)
                  00000b40    00000048     rtsv7M4_T_le_v4SPD16_eabi.lib : boot.obj (.text)
                  00000b88    00000044                                   : cpy_tbl.obj (.text)
                  00000bcc    00000044                                   : fd_tou_t2.obj (.text)
                  00000c10    00000040                                   : exit.obj (.text)
                  00000c50    00000034     driverlib.lib : sysctl.obj (.text:SysCtlPeripheralEnable)
                  00000c84    0000002a                   : gpio.obj (.text:GPIODirModeSet)
                  00000cae    00000022                   : pwm.obj (.text:PWMGenConfigure)
                  00000cd0    00000020     rtsv7M4_T_le_v4SPD16_eabi.lib : u_tofd_t2.obj (.text)
                  00000cf0    0000001e     driverlib.lib : pwm.obj (.text:PWMPulseWidthSet)
                  00000d0e    00000002     --HOLE-- [fill = 0]
                  00000d10    00000018     rtsv7M4_T_le_v4SPD16_eabi.lib : args_main.obj (.text)
                  00000d28    00000014     driverlib.lib : sysctl.obj (.text:SysCtlPWMClockSet)
                  00000d3c    00000014     rtsv7M4_T_le_v4SPD16_eabi.lib : _lock.obj (.text)
                  00000d50    00000012     driverlib.lib : gpio.obj (.text:GPIOPinTypeGPIOInput)
                  00000d62    00000012                   : gpio.obj (.text:GPIOPinTypePWM)
                  00000d74    00000012                   : pwm.obj (.text:PWMOutputState)
                  00000d86    00000010                   : pwm.obj (.text:PWMGenPeriodSet)
                  00000d96    0000000e     rtsv7M4_T_le_v4SPD16_eabi.lib : copy_decompress_none.obj (.text:decompress:none)
                  00000da4    0000000c     driverlib.lib : pwm.obj (.text:PWMGenDisable)
                  00000db0    0000000c                   : pwm.obj (.text:PWMGenEnable)
                  00000dbc    00000006                   : gpio.obj (.text:GPIOPinRead)
                  00000dc2    00000006                   : sysctl.obj (.text:SysCtlDelay)
                  00000dc8    00000006     rtsv7M4_T_le_v4SPD16_eabi.lib : copy_decompress_rle.obj (.text:decompress:rle24)

.init_array 
*          0    00000000    00000000     UNINITIALIZED

.const     0    00000dd0    000000e4     
                  00000dd0    00000078     driverlib.lib : gpio.obj (.const:g_pui32GPIOBaseAddrs)
                  00000e48    0000006c                   : sysctl.obj (.const:g_pui32Xtals)

.cinit     0    00000eb8    00000020     
                  00000eb8    0000000f     (.cinit..data.load) [load image, compression = rle]
                  00000ec7    00000001     --HOLE-- [fill = 0]
                  00000ec8    00000008     (__TI_handler_table)
                  00000ed0    00000008     (__TI_cinit_table)

.stack     0    20000000    00000200     UNINITIALIZED
                  20000000    00000200     --HOLE--

.data      0    20000200    00000014     
                  20000200    00000008     rtsv7M4_T_le_v4SPD16_eabi.lib : _lock.obj (.data)
                  20000208    00000008                                   : exit.obj (.data)
                  20000210    00000004                                   : stkdepth_vars.obj (.data)


LINKER GENERATED COPY TABLES

__TI_cinit_table @ 00000ed0 records: 1, size/record: 8, table size: 8
	.data: load addr=00000eb8, load size=0000000f bytes, run addr=20000200, run size=00000014 bytes, compression=rle


LINKER GENERATED HANDLER TABLE

__TI_handler_table @ 00000ec8 records: 2, size/record: 4, table size: 8
	index: 0, handler: __TI_decompress_rle24
	index: 1, handler: __TI_decompress_none


GLOBAL SYMBOLS: SORTED ALPHABETICALLY BY Name 

address    name
--------   ----
00000c11   C$$EXIT
00000c85   GPIODirModeSet
000007b5   GPIOPadConfigSet
00000af9   GPIOPinConfigure
00000dbd   GPIOPinRead
00000d51   GPIOPinTypeGPIOInput
00000d63   GPIOPinTypePWM
00000caf   PWMGenConfigure
00000da5   PWMGenDisable
00000db1   PWMGenEnable
00000d87   PWMGenPeriodSet
00000d75   PWMOutputState
00000cf1   PWMPulseWidthSet
UNDEFED    SHT$$INIT_ARRAY$$Base
UNDEFED    SHT$$INIT_ARRAY$$Limit
0000086d   SysCtlClockGet
000005b5   SysCtlClockSet
00000dc3   SysCtlDelay
00000d29   SysCtlPWMClockSet
00000c51   SysCtlPeripheralEnable
20000200   __STACK_END
00000200   __STACK_SIZE
20000200   __STACK_TOP
00000ed0   __TI_CINIT_Base
00000ed8   __TI_CINIT_Limit
00000ec8   __TI_Handler_Table_Base
00000ed0   __TI_Handler_Table_Limit
00000001   __TI_args_main
000009bd   __TI_auto_init
00000d97   __TI_decompress_none
00000dc9   __TI_decompress_rle24
00000000   __TI_static_base__
00000aaf   __aeabi_d2f
00000bcd   __aeabi_d2uiz
0000047d   __aeabi_ddiv
000006b9   __aeabi_dmul
00000921   __aeabi_memcpy
00000921   __aeabi_memcpy4
00000921   __aeabi_memcpy8
00000cd1   __aeabi_ui2d
ffffffff   __binit__
ffffffff   __c_args__
20000000   __stack
00000d11   _args_main
00000b41   _c_int00
20000208   _cleanup_ptr
2000020c   _dtors_ptr
20000200   _lock
00000d4b   _nop
00000d43   _register_lock
00000d3d   _register_unlock
20000204   _unlock
00000c15   abort
ffffffff   binit
00000b89   copy_in
00000c1d   exit
000000b9   main
20000210   main_func_sp
00000921   memcpy
00000001   playSound


GLOBAL SYMBOLS: SORTED BY Symbol Address 

address    name
--------   ----
00000000   __TI_static_base__
00000001   __TI_args_main
00000001   playSound
000000b9   main
00000200   __STACK_SIZE
0000047d   __aeabi_ddiv
000005b5   SysCtlClockSet
000006b9   __aeabi_dmul
000007b5   GPIOPadConfigSet
0000086d   SysCtlClockGet
00000921   __aeabi_memcpy
00000921   __aeabi_memcpy4
00000921   __aeabi_memcpy8
00000921   memcpy
000009bd   __TI_auto_init
00000aaf   __aeabi_d2f
00000af9   GPIOPinConfigure
00000b41   _c_int00
00000b89   copy_in
00000bcd   __aeabi_d2uiz
00000c11   C$$EXIT
00000c15   abort
00000c1d   exit
00000c51   SysCtlPeripheralEnable
00000c85   GPIODirModeSet
00000caf   PWMGenConfigure
00000cd1   __aeabi_ui2d
00000cf1   PWMPulseWidthSet
00000d11   _args_main
00000d29   SysCtlPWMClockSet
00000d3d   _register_unlock
00000d43   _register_lock
00000d4b   _nop
00000d51   GPIOPinTypeGPIOInput
00000d63   GPIOPinTypePWM
00000d75   PWMOutputState
00000d87   PWMGenPeriodSet
00000d97   __TI_decompress_none
00000da5   PWMGenDisable
00000db1   PWMGenEnable
00000dbd   GPIOPinRead
00000dc3   SysCtlDelay
00000dc9   __TI_decompress_rle24
00000ec8   __TI_Handler_Table_Base
00000ed0   __TI_CINIT_Base
00000ed0   __TI_Handler_Table_Limit
00000ed8   __TI_CINIT_Limit
20000000   __stack
20000200   __STACK_END
20000200   __STACK_TOP
20000200   _lock
20000204   _unlock
20000208   _cleanup_ptr
2000020c   _dtors_ptr
20000210   main_func_sp
ffffffff   __binit__
ffffffff   __c_args__
ffffffff   binit
UNDEFED    SHT$$INIT_ARRAY$$Base
UNDEFED    SHT$$INIT_ARRAY$$Limit

[60 symbols]
