******************************************************************************
                  TI ARM Linker PC v5.2.5                      
******************************************************************************
>> Linked Thu Jan 09 14:21:38 2020

OUTPUT FILE NAME:   <PWM_EXAMPLE.out>
ENTRY POINT SYMBOL: "_c_int00"  address: 00000a15


MEMORY CONFIGURATION

         name            origin    length      used     unused   attr    fill
----------------------  --------  ---------  --------  --------  ----  --------
  FLASH                 00000000   00040000  00000c4e  0003f3b2  R  X
  SRAM                  20000000   00008000  00000214  00007dec  RW X


SEGMENT ALLOCATION MAP

run origin  load origin   length   init length attrs members
----------  ----------- ---------- ----------- ----- -------
00000000    00000000    00000c50   00000c50    r-x
  00000000    00000000    0000026c   0000026c    r-- .intvecs
  0000026c    0000026c    000009c2   000009c2    r-x .text
  00000c30    00000c30    00000020   00000020    r-- .cinit
20000000    20000000    00000214   00000000    rw-
  20000000    20000000    00000200   00000000    rw- .stack
  20000200    20000200    00000014   00000000    rw- .data


SECTION ALLOCATION MAP

 output                                  attributes/
section   page    origin      length       input sections
--------  ----  ----------  ----------   ----------------
.intvecs   0    00000000    0000026c     
                  00000000    0000026c     tm4c123gh6pge_startup_ccs.obj (.intvecs)

.text      0    0000026c    000009c2     
                  0000026c    00000254     main.obj (.text)
                  000004c0    00000136     rtsv7M4_T_le_v4SPD16_eabi.lib : fd_div_t2.obj (.text)
                  000005f6    00000132     driverlib.lib : gpio.obj (.text:GPIOPadConfigSet)
                  00000728    000000fc     rtsv7M4_T_le_v4SPD16_eabi.lib : fd_mul_t2.obj (.text)
                  00000824    0000009c                                   : memcpy_t2.obj (.text)
                  000008c0    0000007a                                   : memset_t2.obj (.text)
                  0000093a    00000002     --HOLE-- [fill = 0]
                  0000093c    0000006c                                   : autoinit.obj (.text)
                  000009a8    0000006a                                   : copy_decompress_rle.obj (.text)
                  00000a12    00000002     --HOLE-- [fill = 0]
                  00000a14    00000050                                   : boot.obj (.text)
                  00000a64    0000004c                                   : cpy_tbl.obj (.text)
                  00000ab0    00000048                                   : fd_tos_t2.obj (.text)
                  00000af8    00000044                                   : exit.obj (.text)
                  00000b3c    00000044                                   : fd_tou_t2.obj (.text)
                  00000b80    0000002a     driverlib.lib : gpio.obj (.text:GPIODirModeSet)
                  00000baa    00000020     rtsv7M4_T_le_v4SPD16_eabi.lib : u_tofd_t2.obj (.text)
                  00000bca    00000002     --HOLE-- [fill = 0]
                  00000bcc    00000018                                   : args_main.obj (.text)
                  00000be4    00000014                                   : _lock.obj (.text)
                  00000bf8    00000012     driverlib.lib : gpio.obj (.text:GPIOPinTypeGPIOInput)
                  00000c0a    0000000e     rtsv7M4_T_le_v4SPD16_eabi.lib : copy_decompress_none.obj (.text:decompress:none)
                  00000c18    0000000c     tm4c123gh6pge_startup_ccs.obj (.text)
                  00000c24    00000006     rtsv7M4_T_le_v4SPD16_eabi.lib : copy_decompress_rle.obj (.text:decompress:rle24)
                  00000c2a    00000004                                   : pre_init.obj (.text)

.cinit     0    00000c30    00000020     
                  00000c30    0000000f     (.cinit..data.load) [load image, compression = rle]
                  00000c3f    00000001     --HOLE-- [fill = 0]
                  00000c40    00000008     (__TI_handler_table)
                  00000c48    00000008     (__TI_cinit_table)

.init_array 
*          0    00000000    00000000     UNINITIALIZED

.stack     0    20000000    00000200     UNINITIALIZED
                  20000000    00000200     --HOLE--

.data      0    20000200    00000014     UNINITIALIZED
                  20000200    00000008     rtsv7M4_T_le_v4SPD16_eabi.lib : _lock.obj (.data)
                  20000208    00000008                                   : exit.obj (.data)
                  20000210    00000004                                   : stkdepth_vars.obj (.data)

.TI.persistent 
*          0    20000200    00000000     UNINITIALIZED


LINKER GENERATED COPY TABLES

__TI_cinit_table @ 00000c48 records: 1, size/record: 8, table size: 8
	.data: load addr=00000c30, load size=0000000f bytes, run addr=20000200, run size=00000014 bytes, compression=rle


LINKER GENERATED HANDLER TABLE

__TI_handler_table @ 00000c40 records: 2, size/record: 4, table size: 8
	index: 0, handler: __TI_decompress_rle24
	index: 1, handler: __TI_decompress_none


GLOBAL SYMBOLS: SORTED ALPHABETICALLY BY Name 

address   name                    
-------   ----                    
00000af9  C$$EXIT                 
00000b81  GPIODirModeSet          
000005f7  GPIOPadConfigSet        
00000bf9  GPIOPinTypeGPIOInput    
000003af  Melody                  
00000c19  ResetISR                
UNDEFED   SHT$$INIT_ARRAY$$Base   
UNDEFED   SHT$$INIT_ARRAY$$Limit  
20000200  __STACK_END             
00000200  __STACK_SIZE            
20000200  __STACK_TOP             
00000c48  __TI_CINIT_Base         
00000c50  __TI_CINIT_Limit        
00000c40  __TI_Handler_Table_Base 
00000c48  __TI_Handler_Table_Limit
0000093d  __TI_auto_init          
20000208  __TI_cleanup_ptr        
00000c0b  __TI_decompress_none    
00000c25  __TI_decompress_rle24   
2000020c  __TI_dtors_ptr          
00000000  __TI_static_base__      
00000ab1  __aeabi_d2f             
00000b3d  __aeabi_d2uiz           
000004c1  __aeabi_ddiv            
00000729  __aeabi_dmul            
000008c1  __aeabi_memclr          
000008c1  __aeabi_memclr4         
000008c1  __aeabi_memclr8         
00000825  __aeabi_memcpy          
00000825  __aeabi_memcpy4         
00000825  __aeabi_memcpy8         
000008c3  __aeabi_memset          
000008c3  __aeabi_memset4         
000008c3  __aeabi_memset8         
00000bab  __aeabi_ui2d            
ffffffff  __binit__               
ffffffff  __c_args__              
20000000  __stack                 
00000bcd  _args_main              
00000a15  _c_int00                
20000200  _lock                   
00000bf3  _nop                    
00000beb  _register_lock          
00000be5  _register_unlock        
00000c2b  _system_pre_init        
20000204  _unlock                 
00000afd  abort                   
ffffffff  binit                   
00000a65  copy_in                 
00000b05  exit                    
00000000  g_pfnVectors            
000003eb  main                    
20000210  main_func_sp            
00000825  memcpy                  
000008c9  memset                  
0000038f  noteA                   
0000039f  noteB                   
0000033f  noteC                   
0000034f  noteD                   
0000035f  noteE                   
0000036f  noteF                   
0000037f  noteG                   
0000026d  playSound               


GLOBAL SYMBOLS: SORTED BY Symbol Address 

address   name                    
-------   ----                    
00000000  __TI_static_base__      
00000000  g_pfnVectors            
00000200  __STACK_SIZE            
0000026d  playSound               
0000033f  noteC                   
0000034f  noteD                   
0000035f  noteE                   
0000036f  noteF                   
0000037f  noteG                   
0000038f  noteA                   
0000039f  noteB                   
000003af  Melody                  
000003eb  main                    
000004c1  __aeabi_ddiv            
000005f7  GPIOPadConfigSet        
00000729  __aeabi_dmul            
00000825  __aeabi_memcpy          
00000825  __aeabi_memcpy4         
00000825  __aeabi_memcpy8         
00000825  memcpy                  
000008c1  __aeabi_memclr          
000008c1  __aeabi_memclr4         
000008c1  __aeabi_memclr8         
000008c3  __aeabi_memset          
000008c3  __aeabi_memset4         
000008c3  __aeabi_memset8         
000008c9  memset                  
0000093d  __TI_auto_init          
00000a15  _c_int00                
00000a65  copy_in                 
00000ab1  __aeabi_d2f             
00000af9  C$$EXIT                 
00000afd  abort                   
00000b05  exit                    
00000b3d  __aeabi_d2uiz           
00000b81  GPIODirModeSet          
00000bab  __aeabi_ui2d            
00000bcd  _args_main              
00000be5  _register_unlock        
00000beb  _register_lock          
00000bf3  _nop                    
00000bf9  GPIOPinTypeGPIOInput    
00000c0b  __TI_decompress_none    
00000c19  ResetISR                
00000c25  __TI_decompress_rle24   
00000c2b  _system_pre_init        
00000c40  __TI_Handler_Table_Base 
00000c48  __TI_CINIT_Base         
00000c48  __TI_Handler_Table_Limit
00000c50  __TI_CINIT_Limit        
20000000  __stack                 
20000200  __STACK_END             
20000200  __STACK_TOP             
20000200  _lock                   
20000204  _unlock                 
20000208  __TI_cleanup_ptr        
2000020c  __TI_dtors_ptr          
20000210  main_func_sp            
ffffffff  __binit__               
ffffffff  __c_args__              
ffffffff  binit                   
UNDEFED   SHT$$INIT_ARRAY$$Base   
UNDEFED   SHT$$INIT_ARRAY$$Limit  

[63 symbols]
