<?xml version="1.0"?>
<link_info>
   <banner>TI ARM Linker PC v5.2.5</banner>
   <copyright>Copyright (c) 1996-2015 Texas Instruments Incorporated</copyright>
   <link_time>0x5de90594</link_time>
   <link_errors>0x0</link_errors>
   <output_file>EminFirstProject.out</output_file>
   <entry_point>
      <name>_c_int00</name>
      <address>0x6f1</address>
   </entry_point>
   <input_file_list>
      <input_file id="fl-2">
         <path>.\</path>
         <kind>object</kind>
         <file>main.obj</file>
         <name>main.obj</name>
      </input_file>
      <input_file id="fl-3">
         <path>.\</path>
         <kind>object</kind>
         <file>tm4c123gh6pge_startup_ccs.obj</file>
         <name>tm4c123gh6pge_startup_ccs.obj</name>
      </input_file>
      <input_file id="fl-9">
         <path>C:\ti\TivaWare\driverlib\ccs\Debug\</path>
         <kind>archive</kind>
         <file>driverlib.lib</file>
         <name>gpio.obj</name>
      </input_file>
      <input_file id="fl-a">
         <path>C:\ti\TivaWare\driverlib\ccs\Debug\</path>
         <kind>archive</kind>
         <file>driverlib.lib</file>
         <name>interrupt.obj</name>
      </input_file>
      <input_file id="fl-b">
         <path>C:\ti\TivaWare\driverlib\ccs\Debug\</path>
         <kind>archive</kind>
         <file>driverlib.lib</file>
         <name>sysctl.obj</name>
      </input_file>
      <input_file id="fl-c">
         <path>C:\ti\TivaWare\driverlib\ccs\Debug\</path>
         <kind>archive</kind>
         <file>driverlib.lib</file>
         <name>cpu.obj</name>
      </input_file>
      <input_file id="fl-12e">
         <path>C:\ti\ccsv6\tools\compiler\ti-cgt-arm_5.2.5\lib\</path>
         <kind>archive</kind>
         <file>rtsv7M4_T_le_v4SPD16_eabi.lib</file>
         <name>boot.obj</name>
      </input_file>
      <input_file id="fl-12f">
         <path>C:\ti\ccsv6\tools\compiler\ti-cgt-arm_5.2.5\lib\</path>
         <kind>archive</kind>
         <file>rtsv7M4_T_le_v4SPD16_eabi.lib</file>
         <name>copy_decompress_none.obj</name>
      </input_file>
      <input_file id="fl-130">
         <path>C:\ti\ccsv6\tools\compiler\ti-cgt-arm_5.2.5\lib\</path>
         <kind>archive</kind>
         <file>rtsv7M4_T_le_v4SPD16_eabi.lib</file>
         <name>copy_decompress_rle.obj</name>
      </input_file>
      <input_file id="fl-131">
         <path>C:\ti\ccsv6\tools\compiler\ti-cgt-arm_5.2.5\lib\</path>
         <kind>archive</kind>
         <file>rtsv7M4_T_le_v4SPD16_eabi.lib</file>
         <name>copy_zero_init.obj</name>
      </input_file>
      <input_file id="fl-132">
         <path>C:\ti\ccsv6\tools\compiler\ti-cgt-arm_5.2.5\lib\</path>
         <kind>archive</kind>
         <file>rtsv7M4_T_le_v4SPD16_eabi.lib</file>
         <name>exit.obj</name>
      </input_file>
      <input_file id="fl-133">
         <path>C:\ti\ccsv6\tools\compiler\ti-cgt-arm_5.2.5\lib\</path>
         <kind>archive</kind>
         <file>rtsv7M4_T_le_v4SPD16_eabi.lib</file>
         <name>memcpy_t2.obj</name>
      </input_file>
      <input_file id="fl-134">
         <path>C:\ti\ccsv6\tools\compiler\ti-cgt-arm_5.2.5\lib\</path>
         <kind>archive</kind>
         <file>rtsv7M4_T_le_v4SPD16_eabi.lib</file>
         <name>memset_t2.obj</name>
      </input_file>
      <input_file id="fl-135">
         <path>C:\ti\ccsv6\tools\compiler\ti-cgt-arm_5.2.5\lib\</path>
         <kind>archive</kind>
         <file>rtsv7M4_T_le_v4SPD16_eabi.lib</file>
         <name>pre_init.obj</name>
      </input_file>
      <input_file id="fl-136">
         <path>C:\ti\ccsv6\tools\compiler\ti-cgt-arm_5.2.5\lib\</path>
         <kind>archive</kind>
         <file>rtsv7M4_T_le_v4SPD16_eabi.lib</file>
         <name>stkdepth_vars.obj</name>
      </input_file>
      <input_file id="fl-137">
         <path>C:\ti\ccsv6\tools\compiler\ti-cgt-arm_5.2.5\lib\</path>
         <kind>archive</kind>
         <file>rtsv7M4_T_le_v4SPD16_eabi.lib</file>
         <name>_lock.obj</name>
      </input_file>
      <input_file id="fl-138">
         <path>C:\ti\ccsv6\tools\compiler\ti-cgt-arm_5.2.5\lib\</path>
         <kind>archive</kind>
         <file>rtsv7M4_T_le_v4SPD16_eabi.lib</file>
         <name>args_main.obj</name>
      </input_file>
      <input_file id="fl-139">
         <path>C:\ti\ccsv6\tools\compiler\ti-cgt-arm_5.2.5\lib\</path>
         <kind>archive</kind>
         <file>rtsv7M4_T_le_v4SPD16_eabi.lib</file>
         <name>autoinit.obj</name>
      </input_file>
      <input_file id="fl-13a">
         <path>C:\ti\ccsv6\tools\compiler\ti-cgt-arm_5.2.5\lib\</path>
         <kind>archive</kind>
         <file>rtsv7M4_T_le_v4SPD16_eabi.lib</file>
         <name>cpy_tbl.obj</name>
      </input_file>
   </input_file_list>
   <object_component_list>
      <object_component id="oc-f">
         <name>.intvecs</name>
         <load_address>0x0</load_address>
         <run_address>0x0</run_address>
         <size>0x26c</size>
         <input_file_ref idref="fl-3"/>
      </object_component>
      <object_component id="oc-f6">
         <name>.text:GPIOPadConfigSet</name>
         <load_address>0x26c</load_address>
         <run_address>0x26c</run_address>
         <size>0x132</size>
         <input_file_ref idref="fl-9"/>
      </object_component>
      <object_component id="oc-d0">
         <name>.text:SysCtlClockGet</name>
         <load_address>0x3a0</load_address>
         <run_address>0x3a0</run_address>
         <size>0x110</size>
         <input_file_ref idref="fl-b"/>
      </object_component>
      <object_component id="oc-33">
         <name>.text</name>
         <load_address>0x4b0</load_address>
         <run_address>0x4b0</run_address>
         <size>0x9c</size>
         <input_file_ref idref="fl-133"/>
      </object_component>
      <object_component id="oc-4c">
         <name>.text</name>
         <load_address>0x54c</load_address>
         <run_address>0x54c</run_address>
         <size>0x7a</size>
         <input_file_ref idref="fl-134"/>
      </object_component>
      <object_component id="oc-5e">
         <name>.text</name>
         <load_address>0x5c8</load_address>
         <run_address>0x5c8</run_address>
         <size>0x6c</size>
         <input_file_ref idref="fl-139"/>
      </object_component>
      <object_component id="oc-3f">
         <name>.text</name>
         <load_address>0x634</load_address>
         <run_address>0x634</run_address>
         <size>0x6a</size>
         <input_file_ref idref="fl-130"/>
      </object_component>
      <object_component id="oc-9d">
         <name>.text</name>
         <load_address>0x6a0</load_address>
         <run_address>0x6a0</run_address>
         <size>0x50</size>
         <input_file_ref idref="fl-2"/>
      </object_component>
      <object_component id="oc-24">
         <name>.text</name>
         <load_address>0x6f0</load_address>
         <run_address>0x6f0</run_address>
         <size>0x50</size>
         <input_file_ref idref="fl-12e"/>
      </object_component>
      <object_component id="oc-95">
         <name>.text</name>
         <load_address>0x740</load_address>
         <run_address>0x740</run_address>
         <size>0x4c</size>
         <input_file_ref idref="fl-13a"/>
      </object_component>
      <object_component id="oc-6a">
         <name>.text</name>
         <load_address>0x78c</load_address>
         <run_address>0x78c</run_address>
         <size>0x44</size>
         <input_file_ref idref="fl-132"/>
      </object_component>
      <object_component id="oc-be">
         <name>.text:SysCtlPeripheralEnable</name>
         <load_address>0x7d0</load_address>
         <run_address>0x7d0</run_address>
         <size>0x34</size>
         <input_file_ref idref="fl-b"/>
      </object_component>
      <object_component id="oc-fc">
         <name>.text:GPIODirModeSet</name>
         <load_address>0x804</load_address>
         <run_address>0x804</run_address>
         <size>0x2a</size>
         <input_file_ref idref="fl-9"/>
      </object_component>
      <object_component id="oc-c4">
         <name>.text:GPIOPinTypeGPIOOutput</name>
         <load_address>0x82e</load_address>
         <run_address>0x82e</run_address>
         <size>0x18</size>
         <input_file_ref idref="fl-9"/>
      </object_component>
      <object_component id="oc-64">
         <name>.text</name>
         <load_address>0x848</load_address>
         <run_address>0x848</run_address>
         <size>0x18</size>
         <input_file_ref idref="fl-138"/>
      </object_component>
      <object_component id="oc-df">
         <name>.text</name>
         <load_address>0x860</load_address>
         <run_address>0x860</run_address>
         <size>0x14</size>
         <input_file_ref idref="fl-137"/>
      </object_component>
      <object_component id="oc-12">
         <name>.text:decompress:none</name>
         <load_address>0x874</load_address>
         <run_address>0x874</run_address>
         <size>0xe</size>
         <input_file_ref idref="fl-12f"/>
      </object_component>
      <object_component id="oc-2a">
         <name>.text</name>
         <load_address>0x882</load_address>
         <run_address>0x882</run_address>
         <size>0xc</size>
         <input_file_ref idref="fl-3"/>
      </object_component>
      <object_component id="oc-ca">
         <name>.text:GPIOPinWrite</name>
         <load_address>0x88e</load_address>
         <run_address>0x88e</run_address>
         <size>0x6</size>
         <input_file_ref idref="fl-9"/>
      </object_component>
      <object_component id="oc-d6">
         <name>.text:SysCtlDelay</name>
         <load_address>0x894</load_address>
         <run_address>0x894</run_address>
         <size>0x6</size>
         <input_file_ref idref="fl-b"/>
      </object_component>
      <object_component id="oc-18">
         <name>.text:decompress:rle24</name>
         <load_address>0x89a</load_address>
         <run_address>0x89a</run_address>
         <size>0x6</size>
         <input_file_ref idref="fl-130"/>
      </object_component>
      <object_component id="oc-58">
         <name>.text</name>
         <load_address>0x8a0</load_address>
         <run_address>0x8a0</run_address>
         <size>0x4</size>
         <input_file_ref idref="fl-135"/>
      </object_component>
      <object_component id="oc-105">
         <name>.const:g_pui32Xtals</name>
         <load_address>0x8a4</load_address>
         <run_address>0x8a4</run_address>
         <size>0x6c</size>
         <input_file_ref idref="fl-b"/>
      </object_component>
      <object_component id="oc-141">
         <name>.cinit..data.load</name>
         <load_address>0x910</load_address>
         <run_address>0x910</run_address>
         <size>0xf</size>
      </object_component>
      <object_component id="oc-13f">
         <name>__TI_handler_table</name>
         <load_address>0x920</load_address>
         <run_address>0x920</run_address>
         <size>0x8</size>
      </object_component>
      <object_component id="oc-140">
         <name>__TI_cinit_table</name>
         <load_address>0x928</load_address>
         <run_address>0x928</run_address>
         <size>0x8</size>
      </object_component>
      <object_component id="oc-29">
         <name>.stack</name>
         <uninitialized>true</uninitialized>
         <run_address>0x20000000</run_address>
         <size>0x0</size>
         <input_file_ref idref="fl-12e"/>
      </object_component>
      <object_component id="oc-142">
         <name>.stack</name>
         <uninitialized>true</uninitialized>
         <run_address>0x20000000</run_address>
         <size>0x0</size>
      </object_component>
      <object_component id="oc-a8">
         <name>.data</name>
         <load_address>0x20000208</load_address>
         <run_address>0x20000208</run_address>
         <size>0x8</size>
         <input_file_ref idref="fl-132"/>
      </object_component>
      <object_component id="oc-70">
         <name>.data</name>
         <load_address>0x20000210</load_address>
         <run_address>0x20000210</run_address>
         <size>0x4</size>
         <input_file_ref idref="fl-136"/>
      </object_component>
      <object_component id="oc-a5">
         <name>.data</name>
         <load_address>0x20000200</load_address>
         <run_address>0x20000200</run_address>
         <size>0x8</size>
         <input_file_ref idref="fl-137"/>
      </object_component>
      <object_component id="oc-9e">
         <name>.debug_info</name>
         <load_address>0x0</load_address>
         <run_address>0x0</run_address>
         <size>0x18f</size>
         <input_file_ref idref="fl-2"/>
      </object_component>
      <object_component id="oc-77">
         <name>.debug_info</name>
         <load_address>0x18f</load_address>
         <run_address>0x18f</run_address>
         <size>0x84</size>
         <input_file_ref idref="fl-2"/>
      </object_component>
      <object_component id="oc-7c">
         <name>.debug_info</name>
         <load_address>0x213</load_address>
         <run_address>0x213</run_address>
         <size>0x18b</size>
         <input_file_ref idref="fl-2"/>
      </object_component>
      <object_component id="oc-32">
         <name>.debug_info</name>
         <load_address>0x39e</load_address>
         <run_address>0x39e</run_address>
         <size>0x113</size>
         <input_file_ref idref="fl-3"/>
      </object_component>
      <object_component id="oc-10">
         <name>.debug_info</name>
         <load_address>0x4b1</load_address>
         <run_address>0x4b1</run_address>
         <size>0xf8</size>
         <input_file_ref idref="fl-3"/>
      </object_component>
      <object_component id="oc-2b">
         <name>.debug_info</name>
         <load_address>0x5a9</load_address>
         <run_address>0x5a9</run_address>
         <size>0x27c</size>
         <input_file_ref idref="fl-3"/>
      </object_component>
      <object_component id="oc-103">
         <name>.debug_info</name>
         <load_address>0x825</load_address>
         <run_address>0x825</run_address>
         <size>0x230</size>
         <input_file_ref idref="fl-9"/>
      </object_component>
      <object_component id="oc-cb">
         <name>.debug_info</name>
         <load_address>0xa55</load_address>
         <run_address>0xa55</run_address>
         <size>0x2a3</size>
         <input_file_ref idref="fl-9"/>
      </object_component>
      <object_component id="oc-fd">
         <name>.debug_info</name>
         <load_address>0xcf8</load_address>
         <run_address>0xcf8</run_address>
         <size>0x2b3</size>
         <input_file_ref idref="fl-9"/>
      </object_component>
      <object_component id="oc-f7">
         <name>.debug_info</name>
         <load_address>0xfab</load_address>
         <run_address>0xfab</run_address>
         <size>0x316</size>
         <input_file_ref idref="fl-9"/>
      </object_component>
      <object_component id="oc-c5">
         <name>.debug_info</name>
         <load_address>0x12c1</load_address>
         <run_address>0x12c1</run_address>
         <size>0x2b7</size>
         <input_file_ref idref="fl-9"/>
      </object_component>
      <object_component id="oc-113">
         <name>.debug_info</name>
         <load_address>0x1578</load_address>
         <run_address>0x1578</run_address>
         <size>0x8b</size>
         <input_file_ref idref="fl-9"/>
      </object_component>
      <object_component id="oc-f5">
         <name>.debug_info</name>
         <load_address>0x1603</load_address>
         <run_address>0x1603</run_address>
         <size>0x27f</size>
         <input_file_ref idref="fl-b"/>
      </object_component>
      <object_component id="oc-106">
         <name>.debug_info</name>
         <load_address>0x1882</load_address>
         <run_address>0x1882</run_address>
         <size>0x14d</size>
         <input_file_ref idref="fl-b"/>
      </object_component>
      <object_component id="oc-c0">
         <name>.debug_info</name>
         <load_address>0x19cf</load_address>
         <run_address>0x19cf</run_address>
         <size>0x27d</size>
         <input_file_ref idref="fl-b"/>
      </object_component>
      <object_component id="oc-d1">
         <name>.debug_info</name>
         <load_address>0x1c4c</load_address>
         <run_address>0x1c4c</run_address>
         <size>0x2b5</size>
         <input_file_ref idref="fl-b"/>
      </object_component>
      <object_component id="oc-10e">
         <name>.debug_info</name>
         <load_address>0x1f01</load_address>
         <run_address>0x1f01</run_address>
         <size>0x5f</size>
         <input_file_ref idref="fl-b"/>
      </object_component>
      <object_component id="oc-26">
         <name>.debug_info</name>
         <load_address>0x1f60</load_address>
         <run_address>0x1f60</run_address>
         <size>0x134</size>
         <input_file_ref idref="fl-12e"/>
      </object_component>
      <object_component id="oc-3e">
         <name>.debug_info</name>
         <load_address>0x2094</load_address>
         <run_address>0x2094</run_address>
         <size>0x121</size>
         <input_file_ref idref="fl-12f"/>
      </object_component>
      <object_component id="oc-13">
         <name>.debug_info</name>
         <load_address>0x21b5</load_address>
         <run_address>0x21b5</run_address>
         <size>0x1c0</size>
         <input_file_ref idref="fl-12f"/>
      </object_component>
      <object_component id="oc-39">
         <name>.debug_info</name>
         <load_address>0x2375</load_address>
         <run_address>0x2375</run_address>
         <size>0x46</size>
         <input_file_ref idref="fl-12f"/>
      </object_component>
      <object_component id="oc-82">
         <name>.debug_info</name>
         <load_address>0x23bb</load_address>
         <run_address>0x23bb</run_address>
         <size>0x2c</size>
         <input_file_ref idref="fl-12f"/>
      </object_component>
      <object_component id="oc-46">
         <name>.debug_info</name>
         <load_address>0x23e7</load_address>
         <run_address>0x23e7</run_address>
         <size>0x115</size>
         <input_file_ref idref="fl-130"/>
      </object_component>
      <object_component id="oc-43">
         <name>.debug_info</name>
         <load_address>0x24fc</load_address>
         <run_address>0x24fc</run_address>
         <size>0x228</size>
         <input_file_ref idref="fl-130"/>
      </object_component>
      <object_component id="oc-1c">
         <name>.debug_info</name>
         <load_address>0x2724</load_address>
         <run_address>0x2724</run_address>
         <size>0x192</size>
         <input_file_ref idref="fl-130"/>
      </object_component>
      <object_component id="oc-47">
         <name>.debug_info</name>
         <load_address>0x28b6</load_address>
         <run_address>0x28b6</run_address>
         <size>0x39</size>
         <input_file_ref idref="fl-130"/>
      </object_component>
      <object_component id="oc-8c">
         <name>.debug_info</name>
         <load_address>0x28ef</load_address>
         <run_address>0x28ef</run_address>
         <size>0x2c</size>
         <input_file_ref idref="fl-130"/>
      </object_component>
      <object_component id="oc-ac">
         <name>.debug_info</name>
         <load_address>0x291b</load_address>
         <run_address>0x291b</run_address>
         <size>0x172</size>
         <input_file_ref idref="fl-132"/>
      </object_component>
      <object_component id="oc-a9">
         <name>.debug_info</name>
         <load_address>0x2a8d</load_address>
         <run_address>0x2a8d</run_address>
         <size>0x117</size>
         <input_file_ref idref="fl-132"/>
      </object_component>
      <object_component id="oc-6b">
         <name>.debug_info</name>
         <load_address>0x2ba4</load_address>
         <run_address>0x2ba4</run_address>
         <size>0x1ee</size>
         <input_file_ref idref="fl-132"/>
      </object_component>
      <object_component id="oc-34">
         <name>.debug_info</name>
         <load_address>0x2d92</load_address>
         <run_address>0x2d92</run_address>
         <size>0xf6</size>
         <input_file_ref idref="fl-133"/>
      </object_component>
      <object_component id="oc-4d">
         <name>.debug_info</name>
         <load_address>0x2e88</load_address>
         <run_address>0x2e88</run_address>
         <size>0x124</size>
         <input_file_ref idref="fl-134"/>
      </object_component>
      <object_component id="oc-59">
         <name>.debug_info</name>
         <load_address>0x2fac</load_address>
         <run_address>0x2fac</run_address>
         <size>0x129</size>
         <input_file_ref idref="fl-135"/>
      </object_component>
      <object_component id="oc-71">
         <name>.debug_info</name>
         <load_address>0x30d5</load_address>
         <run_address>0x30d5</run_address>
         <size>0xea</size>
         <input_file_ref idref="fl-136"/>
      </object_component>
      <object_component id="oc-e7">
         <name>.debug_info</name>
         <load_address>0x31bf</load_address>
         <run_address>0x31bf</run_address>
         <size>0x105</size>
         <input_file_ref idref="fl-137"/>
      </object_component>
      <object_component id="oc-a6">
         <name>.debug_info</name>
         <load_address>0x32c4</load_address>
         <run_address>0x32c4</run_address>
         <size>0xf4</size>
         <input_file_ref idref="fl-137"/>
      </object_component>
      <object_component id="oc-e0">
         <name>.debug_info</name>
         <load_address>0x33b8</load_address>
         <run_address>0x33b8</run_address>
         <size>0x200</size>
         <input_file_ref idref="fl-137"/>
      </object_component>
      <object_component id="oc-a4">
         <name>.debug_info</name>
         <load_address>0x35b8</load_address>
         <run_address>0x35b8</run_address>
         <size>0x147</size>
         <input_file_ref idref="fl-138"/>
      </object_component>
      <object_component id="oc-65">
         <name>.debug_info</name>
         <load_address>0x36ff</load_address>
         <run_address>0x36ff</run_address>
         <size>0x148</size>
         <input_file_ref idref="fl-138"/>
      </object_component>
      <object_component id="oc-da">
         <name>.debug_info</name>
         <load_address>0x3847</load_address>
         <run_address>0x3847</run_address>
         <size>0x5e</size>
         <input_file_ref idref="fl-138"/>
      </object_component>
      <object_component id="oc-9c">
         <name>.debug_info</name>
         <load_address>0x38a5</load_address>
         <run_address>0x38a5</run_address>
         <size>0x29e</size>
         <input_file_ref idref="fl-139"/>
      </object_component>
      <object_component id="oc-61">
         <name>.debug_info</name>
         <load_address>0x3b43</load_address>
         <run_address>0x3b43</run_address>
         <size>0x158</size>
         <input_file_ref idref="fl-139"/>
      </object_component>
      <object_component id="oc-b4">
         <name>.debug_info</name>
         <load_address>0x3c9b</load_address>
         <run_address>0x3c9b</run_address>
         <size>0x39</size>
         <input_file_ref idref="fl-139"/>
      </object_component>
      <object_component id="oc-b9">
         <name>.debug_info</name>
         <load_address>0x3cd4</load_address>
         <run_address>0x3cd4</run_address>
         <size>0xcd</size>
         <input_file_ref idref="fl-139"/>
      </object_component>
      <object_component id="oc-b1">
         <name>.debug_info</name>
         <load_address>0x3da1</load_address>
         <run_address>0x3da1</run_address>
         <size>0x1c1</size>
         <input_file_ref idref="fl-13a"/>
      </object_component>
      <object_component id="oc-99">
         <name>.debug_info</name>
         <load_address>0x3f62</load_address>
         <run_address>0x3f62</run_address>
         <size>0x164</size>
         <input_file_ref idref="fl-13a"/>
      </object_component>
      <object_component id="oc-ef">
         <name>.debug_info</name>
         <load_address>0x40c6</load_address>
         <run_address>0x40c6</run_address>
         <size>0x2c</size>
         <input_file_ref idref="fl-13a"/>
      </object_component>
      <object_component id="oc-143">
         <name>.debug_info</name>
         <load_address>0x40f2</load_address>
         <run_address>0x40f2</run_address>
         <size>0xb1</size>
      </object_component>
      <object_component id="oc-a1">
         <name>.debug_line</name>
         <load_address>0x0</load_address>
         <run_address>0x0</run_address>
         <size>0x4b</size>
         <input_file_ref idref="fl-2"/>
      </object_component>
      <object_component id="oc-7a">
         <name>.debug_line</name>
         <load_address>0x4b</load_address>
         <run_address>0x4b</run_address>
         <size>0x20</size>
         <input_file_ref idref="fl-2"/>
      </object_component>
      <object_component id="oc-7f">
         <name>.debug_line</name>
         <load_address>0x6b</load_address>
         <run_address>0x6b</run_address>
         <size>0x60</size>
         <input_file_ref idref="fl-2"/>
      </object_component>
      <object_component id="oc-76">
         <name>.debug_line</name>
         <load_address>0xcb</load_address>
         <run_address>0xcb</run_address>
         <size>0x42</size>
         <input_file_ref idref="fl-3"/>
      </object_component>
      <object_component id="oc-31">
         <name>.debug_line</name>
         <load_address>0x10d</load_address>
         <run_address>0x10d</run_address>
         <size>0x42</size>
         <input_file_ref idref="fl-3"/>
      </object_component>
      <object_component id="oc-2e">
         <name>.debug_line</name>
         <load_address>0x14f</load_address>
         <run_address>0x14f</run_address>
         <size>0xa2</size>
         <input_file_ref idref="fl-3"/>
      </object_component>
      <object_component id="oc-11b">
         <name>.debug_line</name>
         <load_address>0x1f1</load_address>
         <run_address>0x1f1</run_address>
         <size>0x82</size>
         <input_file_ref idref="fl-9"/>
      </object_component>
      <object_component id="oc-ce">
         <name>.debug_line</name>
         <load_address>0x273</load_address>
         <run_address>0x273</run_address>
         <size>0x92</size>
         <input_file_ref idref="fl-9"/>
      </object_component>
      <object_component id="oc-100">
         <name>.debug_line</name>
         <load_address>0x305</load_address>
         <run_address>0x305</run_address>
         <size>0x95</size>
         <input_file_ref idref="fl-9"/>
      </object_component>
      <object_component id="oc-fa">
         <name>.debug_line</name>
         <load_address>0x39a</load_address>
         <run_address>0x39a</run_address>
         <size>0xd1</size>
         <input_file_ref idref="fl-9"/>
      </object_component>
      <object_component id="oc-c8">
         <name>.debug_line</name>
         <load_address>0x46b</load_address>
         <run_address>0x46b</run_address>
         <size>0x99</size>
         <input_file_ref idref="fl-9"/>
      </object_component>
      <object_component id="oc-116">
         <name>.debug_line</name>
         <load_address>0x504</load_address>
         <run_address>0x504</run_address>
         <size>0x20</size>
         <input_file_ref idref="fl-9"/>
      </object_component>
      <object_component id="oc-10d">
         <name>.debug_line</name>
         <load_address>0x524</load_address>
         <run_address>0x524</run_address>
         <size>0x13d</size>
         <input_file_ref idref="fl-b"/>
      </object_component>
      <object_component id="oc-11d">
         <name>.debug_line</name>
         <load_address>0x661</load_address>
         <run_address>0x661</run_address>
         <size>0x7f</size>
         <input_file_ref idref="fl-b"/>
      </object_component>
      <object_component id="oc-bf">
         <name>.debug_line</name>
         <load_address>0x6e0</load_address>
         <run_address>0x6e0</run_address>
         <size>0x94</size>
         <input_file_ref idref="fl-b"/>
      </object_component>
      <object_component id="oc-d4">
         <name>.debug_line</name>
         <load_address>0x774</load_address>
         <run_address>0x774</run_address>
         <size>0x11a</size>
         <input_file_ref idref="fl-b"/>
      </object_component>
      <object_component id="oc-111">
         <name>.debug_line</name>
         <load_address>0x88e</load_address>
         <run_address>0x88e</run_address>
         <size>0x7f</size>
         <input_file_ref idref="fl-b"/>
      </object_component>
      <object_component id="oc-28">
         <name>.debug_line</name>
         <load_address>0x90d</load_address>
         <run_address>0x90d</run_address>
         <size>0x52</size>
         <input_file_ref idref="fl-12e"/>
      </object_component>
      <object_component id="oc-88">
         <name>.debug_line</name>
         <load_address>0x95f</load_address>
         <run_address>0x95f</run_address>
         <size>0x80</size>
         <input_file_ref idref="fl-12f"/>
      </object_component>
      <object_component id="oc-16">
         <name>.debug_line</name>
         <load_address>0x9df</load_address>
         <run_address>0x9df</run_address>
         <size>0x55</size>
         <input_file_ref idref="fl-12f"/>
      </object_component>
      <object_component id="oc-3c">
         <name>.debug_line</name>
         <load_address>0xa34</load_address>
         <run_address>0xa34</run_address>
         <size>0x3a</size>
         <input_file_ref idref="fl-12f"/>
      </object_component>
      <object_component id="oc-85">
         <name>.debug_line</name>
         <load_address>0xa6e</load_address>
         <run_address>0xa6e</run_address>
         <size>0x80</size>
         <input_file_ref idref="fl-12f"/>
      </object_component>
      <object_component id="oc-8b">
         <name>.debug_line</name>
         <load_address>0xaee</load_address>
         <run_address>0xaee</run_address>
         <size>0x80</size>
         <input_file_ref idref="fl-130"/>
      </object_component>
      <object_component id="oc-41">
         <name>.debug_line</name>
         <load_address>0xb6e</load_address>
         <run_address>0xb6e</run_address>
         <size>0x98</size>
         <input_file_ref idref="fl-130"/>
      </object_component>
      <object_component id="oc-1a">
         <name>.debug_line</name>
         <load_address>0xc06</load_address>
         <run_address>0xc06</run_address>
         <size>0x4b</size>
         <input_file_ref idref="fl-130"/>
      </object_component>
      <object_component id="oc-4a">
         <name>.debug_line</name>
         <load_address>0xc51</load_address>
         <run_address>0xc51</run_address>
         <size>0x39</size>
         <input_file_ref idref="fl-130"/>
      </object_component>
      <object_component id="oc-8f">
         <name>.debug_line</name>
         <load_address>0xc8a</load_address>
         <run_address>0xc8a</run_address>
         <size>0x80</size>
         <input_file_ref idref="fl-130"/>
      </object_component>
      <object_component id="oc-ec">
         <name>.debug_line</name>
         <load_address>0xd0a</load_address>
         <run_address>0xd0a</run_address>
         <size>0x7f</size>
         <input_file_ref idref="fl-132"/>
      </object_component>
      <object_component id="oc-ea">
         <name>.debug_line</name>
         <load_address>0xd89</load_address>
         <run_address>0xd89</run_address>
         <size>0x2a</size>
         <input_file_ref idref="fl-132"/>
      </object_component>
      <object_component id="oc-6f">
         <name>.debug_line</name>
         <load_address>0xdb3</load_address>
         <run_address>0xdb3</run_address>
         <size>0x7a</size>
         <input_file_ref idref="fl-132"/>
      </object_component>
      <object_component id="oc-37">
         <name>.debug_line</name>
         <load_address>0xe2d</load_address>
         <run_address>0xe2d</run_address>
         <size>0x88</size>
         <input_file_ref idref="fl-133"/>
      </object_component>
      <object_component id="oc-50">
         <name>.debug_line</name>
         <load_address>0xeb5</load_address>
         <run_address>0xeb5</run_address>
         <size>0x79</size>
         <input_file_ref idref="fl-134"/>
      </object_component>
      <object_component id="oc-5d">
         <name>.debug_line</name>
         <load_address>0xf2e</load_address>
         <run_address>0xf2e</run_address>
         <size>0x40</size>
         <input_file_ref idref="fl-135"/>
      </object_component>
      <object_component id="oc-af">
         <name>.debug_line</name>
         <load_address>0xf6e</load_address>
         <run_address>0xf6e</run_address>
         <size>0x33</size>
         <input_file_ref idref="fl-136"/>
      </object_component>
      <object_component id="oc-10b">
         <name>.debug_line</name>
         <load_address>0xfa1</load_address>
         <run_address>0xfa1</run_address>
         <size>0x20</size>
         <input_file_ref idref="fl-137"/>
      </object_component>
      <object_component id="oc-e6">
         <name>.debug_line</name>
         <load_address>0xfc1</load_address>
         <run_address>0xfc1</run_address>
         <size>0x2b</size>
         <input_file_ref idref="fl-137"/>
      </object_component>
      <object_component id="oc-e3">
         <name>.debug_line</name>
         <load_address>0xfec</load_address>
         <run_address>0xfec</run_address>
         <size>0x68</size>
         <input_file_ref idref="fl-137"/>
      </object_component>
      <object_component id="oc-d9">
         <name>.debug_line</name>
         <load_address>0x1054</load_address>
         <run_address>0x1054</run_address>
         <size>0x2b</size>
         <input_file_ref idref="fl-138"/>
      </object_component>
      <object_component id="oc-68">
         <name>.debug_line</name>
         <load_address>0x107f</load_address>
         <run_address>0x107f</run_address>
         <size>0x50</size>
         <input_file_ref idref="fl-138"/>
      </object_component>
      <object_component id="oc-dd">
         <name>.debug_line</name>
         <load_address>0x10cf</load_address>
         <run_address>0x10cf</run_address>
         <size>0x2b</size>
         <input_file_ref idref="fl-138"/>
      </object_component>
      <object_component id="oc-b3">
         <name>.debug_line</name>
         <load_address>0x10fa</load_address>
         <run_address>0x10fa</run_address>
         <size>0x8f</size>
         <input_file_ref idref="fl-139"/>
      </object_component>
      <object_component id="oc-5f">
         <name>.debug_line</name>
         <load_address>0x1189</load_address>
         <run_address>0x1189</run_address>
         <size>0x79</size>
         <input_file_ref idref="fl-139"/>
      </object_component>
      <object_component id="oc-b7">
         <name>.debug_line</name>
         <load_address>0x1202</load_address>
         <run_address>0x1202</run_address>
         <size>0x2e</size>
         <input_file_ref idref="fl-139"/>
      </object_component>
      <object_component id="oc-bc">
         <name>.debug_line</name>
         <load_address>0x1230</load_address>
         <run_address>0x1230</run_address>
         <size>0x81</size>
         <input_file_ref idref="fl-139"/>
      </object_component>
      <object_component id="oc-ee">
         <name>.debug_line</name>
         <load_address>0x12b1</load_address>
         <run_address>0x12b1</run_address>
         <size>0x8e</size>
         <input_file_ref idref="fl-13a"/>
      </object_component>
      <object_component id="oc-96">
         <name>.debug_line</name>
         <load_address>0x133f</load_address>
         <run_address>0x133f</run_address>
         <size>0x68</size>
         <input_file_ref idref="fl-13a"/>
      </object_component>
      <object_component id="oc-f2">
         <name>.debug_line</name>
         <load_address>0x13a7</load_address>
         <run_address>0x13a7</run_address>
         <size>0x2e</size>
         <input_file_ref idref="fl-13a"/>
      </object_component>
      <object_component id="oc-a2">
         <name>.debug_frame</name>
         <load_address>0x0</load_address>
         <run_address>0x0</run_address>
         <size>0x86</size>
         <input_file_ref idref="fl-2"/>
      </object_component>
      <object_component id="oc-2f">
         <name>.debug_frame</name>
         <load_address>0x86</load_address>
         <run_address>0x86</run_address>
         <size>0xb2</size>
         <input_file_ref idref="fl-3"/>
      </object_component>
      <object_component id="oc-cf">
         <name>.debug_frame</name>
         <load_address>0x138</load_address>
         <run_address>0x138</run_address>
         <size>0x7f</size>
         <input_file_ref idref="fl-9"/>
      </object_component>
      <object_component id="oc-101">
         <name>.debug_frame</name>
         <load_address>0x1b7</load_address>
         <run_address>0x1b7</run_address>
         <size>0x7f</size>
         <input_file_ref idref="fl-9"/>
      </object_component>
      <object_component id="oc-fb">
         <name>.debug_frame</name>
         <load_address>0x236</load_address>
         <run_address>0x236</run_address>
         <size>0x8f</size>
         <input_file_ref idref="fl-9"/>
      </object_component>
      <object_component id="oc-c9">
         <name>.debug_frame</name>
         <load_address>0x2c5</load_address>
         <run_address>0x2c5</run_address>
         <size>0x8a</size>
         <input_file_ref idref="fl-9"/>
      </object_component>
      <object_component id="oc-c3">
         <name>.debug_frame</name>
         <load_address>0x34f</load_address>
         <run_address>0x34f</run_address>
         <size>0x7f</size>
         <input_file_ref idref="fl-b"/>
      </object_component>
      <object_component id="oc-d5">
         <name>.debug_frame</name>
         <load_address>0x3ce</load_address>
         <run_address>0x3ce</run_address>
         <size>0x8e</size>
         <input_file_ref idref="fl-b"/>
      </object_component>
      <object_component id="oc-17">
         <name>.debug_frame</name>
         <load_address>0x45c</load_address>
         <run_address>0x45c</run_address>
         <size>0x7f</size>
         <input_file_ref idref="fl-12f"/>
      </object_component>
      <object_component id="oc-42">
         <name>.debug_frame</name>
         <load_address>0x4db</load_address>
         <run_address>0x4db</run_address>
         <size>0x8e</size>
         <input_file_ref idref="fl-130"/>
      </object_component>
      <object_component id="oc-19">
         <name>.debug_frame</name>
         <load_address>0x569</load_address>
         <run_address>0x569</run_address>
         <size>0x7f</size>
         <input_file_ref idref="fl-130"/>
      </object_component>
      <object_component id="oc-6e">
         <name>.debug_frame</name>
         <load_address>0x5e8</load_address>
         <run_address>0x5e8</run_address>
         <size>0xb3</size>
         <input_file_ref idref="fl-132"/>
      </object_component>
      <object_component id="oc-5c">
         <name>.debug_frame</name>
         <load_address>0x69b</load_address>
         <run_address>0x69b</run_address>
         <size>0x7f</size>
         <input_file_ref idref="fl-135"/>
      </object_component>
      <object_component id="oc-e4">
         <name>.debug_frame</name>
         <load_address>0x71a</load_address>
         <run_address>0x71a</run_address>
         <size>0xa1</size>
         <input_file_ref idref="fl-137"/>
      </object_component>
      <object_component id="oc-69">
         <name>.debug_frame</name>
         <load_address>0x7bb</load_address>
         <run_address>0x7bb</run_address>
         <size>0x7f</size>
         <input_file_ref idref="fl-138"/>
      </object_component>
      <object_component id="oc-60">
         <name>.debug_frame</name>
         <load_address>0x83a</load_address>
         <run_address>0x83a</run_address>
         <size>0x8a</size>
         <input_file_ref idref="fl-139"/>
      </object_component>
      <object_component id="oc-98">
         <name>.debug_frame</name>
         <load_address>0x8c4</load_address>
         <run_address>0x8c4</run_address>
         <size>0x8e</size>
         <input_file_ref idref="fl-13a"/>
      </object_component>
      <object_component id="oc-d7">
         <name>.debug_abbrev</name>
         <load_address>0x0</load_address>
         <run_address>0x0</run_address>
         <size>0x71</size>
         <input_file_ref idref="fl-2"/>
      </object_component>
      <object_component id="oc-79">
         <name>.debug_abbrev</name>
         <load_address>0x71</load_address>
         <run_address>0x71</run_address>
         <size>0x1f</size>
         <input_file_ref idref="fl-2"/>
      </object_component>
      <object_component id="oc-7e">
         <name>.debug_abbrev</name>
         <load_address>0x90</load_address>
         <run_address>0x90</run_address>
         <size>0x35</size>
         <input_file_ref idref="fl-2"/>
      </object_component>
      <object_component id="oc-75">
         <name>.debug_abbrev</name>
         <load_address>0xc5</load_address>
         <run_address>0xc5</run_address>
         <size>0x5d</size>
         <input_file_ref idref="fl-3"/>
      </object_component>
      <object_component id="oc-30">
         <name>.debug_abbrev</name>
         <load_address>0x122</load_address>
         <run_address>0x122</run_address>
         <size>0x29</size>
         <input_file_ref idref="fl-3"/>
      </object_component>
      <object_component id="oc-74">
         <name>.debug_abbrev</name>
         <load_address>0x14b</load_address>
         <run_address>0x14b</run_address>
         <size>0x79</size>
         <input_file_ref idref="fl-3"/>
      </object_component>
      <object_component id="oc-11a">
         <name>.debug_abbrev</name>
         <load_address>0x1c4</load_address>
         <run_address>0x1c4</run_address>
         <size>0x72</size>
         <input_file_ref idref="fl-9"/>
      </object_component>
      <object_component id="oc-104">
         <name>.debug_abbrev</name>
         <load_address>0x236</load_address>
         <run_address>0x236</run_address>
         <size>0x6c</size>
         <input_file_ref idref="fl-9"/>
      </object_component>
      <object_component id="oc-119">
         <name>.debug_abbrev</name>
         <load_address>0x2a2</load_address>
         <run_address>0x2a2</run_address>
         <size>0x6c</size>
         <input_file_ref idref="fl-9"/>
      </object_component>
      <object_component id="oc-118">
         <name>.debug_abbrev</name>
         <load_address>0x30e</load_address>
         <run_address>0x30e</run_address>
         <size>0x6c</size>
         <input_file_ref idref="fl-9"/>
      </object_component>
      <object_component id="oc-102">
         <name>.debug_abbrev</name>
         <load_address>0x37a</load_address>
         <run_address>0x37a</run_address>
         <size>0x7a</size>
         <input_file_ref idref="fl-9"/>
      </object_component>
      <object_component id="oc-115">
         <name>.debug_abbrev</name>
         <load_address>0x3f4</load_address>
         <run_address>0x3f4</run_address>
         <size>0x1f</size>
         <input_file_ref idref="fl-9"/>
      </object_component>
      <object_component id="oc-10c">
         <name>.debug_abbrev</name>
         <load_address>0x413</load_address>
         <run_address>0x413</run_address>
         <size>0xb0</size>
         <input_file_ref idref="fl-b"/>
      </object_component>
      <object_component id="oc-11c">
         <name>.debug_abbrev</name>
         <load_address>0x4c3</load_address>
         <run_address>0x4c3</run_address>
         <size>0x27</size>
         <input_file_ref idref="fl-b"/>
      </object_component>
      <object_component id="oc-f4">
         <name>.debug_abbrev</name>
         <load_address>0x4ea</load_address>
         <run_address>0x4ea</run_address>
         <size>0x6c</size>
         <input_file_ref idref="fl-b"/>
      </object_component>
      <object_component id="oc-108">
         <name>.debug_abbrev</name>
         <load_address>0x556</load_address>
         <run_address>0x556</run_address>
         <size>0x60</size>
         <input_file_ref idref="fl-b"/>
      </object_component>
      <object_component id="oc-110">
         <name>.debug_abbrev</name>
         <load_address>0x5b6</load_address>
         <run_address>0x5b6</run_address>
         <size>0x49</size>
         <input_file_ref idref="fl-b"/>
      </object_component>
      <object_component id="oc-73">
         <name>.debug_abbrev</name>
         <load_address>0x5ff</load_address>
         <run_address>0x5ff</run_address>
         <size>0x3e</size>
         <input_file_ref idref="fl-12e"/>
      </object_component>
      <object_component id="oc-87">
         <name>.debug_abbrev</name>
         <load_address>0x63d</load_address>
         <run_address>0x63d</run_address>
         <size>0x52</size>
         <input_file_ref idref="fl-12f"/>
      </object_component>
      <object_component id="oc-38">
         <name>.debug_abbrev</name>
         <load_address>0x68f</load_address>
         <run_address>0x68f</run_address>
         <size>0x74</size>
         <input_file_ref idref="fl-12f"/>
      </object_component>
      <object_component id="oc-3b">
         <name>.debug_abbrev</name>
         <load_address>0x703</load_address>
         <run_address>0x703</run_address>
         <size>0x24</size>
         <input_file_ref idref="fl-12f"/>
      </object_component>
      <object_component id="oc-84">
         <name>.debug_abbrev</name>
         <load_address>0x727</load_address>
         <run_address>0x727</run_address>
         <size>0x24</size>
         <input_file_ref idref="fl-12f"/>
      </object_component>
      <object_component id="oc-8a">
         <name>.debug_abbrev</name>
         <load_address>0x74b</load_address>
         <run_address>0x74b</run_address>
         <size>0x52</size>
         <input_file_ref idref="fl-130"/>
      </object_component>
      <object_component id="oc-89">
         <name>.debug_abbrev</name>
         <load_address>0x79d</load_address>
         <run_address>0x79d</run_address>
         <size>0x7b</size>
         <input_file_ref idref="fl-130"/>
      </object_component>
      <object_component id="oc-45">
         <name>.debug_abbrev</name>
         <load_address>0x818</load_address>
         <run_address>0x818</run_address>
         <size>0x66</size>
         <input_file_ref idref="fl-130"/>
      </object_component>
      <object_component id="oc-49">
         <name>.debug_abbrev</name>
         <load_address>0x87e</load_address>
         <run_address>0x87e</run_address>
         <size>0x24</size>
         <input_file_ref idref="fl-130"/>
      </object_component>
      <object_component id="oc-8e">
         <name>.debug_abbrev</name>
         <load_address>0x8a2</load_address>
         <run_address>0x8a2</run_address>
         <size>0x24</size>
         <input_file_ref idref="fl-130"/>
      </object_component>
      <object_component id="oc-eb">
         <name>.debug_abbrev</name>
         <load_address>0x8c6</load_address>
         <run_address>0x8c6</run_address>
         <size>0x6b</size>
         <input_file_ref idref="fl-132"/>
      </object_component>
      <object_component id="oc-e9">
         <name>.debug_abbrev</name>
         <load_address>0x931</load_address>
         <run_address>0x931</run_address>
         <size>0x29</size>
         <input_file_ref idref="fl-132"/>
      </object_component>
      <object_component id="oc-ab">
         <name>.debug_abbrev</name>
         <load_address>0x95a</load_address>
         <run_address>0x95a</run_address>
         <size>0xba</size>
         <input_file_ref idref="fl-132"/>
      </object_component>
      <object_component id="oc-81">
         <name>.debug_abbrev</name>
         <load_address>0xa14</load_address>
         <run_address>0xa14</run_address>
         <size>0x3e</size>
         <input_file_ref idref="fl-133"/>
      </object_component>
      <object_component id="oc-91">
         <name>.debug_abbrev</name>
         <load_address>0xa52</load_address>
         <run_address>0xa52</run_address>
         <size>0x4f</size>
         <input_file_ref idref="fl-134"/>
      </object_component>
      <object_component id="oc-94">
         <name>.debug_abbrev</name>
         <load_address>0xaa1</load_address>
         <run_address>0xaa1</run_address>
         <size>0x55</size>
         <input_file_ref idref="fl-135"/>
      </object_component>
      <object_component id="oc-ae">
         <name>.debug_abbrev</name>
         <load_address>0xaf6</load_address>
         <run_address>0xaf6</run_address>
         <size>0x27</size>
         <input_file_ref idref="fl-136"/>
      </object_component>
      <object_component id="oc-10a">
         <name>.debug_abbrev</name>
         <load_address>0xb1d</load_address>
         <run_address>0xb1d</run_address>
         <size>0x45</size>
         <input_file_ref idref="fl-137"/>
      </object_component>
      <object_component id="oc-e5">
         <name>.debug_abbrev</name>
         <load_address>0xb62</load_address>
         <run_address>0xb62</run_address>
         <size>0x29</size>
         <input_file_ref idref="fl-137"/>
      </object_component>
      <object_component id="oc-109">
         <name>.debug_abbrev</name>
         <load_address>0xb8b</load_address>
         <run_address>0xb8b</run_address>
         <size>0x6f</size>
         <input_file_ref idref="fl-137"/>
      </object_component>
      <object_component id="oc-d8">
         <name>.debug_abbrev</name>
         <load_address>0xbfa</load_address>
         <run_address>0xbfa</run_address>
         <size>0x8e</size>
         <input_file_ref idref="fl-138"/>
      </object_component>
      <object_component id="oc-a3">
         <name>.debug_abbrev</name>
         <load_address>0xc88</load_address>
         <run_address>0xc88</run_address>
         <size>0x68</size>
         <input_file_ref idref="fl-138"/>
      </object_component>
      <object_component id="oc-dc">
         <name>.debug_abbrev</name>
         <load_address>0xcf0</load_address>
         <run_address>0xcf0</run_address>
         <size>0x49</size>
         <input_file_ref idref="fl-138"/>
      </object_component>
      <object_component id="oc-b2">
         <name>.debug_abbrev</name>
         <load_address>0xd39</load_address>
         <run_address>0xd39</run_address>
         <size>0x9a</size>
         <input_file_ref idref="fl-139"/>
      </object_component>
      <object_component id="oc-9b">
         <name>.debug_abbrev</name>
         <load_address>0xdd3</load_address>
         <run_address>0xdd3</run_address>
         <size>0x7e</size>
         <input_file_ref idref="fl-139"/>
      </object_component>
      <object_component id="oc-b6">
         <name>.debug_abbrev</name>
         <load_address>0xe51</load_address>
         <run_address>0xe51</run_address>
         <size>0x24</size>
         <input_file_ref idref="fl-139"/>
      </object_component>
      <object_component id="oc-bb">
         <name>.debug_abbrev</name>
         <load_address>0xe75</load_address>
         <run_address>0xe75</run_address>
         <size>0x4b</size>
         <input_file_ref idref="fl-139"/>
      </object_component>
      <object_component id="oc-ed">
         <name>.debug_abbrev</name>
         <load_address>0xec0</load_address>
         <run_address>0xec0</run_address>
         <size>0x9c</size>
         <input_file_ref idref="fl-13a"/>
      </object_component>
      <object_component id="oc-b0">
         <name>.debug_abbrev</name>
         <load_address>0xf5c</load_address>
         <run_address>0xf5c</run_address>
         <size>0x8c</size>
         <input_file_ref idref="fl-13a"/>
      </object_component>
      <object_component id="oc-f1">
         <name>.debug_abbrev</name>
         <load_address>0xfe8</load_address>
         <run_address>0xfe8</run_address>
         <size>0x24</size>
         <input_file_ref idref="fl-13a"/>
      </object_component>
      <object_component id="oc-144">
         <name>.debug_abbrev</name>
         <load_address>0x100c</load_address>
         <run_address>0x100c</run_address>
         <size>0xf</size>
      </object_component>
      <object_component id="oc-7b">
         <name>.debug_str</name>
         <load_address>0x0</load_address>
         <run_address>0x0</run_address>
         <size>0xf5</size>
         <input_file_ref idref="fl-2"/>
      </object_component>
      <object_component id="oc-80">
         <name>.debug_str</name>
         <load_address>0xf5</load_address>
         <run_address>0xf5</run_address>
         <size>0x21f</size>
         <input_file_ref idref="fl-2"/>
      </object_component>
      <object_component id="oc-117">
         <name>.debug_str</name>
         <load_address>0x314</load_address>
         <run_address>0x314</run_address>
         <size>0xf5</size>
         <input_file_ref idref="fl-9"/>
      </object_component>
      <object_component id="oc-112">
         <name>.debug_str</name>
         <load_address>0x409</load_address>
         <run_address>0x409</run_address>
         <size>0x141</size>
         <input_file_ref idref="fl-b"/>
      </object_component>
      <object_component id="oc-3d">
         <name>.debug_str</name>
         <load_address>0x54a</load_address>
         <run_address>0x54a</run_address>
         <size>0xe1</size>
         <input_file_ref idref="fl-12f"/>
      </object_component>
      <object_component id="oc-86">
         <name>.debug_str</name>
         <load_address>0x62b</load_address>
         <run_address>0x62b</run_address>
         <size>0x104</size>
         <input_file_ref idref="fl-12f"/>
      </object_component>
      <object_component id="oc-4b">
         <name>.debug_str</name>
         <load_address>0x72f</load_address>
         <run_address>0x72f</run_address>
         <size>0xd3</size>
         <input_file_ref idref="fl-130"/>
      </object_component>
      <object_component id="oc-90">
         <name>.debug_str</name>
         <load_address>0x802</load_address>
         <run_address>0x802</run_address>
         <size>0x104</size>
         <input_file_ref idref="fl-130"/>
      </object_component>
      <object_component id="oc-de">
         <name>.debug_str</name>
         <load_address>0x906</load_address>
         <run_address>0x906</run_address>
         <size>0xb7</size>
         <input_file_ref idref="fl-138"/>
      </object_component>
      <object_component id="oc-b8">
         <name>.debug_str</name>
         <load_address>0x9bd</load_address>
         <run_address>0x9bd</run_address>
         <size>0xc3</size>
         <input_file_ref idref="fl-139"/>
      </object_component>
      <object_component id="oc-bd">
         <name>.debug_str</name>
         <load_address>0xa80</load_address>
         <run_address>0xa80</run_address>
         <size>0x15b</size>
         <input_file_ref idref="fl-139"/>
      </object_component>
      <object_component id="oc-f3">
         <name>.debug_str</name>
         <load_address>0xbdb</load_address>
         <run_address>0xbdb</run_address>
         <size>0xb8</size>
         <input_file_ref idref="fl-13a"/>
      </object_component>
      <object_component id="oc-9f">
         <name>.debug_aranges</name>
         <load_address>0x0</load_address>
         <run_address>0x0</run_address>
         <size>0x20</size>
         <input_file_ref idref="fl-2"/>
      </object_component>
      <object_component id="oc-2c">
         <name>.debug_aranges</name>
         <load_address>0x20</load_address>
         <run_address>0x20</run_address>
         <size>0x38</size>
         <input_file_ref idref="fl-3"/>
      </object_component>
      <object_component id="oc-cc">
         <name>.debug_aranges</name>
         <load_address>0x58</load_address>
         <run_address>0x58</run_address>
         <size>0x20</size>
         <input_file_ref idref="fl-9"/>
      </object_component>
      <object_component id="oc-fe">
         <name>.debug_aranges</name>
         <load_address>0x78</load_address>
         <run_address>0x78</run_address>
         <size>0x20</size>
         <input_file_ref idref="fl-9"/>
      </object_component>
      <object_component id="oc-f8">
         <name>.debug_aranges</name>
         <load_address>0x98</load_address>
         <run_address>0x98</run_address>
         <size>0x20</size>
         <input_file_ref idref="fl-9"/>
      </object_component>
      <object_component id="oc-c6">
         <name>.debug_aranges</name>
         <load_address>0xb8</load_address>
         <run_address>0xb8</run_address>
         <size>0x20</size>
         <input_file_ref idref="fl-9"/>
      </object_component>
      <object_component id="oc-c1">
         <name>.debug_aranges</name>
         <load_address>0xd8</load_address>
         <run_address>0xd8</run_address>
         <size>0x20</size>
         <input_file_ref idref="fl-b"/>
      </object_component>
      <object_component id="oc-d2">
         <name>.debug_aranges</name>
         <load_address>0xf8</load_address>
         <run_address>0xf8</run_address>
         <size>0x20</size>
         <input_file_ref idref="fl-b"/>
      </object_component>
      <object_component id="oc-25">
         <name>.debug_aranges</name>
         <load_address>0x118</load_address>
         <run_address>0x118</run_address>
         <size>0x20</size>
         <input_file_ref idref="fl-12e"/>
      </object_component>
      <object_component id="oc-15">
         <name>.debug_aranges</name>
         <load_address>0x138</load_address>
         <run_address>0x138</run_address>
         <size>0x20</size>
         <input_file_ref idref="fl-12f"/>
      </object_component>
      <object_component id="oc-40">
         <name>.debug_aranges</name>
         <load_address>0x158</load_address>
         <run_address>0x158</run_address>
         <size>0x20</size>
         <input_file_ref idref="fl-130"/>
      </object_component>
      <object_component id="oc-1b">
         <name>.debug_aranges</name>
         <load_address>0x178</load_address>
         <run_address>0x178</run_address>
         <size>0x20</size>
         <input_file_ref idref="fl-130"/>
      </object_component>
      <object_component id="oc-6c">
         <name>.debug_aranges</name>
         <load_address>0x198</load_address>
         <run_address>0x198</run_address>
         <size>0x30</size>
         <input_file_ref idref="fl-132"/>
      </object_component>
      <object_component id="oc-35">
         <name>.debug_aranges</name>
         <load_address>0x1c8</load_address>
         <run_address>0x1c8</run_address>
         <size>0x20</size>
         <input_file_ref idref="fl-133"/>
      </object_component>
      <object_component id="oc-4f">
         <name>.debug_aranges</name>
         <load_address>0x1e8</load_address>
         <run_address>0x1e8</run_address>
         <size>0x28</size>
         <input_file_ref idref="fl-134"/>
      </object_component>
      <object_component id="oc-5a">
         <name>.debug_aranges</name>
         <load_address>0x210</load_address>
         <run_address>0x210</run_address>
         <size>0x20</size>
         <input_file_ref idref="fl-135"/>
      </object_component>
      <object_component id="oc-e2">
         <name>.debug_aranges</name>
         <load_address>0x230</load_address>
         <run_address>0x230</run_address>
         <size>0x30</size>
         <input_file_ref idref="fl-137"/>
      </object_component>
      <object_component id="oc-67">
         <name>.debug_aranges</name>
         <load_address>0x260</load_address>
         <run_address>0x260</run_address>
         <size>0x20</size>
         <input_file_ref idref="fl-138"/>
      </object_component>
      <object_component id="oc-62">
         <name>.debug_aranges</name>
         <load_address>0x280</load_address>
         <run_address>0x280</run_address>
         <size>0x20</size>
         <input_file_ref idref="fl-139"/>
      </object_component>
      <object_component id="oc-97">
         <name>.debug_aranges</name>
         <load_address>0x2a0</load_address>
         <run_address>0x2a0</run_address>
         <size>0x20</size>
         <input_file_ref idref="fl-13a"/>
      </object_component>
      <object_component id="oc-a0">
         <name>.debug_pubnames</name>
         <load_address>0x0</load_address>
         <run_address>0x0</run_address>
         <size>0x1b</size>
         <input_file_ref idref="fl-2"/>
      </object_component>
      <object_component id="oc-11">
         <name>.debug_pubnames</name>
         <load_address>0x1b</load_address>
         <run_address>0x1b</run_address>
         <size>0x23</size>
         <input_file_ref idref="fl-3"/>
      </object_component>
      <object_component id="oc-2d">
         <name>.debug_pubnames</name>
         <load_address>0x3e</load_address>
         <run_address>0x3e</run_address>
         <size>0x4c</size>
         <input_file_ref idref="fl-3"/>
      </object_component>
      <object_component id="oc-cd">
         <name>.debug_pubnames</name>
         <load_address>0x8a</load_address>
         <run_address>0x8a</run_address>
         <size>0x23</size>
         <input_file_ref idref="fl-9"/>
      </object_component>
      <object_component id="oc-ff">
         <name>.debug_pubnames</name>
         <load_address>0xad</load_address>
         <run_address>0xad</run_address>
         <size>0x25</size>
         <input_file_ref idref="fl-9"/>
      </object_component>
      <object_component id="oc-f9">
         <name>.debug_pubnames</name>
         <load_address>0xd2</load_address>
         <run_address>0xd2</run_address>
         <size>0x27</size>
         <input_file_ref idref="fl-9"/>
      </object_component>
      <object_component id="oc-c7">
         <name>.debug_pubnames</name>
         <load_address>0xf9</load_address>
         <run_address>0xf9</run_address>
         <size>0x2c</size>
         <input_file_ref idref="fl-9"/>
      </object_component>
      <object_component id="oc-107">
         <name>.debug_pubnames</name>
         <load_address>0x125</load_address>
         <run_address>0x125</run_address>
         <size>0x23</size>
         <input_file_ref idref="fl-b"/>
      </object_component>
      <object_component id="oc-c2">
         <name>.debug_pubnames</name>
         <load_address>0x148</load_address>
         <run_address>0x148</run_address>
         <size>0x2d</size>
         <input_file_ref idref="fl-b"/>
      </object_component>
      <object_component id="oc-d3">
         <name>.debug_pubnames</name>
         <load_address>0x175</load_address>
         <run_address>0x175</run_address>
         <size>0x25</size>
         <input_file_ref idref="fl-b"/>
      </object_component>
      <object_component id="oc-27">
         <name>.debug_pubnames</name>
         <load_address>0x19a</load_address>
         <run_address>0x19a</run_address>
         <size>0x1f</size>
         <input_file_ref idref="fl-12e"/>
      </object_component>
      <object_component id="oc-14">
         <name>.debug_pubnames</name>
         <load_address>0x1b9</load_address>
         <run_address>0x1b9</run_address>
         <size>0x2b</size>
         <input_file_ref idref="fl-12f"/>
      </object_component>
      <object_component id="oc-44">
         <name>.debug_pubnames</name>
         <load_address>0x1e4</load_address>
         <run_address>0x1e4</run_address>
         <size>0x2f</size>
         <input_file_ref idref="fl-130"/>
      </object_component>
      <object_component id="oc-1d">
         <name>.debug_pubnames</name>
         <load_address>0x213</load_address>
         <run_address>0x213</run_address>
         <size>0x2c</size>
         <input_file_ref idref="fl-130"/>
      </object_component>
      <object_component id="oc-aa">
         <name>.debug_pubnames</name>
         <load_address>0x23f</load_address>
         <run_address>0x23f</run_address>
         <size>0x3a</size>
         <input_file_ref idref="fl-132"/>
      </object_component>
      <object_component id="oc-6d">
         <name>.debug_pubnames</name>
         <load_address>0x279</load_address>
         <run_address>0x279</run_address>
         <size>0x35</size>
         <input_file_ref idref="fl-132"/>
      </object_component>
      <object_component id="oc-36">
         <name>.debug_pubnames</name>
         <load_address>0x2ae</load_address>
         <run_address>0x2ae</run_address>
         <size>0x1d</size>
         <input_file_ref idref="fl-133"/>
      </object_component>
      <object_component id="oc-4e">
         <name>.debug_pubnames</name>
         <load_address>0x2cb</load_address>
         <run_address>0x2cb</run_address>
         <size>0x37</size>
         <input_file_ref idref="fl-134"/>
      </object_component>
      <object_component id="oc-5b">
         <name>.debug_pubnames</name>
         <load_address>0x302</load_address>
         <run_address>0x302</run_address>
         <size>0x27</size>
         <input_file_ref idref="fl-135"/>
      </object_component>
      <object_component id="oc-72">
         <name>.debug_pubnames</name>
         <load_address>0x329</load_address>
         <run_address>0x329</run_address>
         <size>0x23</size>
         <input_file_ref idref="fl-136"/>
      </object_component>
      <object_component id="oc-a7">
         <name>.debug_pubnames</name>
         <load_address>0x34c</load_address>
         <run_address>0x34c</run_address>
         <size>0x28</size>
         <input_file_ref idref="fl-137"/>
      </object_component>
      <object_component id="oc-e1">
         <name>.debug_pubnames</name>
         <load_address>0x374</load_address>
         <run_address>0x374</run_address>
         <size>0x43</size>
         <input_file_ref idref="fl-137"/>
      </object_component>
      <object_component id="oc-66">
         <name>.debug_pubnames</name>
         <load_address>0x3b7</load_address>
         <run_address>0x3b7</run_address>
         <size>0x21</size>
         <input_file_ref idref="fl-138"/>
      </object_component>
      <object_component id="oc-63">
         <name>.debug_pubnames</name>
         <load_address>0x3d8</load_address>
         <run_address>0x3d8</run_address>
         <size>0x25</size>
         <input_file_ref idref="fl-139"/>
      </object_component>
      <object_component id="oc-9a">
         <name>.debug_pubnames</name>
         <load_address>0x3fd</load_address>
         <run_address>0x3fd</run_address>
         <size>0x1e</size>
         <input_file_ref idref="fl-13a"/>
      </object_component>
      <object_component id="oc-78">
         <name>.debug_pubtypes</name>
         <load_address>0x0</load_address>
         <run_address>0x0</run_address>
         <size>0xed</size>
         <input_file_ref idref="fl-2"/>
      </object_component>
      <object_component id="oc-7d">
         <name>.debug_pubtypes</name>
         <load_address>0xed</load_address>
         <run_address>0xed</run_address>
         <size>0x1c6</size>
         <input_file_ref idref="fl-2"/>
      </object_component>
      <object_component id="oc-114">
         <name>.debug_pubtypes</name>
         <load_address>0x2b3</load_address>
         <run_address>0x2b3</run_address>
         <size>0xff</size>
         <input_file_ref idref="fl-9"/>
      </object_component>
      <object_component id="oc-10f">
         <name>.debug_pubtypes</name>
         <load_address>0x3b2</load_address>
         <run_address>0x3b2</run_address>
         <size>0x28</size>
         <input_file_ref idref="fl-b"/>
      </object_component>
      <object_component id="oc-3a">
         <name>.debug_pubtypes</name>
         <load_address>0x3da</load_address>
         <run_address>0x3da</run_address>
         <size>0x48</size>
         <input_file_ref idref="fl-12f"/>
      </object_component>
      <object_component id="oc-83">
         <name>.debug_pubtypes</name>
         <load_address>0x422</load_address>
         <run_address>0x422</run_address>
         <size>0x1d</size>
         <input_file_ref idref="fl-12f"/>
      </object_component>
      <object_component id="oc-48">
         <name>.debug_pubtypes</name>
         <load_address>0x43f</load_address>
         <run_address>0x43f</run_address>
         <size>0x37</size>
         <input_file_ref idref="fl-130"/>
      </object_component>
      <object_component id="oc-8d">
         <name>.debug_pubtypes</name>
         <load_address>0x476</load_address>
         <run_address>0x476</run_address>
         <size>0x1d</size>
         <input_file_ref idref="fl-130"/>
      </object_component>
      <object_component id="oc-ad">
         <name>.debug_pubtypes</name>
         <load_address>0x493</load_address>
         <run_address>0x493</run_address>
         <size>0x1f</size>
         <input_file_ref idref="fl-132"/>
      </object_component>
      <object_component id="oc-e8">
         <name>.debug_pubtypes</name>
         <load_address>0x4b2</load_address>
         <run_address>0x4b2</run_address>
         <size>0x1f</size>
         <input_file_ref idref="fl-137"/>
      </object_component>
      <object_component id="oc-db">
         <name>.debug_pubtypes</name>
         <load_address>0x4d1</load_address>
         <run_address>0x4d1</run_address>
         <size>0x1b</size>
         <input_file_ref idref="fl-138"/>
      </object_component>
      <object_component id="oc-b5">
         <name>.debug_pubtypes</name>
         <load_address>0x4ec</load_address>
         <run_address>0x4ec</run_address>
         <size>0x32</size>
         <input_file_ref idref="fl-139"/>
      </object_component>
      <object_component id="oc-ba">
         <name>.debug_pubtypes</name>
         <load_address>0x51e</load_address>
         <run_address>0x51e</run_address>
         <size>0x50</size>
         <input_file_ref idref="fl-139"/>
      </object_component>
      <object_component id="oc-f0">
         <name>.debug_pubtypes</name>
         <load_address>0x56e</load_address>
         <run_address>0x56e</run_address>
         <size>0x23</size>
         <input_file_ref idref="fl-13a"/>
      </object_component>
   </object_component_list>
   <logical_group_list>
      <logical_group id="lg-3" display="no" color="cyan">
         <name>.intvecs</name>
         <load_address>0x0</load_address>
         <run_address>0x0</run_address>
         <size>0x26c</size>
         <contents>
            <object_component_ref idref="oc-f"/>
         </contents>
      </logical_group>
      <logical_group id="lg-4" display="no" color="cyan">
         <name>.text</name>
         <load_address>0x26c</load_address>
         <run_address>0x26c</run_address>
         <size>0x638</size>
         <contents>
            <object_component_ref idref="oc-f6"/>
            <object_component_ref idref="oc-d0"/>
            <object_component_ref idref="oc-33"/>
            <object_component_ref idref="oc-4c"/>
            <object_component_ref idref="oc-5e"/>
            <object_component_ref idref="oc-3f"/>
            <object_component_ref idref="oc-9d"/>
            <object_component_ref idref="oc-24"/>
            <object_component_ref idref="oc-95"/>
            <object_component_ref idref="oc-6a"/>
            <object_component_ref idref="oc-be"/>
            <object_component_ref idref="oc-fc"/>
            <object_component_ref idref="oc-c4"/>
            <object_component_ref idref="oc-64"/>
            <object_component_ref idref="oc-df"/>
            <object_component_ref idref="oc-12"/>
            <object_component_ref idref="oc-2a"/>
            <object_component_ref idref="oc-ca"/>
            <object_component_ref idref="oc-d6"/>
            <object_component_ref idref="oc-18"/>
            <object_component_ref idref="oc-58"/>
         </contents>
      </logical_group>
      <logical_group id="lg-5" display="no" color="cyan">
         <name>.const</name>
         <load_address>0x8a4</load_address>
         <run_address>0x8a4</run_address>
         <size>0x6c</size>
         <contents>
            <object_component_ref idref="oc-105"/>
         </contents>
      </logical_group>
      <logical_group id="lg-6" display="no" color="cyan">
         <name>.cinit</name>
         <load_address>0x910</load_address>
         <run_address>0x910</run_address>
         <size>0x20</size>
         <contents>
            <object_component_ref idref="oc-141"/>
            <object_component_ref idref="oc-13f"/>
            <object_component_ref idref="oc-140"/>
         </contents>
      </logical_group>
      <logical_group id="lg-7" display="no" color="cyan">
         <name>.pinit</name>
         <run_address>0x0</run_address>
         <size>0x0</size>
         <contents>
         </contents>
      </logical_group>
      <logical_group id="lg-8" display="no" color="cyan">
         <name>.init_array</name>
         <run_address>0x0</run_address>
         <size>0x0</size>
         <contents>
         </contents>
      </logical_group>
      <logical_group id="lg-9" display="no" color="cyan">
         <name>.vtable</name>
         <run_address>0x0</run_address>
         <size>0x0</size>
         <contents>
         </contents>
      </logical_group>
      <logical_group id="lg-c" display="no" color="cyan">
         <name>.sysmem</name>
         <run_address>0x0</run_address>
         <size>0x0</size>
         <contents>
         </contents>
      </logical_group>
      <logical_group id="lg-d" display="no" color="cyan">
         <name>.stack</name>
         <run_address>0x20000000</run_address>
         <size>0x200</size>
         <contents>
            <object_component_ref idref="oc-29"/>
            <object_component_ref idref="oc-142"/>
         </contents>
      </logical_group>
      <logical_group id="lg-11f" display="no" color="cyan">
         <name>.TI.noinit</name>
         <run_address>0x0</run_address>
         <size>0x0</size>
         <contents>
         </contents>
      </logical_group>
      <logical_group id="lg-b" display="no" color="cyan">
         <name>.bss</name>
         <run_address>0x0</run_address>
         <size>0x0</size>
         <contents>
         </contents>
      </logical_group>
      <logical_group id="lg-11e" display="no" color="cyan">
         <name>BSS_GROUP</name>
         <run_address>0x0</run_address>
         <size>0x0</size>
         <contents>
            <logical_group_ref idref="lg-11f"/>
            <logical_group_ref idref="lg-b"/>
         </contents>
      </logical_group>
      <logical_group id="lg-121" display="no" color="cyan">
         <name>.TI.persistent</name>
         <run_address>0x20000200</run_address>
         <size>0x0</size>
         <contents>
         </contents>
      </logical_group>
      <logical_group id="lg-a" display="no" color="cyan">
         <name>.data</name>
         <run_address>0x20000200</run_address>
         <size>0x14</size>
         <contents>
            <object_component_ref idref="oc-a8"/>
            <object_component_ref idref="oc-70"/>
            <object_component_ref idref="oc-a5"/>
         </contents>
      </logical_group>
      <logical_group id="lg-120" display="no" color="cyan">
         <name>DATA_GROUP</name>
         <load_address>0x20000200</load_address>
         <run_address>0x20000200</run_address>
         <size>0x14</size>
         <contents>
            <logical_group_ref idref="lg-121"/>
            <logical_group_ref idref="lg-a"/>
         </contents>
      </logical_group>
      <logical_group id="lg-12f" display="never" color="cyan">
         <name>.debug_info</name>
         <load_address>0x0</load_address>
         <run_address>0x0</run_address>
         <size>0x41a3</size>
         <contents>
            <object_component_ref idref="oc-9e"/>
            <object_component_ref idref="oc-77"/>
            <object_component_ref idref="oc-7c"/>
            <object_component_ref idref="oc-32"/>
            <object_component_ref idref="oc-10"/>
            <object_component_ref idref="oc-2b"/>
            <object_component_ref idref="oc-103"/>
            <object_component_ref idref="oc-cb"/>
            <object_component_ref idref="oc-fd"/>
            <object_component_ref idref="oc-f7"/>
            <object_component_ref idref="oc-c5"/>
            <object_component_ref idref="oc-113"/>
            <object_component_ref idref="oc-f5"/>
            <object_component_ref idref="oc-106"/>
            <object_component_ref idref="oc-c0"/>
            <object_component_ref idref="oc-d1"/>
            <object_component_ref idref="oc-10e"/>
            <object_component_ref idref="oc-26"/>
            <object_component_ref idref="oc-3e"/>
            <object_component_ref idref="oc-13"/>
            <object_component_ref idref="oc-39"/>
            <object_component_ref idref="oc-82"/>
            <object_component_ref idref="oc-46"/>
            <object_component_ref idref="oc-43"/>
            <object_component_ref idref="oc-1c"/>
            <object_component_ref idref="oc-47"/>
            <object_component_ref idref="oc-8c"/>
            <object_component_ref idref="oc-ac"/>
            <object_component_ref idref="oc-a9"/>
            <object_component_ref idref="oc-6b"/>
            <object_component_ref idref="oc-34"/>
            <object_component_ref idref="oc-4d"/>
            <object_component_ref idref="oc-59"/>
            <object_component_ref idref="oc-71"/>
            <object_component_ref idref="oc-e7"/>
            <object_component_ref idref="oc-a6"/>
            <object_component_ref idref="oc-e0"/>
            <object_component_ref idref="oc-a4"/>
            <object_component_ref idref="oc-65"/>
            <object_component_ref idref="oc-da"/>
            <object_component_ref idref="oc-9c"/>
            <object_component_ref idref="oc-61"/>
            <object_component_ref idref="oc-b4"/>
            <object_component_ref idref="oc-b9"/>
            <object_component_ref idref="oc-b1"/>
            <object_component_ref idref="oc-99"/>
            <object_component_ref idref="oc-ef"/>
            <object_component_ref idref="oc-143"/>
         </contents>
      </logical_group>
      <logical_group id="lg-131" display="never" color="cyan">
         <name>.debug_line</name>
         <load_address>0x0</load_address>
         <run_address>0x0</run_address>
         <size>0x13d5</size>
         <contents>
            <object_component_ref idref="oc-a1"/>
            <object_component_ref idref="oc-7a"/>
            <object_component_ref idref="oc-7f"/>
            <object_component_ref idref="oc-76"/>
            <object_component_ref idref="oc-31"/>
            <object_component_ref idref="oc-2e"/>
            <object_component_ref idref="oc-11b"/>
            <object_component_ref idref="oc-ce"/>
            <object_component_ref idref="oc-100"/>
            <object_component_ref idref="oc-fa"/>
            <object_component_ref idref="oc-c8"/>
            <object_component_ref idref="oc-116"/>
            <object_component_ref idref="oc-10d"/>
            <object_component_ref idref="oc-11d"/>
            <object_component_ref idref="oc-bf"/>
            <object_component_ref idref="oc-d4"/>
            <object_component_ref idref="oc-111"/>
            <object_component_ref idref="oc-28"/>
            <object_component_ref idref="oc-88"/>
            <object_component_ref idref="oc-16"/>
            <object_component_ref idref="oc-3c"/>
            <object_component_ref idref="oc-85"/>
            <object_component_ref idref="oc-8b"/>
[...]
         <name>.debug_frame</name>
         <load_address>0x0</load_address>
         <run_address>0x0</run_address>
         <size>0x952</size>
         <contents>
            <object_component_ref idref="oc-a2"/>
            <object_component_ref idref="oc-2f"/>
            <object_component_ref idref="oc-cf"/>
            <object_component_ref idref="oc-101"/>
            <object_component_ref idref="oc-fb"/>
            <object_component_ref idref="oc-c9"/>
            <object_component_ref idref="oc-c3"/>
            <object_component_ref idref="oc-d5"/>
            <object_component_ref idref="oc-17"/>
            <object_component_ref idref="oc-42"/>
            <object_component_ref idref="oc-19"/>
            <object_component_ref idref="oc-6e"/>
            <object_component_ref idref="oc-5c"/>
            <object_component_ref idref="oc-e4"/>
            <object_component_ref idref="oc-69"/>
            <object_component_ref idref="oc-60"/>
            <object_component_ref idref="oc-98"/>
         </contents>
      </logical_group>
      <logical_group id="lg-135" display="never" color="cyan">
         <name>.debug_abbrev</name>
         <load_address>0x0</load_address>
         <run_address>0x0</run_address>
         <size>0x101b</size>
         <contents>
            <object_component_ref idref="oc-d7"/>
            <object_component_ref idref="oc-79"/>
            <object_component_ref idref="oc-7e"/>
            <object_component_ref idref="oc-75"/>
            <object_component_ref idref="oc-30"/>
            <object_component_ref idref="oc-74"/>
            <object_component_ref idref="oc-11a"/>
            <object_component_ref idref="oc-104"/>
            <object_component_ref idref="oc-119"/>
            <object_component_ref idref="oc-118"/>
            <object_component_ref idref="oc-102"/>
            <object_component_ref idref="oc-115"/>
            <object_component_ref idref="oc-10c"/>
            <object_component_ref idref="oc-11c"/>
            <object_component_ref idref="oc-f4"/>
            <object_component_ref idref="oc-108"/>
            <object_component_ref idref="oc-110"/>
            <object_component_ref idref="oc-73"/>
            <object_component_ref idref="oc-87"/>
            <object_component_ref idref="oc-38"/>
            <object_component_ref idref="oc-3b"/>
            <object_component_ref idref="oc-84"/>
            <object_component_ref idref="oc-8a"/>
            <object_component_ref idref="oc-89"/>
            <object_component_ref idref="oc-45"/>
            <object_component_ref idref="oc-49"/>
            <object_component_ref idref="oc-8e"/>
            <object_component_ref idref="oc-eb"/>
            <object_component_ref idref="oc-e9"/>
            <object_component_ref idref="oc-ab"/>
            <object_component_ref idref="oc-81"/>
            <object_component_ref idref="oc-91"/>
            <object_component_ref idref="oc-94"/>
            <object_component_ref idref="oc-ae"/>
            <object_component_ref idref="oc-10a"/>
            <object_component_ref idref="oc-e5"/>
            <object_component_ref idref="oc-109"/>
            <object_component_ref idref="oc-d8"/>
            <object_component_ref idref="oc-a3"/>
            <object_component_ref idref="oc-dc"/>
            <object_component_ref idref="oc-b2"/>
            <object_component_ref idref="oc-9b"/>
            <object_component_ref idref="oc-b6"/>
            <object_component_ref idref="oc-bb"/>
            <object_component_ref idref="oc-ed"/>
            <object_component_ref idref="oc-b0"/>
            <object_component_ref idref="oc-f1"/>
            <object_component_ref idref="oc-144"/>
         </contents>
      </logical_group>
      <logical_group id="lg-137" display="never" color="cyan">
         <name>.debug_str</name>
         <load_address>0x0</load_address>
         <run_address>0x0</run_address>
         <size>0xc93</size>
         <contents>
            <object_component_ref idref="oc-7b"/>
            <object_component_ref idref="oc-80"/>
            <object_component_ref idref="oc-117"/>
            <object_component_ref idref="oc-112"/>
            <object_component_ref idref="oc-3d"/>
            <object_component_ref idref="oc-86"/>
            <object_component_ref idref="oc-4b"/>
            <object_component_ref idref="oc-90"/>
            <object_component_ref idref="oc-de"/>
            <object_component_ref idref="oc-b8"/>
            <object_component_ref idref="oc-bd"/>
            <object_component_ref idref="oc-f3"/>
         </contents>
      </logical_group>
      <logical_group id="lg-139" display="never" color="cyan">
         <name>.debug_aranges</name>
         <load_address>0x0</load_address>
         <run_address>0x0</run_address>
         <size>0x2c0</size>
         <contents>
            <object_component_ref idref="oc-9f"/>
            <object_component_ref idref="oc-2c"/>
            <object_component_ref idref="oc-cc"/>
            <object_component_ref idref="oc-fe"/>
            <object_component_ref idref="oc-f8"/>
            <object_component_ref idref="oc-c6"/>
            <object_component_ref idref="oc-c1"/>
            <object_component_ref idref="oc-d2"/>
            <object_component_ref idref="oc-25"/>
            <object_component_ref idref="oc-15"/>
            <object_component_ref idref="oc-40"/>
            <object_component_ref idref="oc-1b"/>
            <object_component_ref idref="oc-6c"/>
            <object_component_ref idref="oc-35"/>
            <object_component_ref idref="oc-4f"/>
            <object_component_ref idref="oc-5a"/>
            <object_component_ref idref="oc-e2"/>
            <object_component_ref idref="oc-67"/>
            <object_component_ref idref="oc-62"/>
            <object_component_ref idref="oc-97"/>
         </contents>
      </logical_group>
      <logical_group id="lg-13b" display="never" color="cyan">
         <name>.debug_pubnames</name>
         <load_address>0x0</load_address>
         <run_address>0x0</run_address>
         <size>0x41b</size>
         <contents>
            <object_component_ref idref="oc-a0"/>
            <object_component_ref idref="oc-11"/>
            <object_component_ref idref="oc-2d"/>
            <object_component_ref idref="oc-cd"/>
            <object_component_ref idref="oc-ff"/>
            <object_component_ref idref="oc-f9"/>
            <object_component_ref idref="oc-c7"/>
            <object_component_ref idref="oc-107"/>
            <object_component_ref idref="oc-c2"/>
            <object_component_ref idref="oc-d3"/>
            <object_component_ref idref="oc-27"/>
            <object_component_ref idref="oc-14"/>
            <object_component_ref idref="oc-44"/>
            <object_component_ref idref="oc-1d"/>
            <object_component_ref idref="oc-aa"/>
            <object_component_ref idref="oc-6d"/>
            <object_component_ref idref="oc-36"/>
            <object_component_ref idref="oc-4e"/>
            <object_component_ref idref="oc-5b"/>
            <object_component_ref idref="oc-72"/>
            <object_component_ref idref="oc-a7"/>
            <object_component_ref idref="oc-e1"/>
            <object_component_ref idref="oc-66"/>
            <object_component_ref idref="oc-63"/>
            <object_component_ref idref="oc-9a"/>
         </contents>
      </logical_group>
      <logical_group id="lg-13d" display="never" color="cyan">
         <name>.debug_pubtypes</name>
         <load_address>0x0</load_address>
         <run_address>0x0</run_address>
         <size>0x591</size>
         <contents>
            <object_component_ref idref="oc-78"/>
            <object_component_ref idref="oc-7d"/>
            <object_component_ref idref="oc-114"/>
            <object_component_ref idref="oc-10f"/>
            <object_component_ref idref="oc-3a"/>
            <object_component_ref idref="oc-83"/>
            <object_component_ref idref="oc-48"/>
            <object_component_ref idref="oc-8d"/>
            <object_component_ref idref="oc-ad"/>
            <object_component_ref idref="oc-e8"/>
            <object_component_ref idref="oc-db"/>
            <object_component_ref idref="oc-b5"/>
            <object_component_ref idref="oc-ba"/>
            <object_component_ref idref="oc-f0"/>
         </contents>
      </logical_group>
      <load_segment id="lg-14a" display="no" color="cyan">
         <name>SEGMENT_0</name>
         <load_address>0x0</load_address>
         <run_address>0x0</run_address>
         <size>0x930</size>
         <flags>0x5</flags>
         <contents>
            <logical_group_ref idref="lg-3"/>
            <logical_group_ref idref="lg-4"/>
            <logical_group_ref idref="lg-5"/>
            <logical_group_ref idref="lg-6"/>
         </contents>
      </load_segment>
      <load_segment id="lg-14b" display="no" color="cyan">
         <name>SEGMENT_1</name>
         <run_address>0x20000000</run_address>
         <size>0x214</size>
         <flags>0x6</flags>
         <contents>
            <logical_group_ref idref="lg-d"/>
            <logical_group_ref idref="lg-a"/>
         </contents>
      </load_segment>
   </logical_group_list>
   <placement_map>
      <memory_area display="yes" color="green">
         <name>FLASH</name>
         <page_id>0x0</page_id>
         <origin>0x0</origin>
         <length>0x40000</length>
         <used_space>0x930</used_space>
         <unused_space>0x3f6d0</unused_space>
         <attributes>RX</attributes>
         <usage_details>
            <allocated_space>
               <start_address>0x0</start_address>
               <size>0x26c</size>
               <logical_group_ref idref="lg-3"/>
            </allocated_space>
            <allocated_space>
               <start_address>0x26c</start_address>
               <size>0x638</size>
               <logical_group_ref idref="lg-4"/>
            </allocated_space>
            <allocated_space>
               <start_address>0x8a4</start_address>
               <size>0x6c</size>
               <logical_group_ref idref="lg-5"/>
            </allocated_space>
            <allocated_space>
               <start_address>0x910</start_address>
               <size>0x20</size>
               <logical_group_ref idref="lg-6"/>
            </allocated_space>
            <available_space>
               <start_address>0x930</start_address>
               <size>0x3f6d0</size>
            </available_space>
         </usage_details>
      </memory_area>
      <memory_area display="yes" color="green">
         <name>SRAM</name>
         <page_id>0x0</page_id>
         <origin>0x20000000</origin>
         <length>0x8000</length>
         <used_space>0x214</used_space>
         <unused_space>0x7dec</unused_space>
         <attributes>RWX</attributes>
         <usage_details>
            <allocated_space>
               <start_address>0x20000000</start_address>
               <size>0x200</size>
               <logical_group_ref idref="lg-d"/>
            </allocated_space>
            <allocated_space>
               <start_address>0x20000200</start_address>
               <size>0x14</size>
               <logical_group_ref idref="lg-120"/>
            </allocated_space>
            <available_space>
               <start_address>0x20000214</start_address>
               <size>0x7dec</size>
            </available_space>
         </usage_details>
      </memory_area>
   </placement_map>
   <cptbl_list>
      <cptbl>
         <name>__TI_cinit_table</name>
         <cprec>
            <name>.data</name>
            <load_address>0x910</load_address>
            <load_size>0xf</load_size>
            <run_address>0x20000200</run_address>
            <run_size>0x14</run_size>
            <compression>rle</compression>
         </cprec>
      </cptbl>
   </cptbl_list>
   <handler_table>
      <handler_table_name>__TI_handler_table</handler_table_name>
      <handler>
         <index>0x0</index>
         <name>__TI_decompress_rle24</name>
      </handler>
      <handler>
         <index>0x1</index>
         <name>__TI_decompress_none</name>
      </handler>
   </handler_table>
   <symbol_table>
      <symbol id="sm-1">
         <name>__STACK_TOP</name>
         <value>0x20000200</value>
      </symbol>
      <symbol id="sm-2">
         <name>__TI_CINIT_Base</name>
         <value>0x928</value>
      </symbol>
      <symbol id="sm-3">
         <name>__TI_CINIT_Limit</name>
         <value>0x930</value>
      </symbol>
      <symbol id="sm-4">
         <name>__TI_Handler_Table_Base</name>
         <value>0x920</value>
      </symbol>
      <symbol id="sm-5">
         <name>__TI_Handler_Table_Limit</name>
         <value>0x928</value>
      </symbol>
      <symbol id="sm-6">
         <name>binit</name>
         <value>0xffffffff</value>
      </symbol>
      <symbol id="sm-7">
         <name>__binit__</name>
         <value>0xffffffff</value>
      </symbol>
      <symbol id="sm-8">
         <name>__STACK_SIZE</name>
         <value>0x200</value>
      </symbol>
      <symbol id="sm-9">
         <name>__STACK_END</name>
         <value>0x20000200</value>
      </symbol>
      <symbol id="sm-a">
         <name>__c_args__</name>
         <value>0xffffffff</value>
      </symbol>
      <symbol id="sm-38">
         <name>main</name>
         <value>0x6a1</value>
         <object_component_ref idref="oc-9d"/>
      </symbol>
      <symbol id="sm-54">
         <name>ResetISR</name>
         <value>0x883</value>
         <object_component_ref idref="oc-2a"/>
      </symbol>
      <symbol id="sm-55">
         <name>g_pfnVectors</name>
         <value>0x0</value>
         <object_component_ref idref="oc-f"/>
      </symbol>
      <symbol id="sm-81">
         <name>GPIOPinTypeGPIOOutput</name>
         <value>0x82f</value>
         <object_component_ref idref="oc-c4"/>
      </symbol>
      <symbol id="sm-82">
         <name>GPIODirModeSet</name>
         <value>0x805</value>
         <object_component_ref idref="oc-fc"/>
      </symbol>
      <symbol id="sm-83">
         <name>GPIOPinWrite</name>
         <value>0x88f</value>
         <object_component_ref idref="oc-ca"/>
      </symbol>
      <symbol id="sm-84">
         <name>GPIOPadConfigSet</name>
         <value>0x26d</value>
         <object_component_ref idref="oc-f6"/>
      </symbol>
      <symbol id="sm-c1">
         <name>SysCtlDelay</name>
         <value>0x895</value>
         <object_component_ref idref="oc-d6"/>
      </symbol>
      <symbol id="sm-c2">
         <name>SysCtlPeripheralEnable</name>
         <value>0x7d1</value>
         <object_component_ref idref="oc-be"/>
      </symbol>
      <symbol id="sm-c3">
         <name>SysCtlClockGet</name>
         <value>0x3a1</value>
         <object_component_ref idref="oc-d0"/>
      </symbol>
      <symbol id="sm-d6">
         <name>_c_int00</name>
         <value>0x6f1</value>
         <object_component_ref idref="oc-24"/>
      </symbol>
      <symbol id="sm-d7">
         <name>__stack</name>
         <value>0x20000000</value>
         <object_component_ref idref="oc-29"/>
      </symbol>
      <symbol id="sm-ee">
         <name>__TI_decompress_none</name>
         <value>0x875</value>
         <object_component_ref idref="oc-12"/>
      </symbol>
      <symbol id="sm-116">
         <name>__TI_decompress_rle24</name>
         <value>0x89b</value>
         <object_component_ref idref="oc-18"/>
      </symbol>
      <symbol id="sm-136">
         <name>C$$EXIT</name>
         <value>0x78d</value>
         <object_component_ref idref="oc-6a"/>
      </symbol>
      <symbol id="sm-137">
         <name>abort</name>
         <value>0x791</value>
         <object_component_ref idref="oc-6a"/>
      </symbol>
      <symbol id="sm-138">
         <name>exit</name>
         <value>0x799</value>
         <object_component_ref idref="oc-6a"/>
      </symbol>
      <symbol id="sm-139">
         <name>__TI_dtors_ptr</name>
         <value>0x2000020c</value>
         <object_component_ref idref="oc-a8"/>
      </symbol>
      <symbol id="sm-13a">
         <name>__TI_cleanup_ptr</name>
         <value>0x20000208</value>
         <object_component_ref idref="oc-a8"/>
      </symbol>
      <symbol id="sm-155">
         <name>memcpy</name>
         <value>0x4b1</value>
         <object_component_ref idref="oc-33"/>
      </symbol>
      <symbol id="sm-156">
         <name>__aeabi_memcpy</name>
         <value>0x4b1</value>
         <object_component_ref idref="oc-33"/>
      </symbol>
      <symbol id="sm-157">
         <name>__aeabi_memcpy8</name>
         <value>0x4b1</value>
         <object_component_ref idref="oc-33"/>
      </symbol>
      <symbol id="sm-158">
         <name>__aeabi_memcpy4</name>
         <value>0x4b1</value>
         <object_component_ref idref="oc-33"/>
      </symbol>
      <symbol id="sm-167">
         <name>__aeabi_memset</name>
         <value>0x54f</value>
         <object_component_ref idref="oc-4c"/>
      </symbol>
      <symbol id="sm-168">
         <name>memset</name>
         <value>0x555</value>
         <object_component_ref idref="oc-4c"/>
      </symbol>
      <symbol id="sm-169">
         <name>__aeabi_memset8</name>
         <value>0x54f</value>
         <object_component_ref idref="oc-4c"/>
      </symbol>
      <symbol id="sm-16a">
         <name>__aeabi_memset4</name>
         <value>0x54f</value>
         <object_component_ref idref="oc-4c"/>
      </symbol>
      <symbol id="sm-16b">
         <name>__aeabi_memclr8</name>
         <value>0x54d</value>
         <object_component_ref idref="oc-4c"/>
      </symbol>
      <symbol id="sm-16c">
         <name>__aeabi_memclr4</name>
         <value>0x54d</value>
         <object_component_ref idref="oc-4c"/>
      </symbol>
      <symbol id="sm-16d">
         <name>__aeabi_memclr</name>
         <value>0x54d</value>
         <object_component_ref idref="oc-4c"/>
      </symbol>
      <symbol id="sm-177">
         <name>_system_pre_init</name>
         <value>0x8a1</value>
         <object_component_ref idref="oc-58"/>
      </symbol>
      <symbol id="sm-17f">
         <name>main_func_sp</name>
         <value>0x20000210</value>
         <object_component_ref idref="oc-70"/>
      </symbol>
      <symbol id="sm-198">
         <name>_nop</name>
         <value>0x86f</value>
         <object_component_ref idref="oc-df"/>
      </symbol>
      <symbol id="sm-199">
         <name>_lock</name>
         <value>0x20000200</value>
         <object_component_ref idref="oc-a5"/>
      </symbol>
      <symbol id="sm-19a">
         <name>_unlock</name>
         <value>0x20000204</value>
         <object_component_ref idref="oc-a5"/>
      </symbol>
      <symbol id="sm-19b">
         <name>_register_lock</name>
         <value>0x867</value>
         <object_component_ref idref="oc-df"/>
      </symbol>
      <symbol id="sm-19c">
         <name>_register_unlock</name>
         <value>0x861</value>
         <object_component_ref idref="oc-df"/>
      </symbol>
      <symbol id="sm-1b1">
         <name>_args_main</name>
         <value>0x849</value>
         <object_component_ref idref="oc-64"/>
      </symbol>
      <symbol id="sm-1d7">
         <name>__TI_auto_init</name>
         <value>0x5c9</value>
         <object_component_ref idref="oc-5e"/>
      </symbol>
      <symbol id="sm-1f1">
         <name>copy_in</name>
         <value>0x741</value>
         <object_component_ref idref="oc-95"/>
      </symbol>
      <symbol id="sm-1f2">
         <name>__TI_static_base__</name>
         <value>0x0</value>
      </symbol>
      <symbol id="sm-1f5">
         <name>SHT$$INIT_ARRAY$$Limit</name>
         <value>0x0</value>
      </symbol>
      <symbol id="sm-1f6">
         <name>SHT$$INIT_ARRAY$$Base</name>
         <value>0x0</value>
      </symbol>
   </symbol_table>
   <title>Link successful</title>
</link_info>
