******************************************************************************
                  TI ARM Linker PC v5.2.5                      
******************************************************************************
>> Linked Thu Dec 05 15:45:45 2019

OUTPUT FILE NAME:   <GPIO_TASK.out>
ENTRY POINT SYMBOL: "_c_int00"  address: 000007d9


MEMORY CONFIGURATION

         name            origin    length      used     unused   attr    fill
----------------------  --------  ---------  --------  --------  ----  --------
  FLASH                 00000000   00040000  00000a30  0003f5d0  R  X
  SRAM                  20000000   00008000  00000214  00007dec  RW X


SEGMENT ALLOCATION MAP

run origin  load origin   length   init length attrs members
----------  ----------- ---------- ----------- ----- -------
00000000    00000000    00000a30   00000a30    r-x
  00000000    00000000    0000026c   0000026c    r-- .intvecs
  0000026c    0000026c    00000738   00000738    r-x .text
  000009a4    000009a4    0000006c   0000006c    r-- .const
  00000a10    00000a10    00000020   00000020    r-- .cinit
20000000    20000000    00000214   00000000    rw-
  20000000    20000000    00000200   00000000    rw- .stack
  20000200    20000200    00000014   00000000    rw- .data


SECTION ALLOCATION MAP

 output                                  attributes/
section   page    origin      length       input sections
--------  ----  ----------  ----------   ----------------
.intvecs   0    00000000    0000026c     
                  00000000    0000026c     tm4c123gh6pge_startup_ccs.obj (.intvecs)

.text      0    0000026c    00000738     
                  0000026c    00000138     main.obj (.text)
                  000003a4    00000132     driverlib.lib : gpio.obj (.text:GPIOPadConfigSet)
                  000004d6    00000002     --HOLE-- [fill = 0]
                  000004d8    00000110                   : sysctl.obj (.text:SysCtlClockGet)
                  000005e8    0000009c     rtsv7M4_T_le_v4SPD16_eabi.lib : memcpy_t2.obj (.text)
                  00000684    0000007a                                   : memset_t2.obj (.text)
                  000006fe    00000002     --HOLE-- [fill = 0]
                  00000700    0000006c                                   : autoinit.obj (.text)
                  0000076c    0000006a                                   : copy_decompress_rle.obj (.text)
                  000007d6    00000002     --HOLE-- [fill = 0]
                  000007d8    00000050                                   : boot.obj (.text)
                  00000828    0000004c                                   : cpy_tbl.obj (.text)
                  00000874    00000044                                   : exit.obj (.text)
                  000008b8    00000034     driverlib.lib : sysctl.obj (.text:SysCtlPeripheralEnable)
                  000008ec    0000002a                   : gpio.obj (.text:GPIODirModeSet)
                  00000916    00000018                   : gpio.obj (.text:GPIOPinTypeGPIOOutput)
                  0000092e    00000002     --HOLE-- [fill = 0]
                  00000930    00000018     rtsv7M4_T_le_v4SPD16_eabi.lib : args_main.obj (.text)
                  00000948    00000014                                   : _lock.obj (.text)
                  0000095c    00000012     driverlib.lib : gpio.obj (.text:GPIOPinTypeGPIOInput)
                  0000096e    0000000e     rtsv7M4_T_le_v4SPD16_eabi.lib : copy_decompress_none.obj (.text:decompress:none)
                  0000097c    0000000c     tm4c123gh6pge_startup_ccs.obj (.text)
                  00000988    00000006     driverlib.lib : gpio.obj (.text:GPIOPinRead)
                  0000098e    00000006                   : gpio.obj (.text:GPIOPinWrite)
                  00000994    00000006                   : sysctl.obj (.text:SysCtlDelay)
                  0000099a    00000006     rtsv7M4_T_le_v4SPD16_eabi.lib : copy_decompress_rle.obj (.text:decompress:rle24)
                  000009a0    00000004                                   : pre_init.obj (.text)

.const     0    000009a4    0000006c     
                  000009a4    0000006c     driverlib.lib : sysctl.obj (.const:g_pui32Xtals)

.cinit     0    00000a10    00000020     
                  00000a10    0000000f     (.cinit..data.load) [load image, compression = rle]
                  00000a1f    00000001     --HOLE-- [fill = 0]
                  00000a20    00000008     (__TI_handler_table)
                  00000a28    00000008     (__TI_cinit_table)

.init_array 
*          0    00000000    00000000     UNINITIALIZED

.stack     0    20000000    00000200     UNINITIALIZED
                  20000000    00000200     --HOLE--

.data      0    20000200    00000014     UNINITIALIZED
                  20000200    00000008     rtsv7M4_T_le_v4SPD16_eabi.lib : _lock.obj (.data)
                  20000208    00000008                                   : exit.obj (.data)
                  20000210    00000004                                   : stkdepth_vars.obj (.data)

.TI.persistent 
*          0    20000200    00000000     UNINITIALIZED


LINKER GENERATED COPY TABLES

__TI_cinit_table @ 00000a28 records: 1, size/record: 8, table size: 8
	.data: load addr=00000a10, load size=0000000f bytes, run addr=20000200, run size=00000014 bytes, compression=rle


LINKER GENERATED HANDLER TABLE

__TI_handler_table @ 00000a20 records: 2, size/record: 4, table size: 8
	index: 0, handler: __TI_decompress_rle24
	index: 1, handler: __TI_decompress_none


GLOBAL SYMBOLS: SORTED ALPHABETICALLY BY Name 

address   name                    
-------   ----                    
00000875  C$$EXIT                 
000008ed  GPIODirModeSet          
000003a5  GPIOPadConfigSet        
00000989  GPIOPinRead             
0000095d  GPIOPinTypeGPIOInput    
00000917  GPIOPinTypeGPIOOutput   
0000098f  GPIOPinWrite            
0000097d  ResetISR                
UNDEFED   SHT$$INIT_ARRAY$$Base   
UNDEFED   SHT$$INIT_ARRAY$$Limit  
000004d9  SysCtlClockGet          
00000995  SysCtlDelay             
000008b9  SysCtlPeripheralEnable  
20000200  __STACK_END             
00000200  __STACK_SIZE            
20000200  __STACK_TOP             
00000a28  __TI_CINIT_Base         
00000a30  __TI_CINIT_Limit        
00000a20  __TI_Handler_Table_Base 
00000a28  __TI_Handler_Table_Limit
00000701  __TI_auto_init          
20000208  __TI_cleanup_ptr        
0000096f  __TI_decompress_none    
0000099b  __TI_decompress_rle24   
2000020c  __TI_dtors_ptr          
00000000  __TI_static_base__      
00000685  __aeabi_memclr          
00000685  __aeabi_memclr4         
00000685  __aeabi_memclr8         
000005e9  __aeabi_memcpy          
000005e9  __aeabi_memcpy4         
000005e9  __aeabi_memcpy8         
00000687  __aeabi_memset          
00000687  __aeabi_memset4         
00000687  __aeabi_memset8         
ffffffff  __binit__               
ffffffff  __c_args__              
20000000  __stack                 
00000931  _args_main              
000007d9  _c_int00                
20000200  _lock                   
00000957  _nop                    
0000094f  _register_lock          
00000949  _register_unlock        
000009a1  _system_pre_init        
20000204  _unlock                 
00000879  abort                   
ffffffff  binit                   
00000829  copy_in                 
00000881  exit                    
00000000  g_pfnVectors            
0000026d  main                    
20000210  main_func_sp            
000005e9  memcpy                  
0000068d  memset                  


GLOBAL SYMBOLS: SORTED BY Symbol Address 

address   name                    
-------   ----                    
00000000  __TI_static_base__      
00000000  g_pfnVectors            
00000200  __STACK_SIZE            
0000026d  main                    
000003a5  GPIOPadConfigSet        
000004d9  SysCtlClockGet          
000005e9  __aeabi_memcpy          
000005e9  __aeabi_memcpy4         
000005e9  __aeabi_memcpy8         
000005e9  memcpy                  
00000685  __aeabi_memclr          
00000685  __aeabi_memclr4         
00000685  __aeabi_memclr8         
00000687  __aeabi_memset          
00000687  __aeabi_memset4         
00000687  __aeabi_memset8         
0000068d  memset                  
00000701  __TI_auto_init          
000007d9  _c_int00                
00000829  copy_in                 
00000875  C$$EXIT                 
00000879  abort                   
00000881  exit                    
000008b9  SysCtlPeripheralEnable  
000008ed  GPIODirModeSet          
00000917  GPIOPinTypeGPIOOutput   
00000931  _args_main              
00000949  _register_unlock        
0000094f  _register_lock          
00000957  _nop                    
0000095d  GPIOPinTypeGPIOInput    
0000096f  __TI_decompress_none    
0000097d  ResetISR                
00000989  GPIOPinRead             
0000098f  GPIOPinWrite            
00000995  SysCtlDelay             
0000099b  __TI_decompress_rle24   
000009a1  _system_pre_init        
00000a20  __TI_Handler_Table_Base 
00000a28  __TI_CINIT_Base         
00000a28  __TI_Handler_Table_Limit
00000a30  __TI_CINIT_Limit        
20000000  __stack                 
20000200  __STACK_END             
20000200  __STACK_TOP             
20000200  _lock                   
20000204  _unlock                 
20000208  __TI_cleanup_ptr        
2000020c  __TI_dtors_ptr          
20000210  main_func_sp            
ffffffff  __binit__               
ffffffff  __c_args__              
ffffffff  binit                   
UNDEFED   SHT$$INIT_ARRAY$$Base   
UNDEFED   SHT$$INIT_ARRAY$$Limit  

[55 symbols]
