******************************************************************************
                  TI ARM Linker PC v5.2.5                      
******************************************************************************
>> Linked Thu Jan 09 14:53:39 2020

OUTPUT FILE NAME:   <PWM_TASK_2.out>
ENTRY POINT SYMBOL: "_c_int00"  address: 00000f89


MEMORY CONFIGURATION

         name            origin    length      used     unused   attr    fill
----------------------  --------  ---------  --------  --------  ----  --------
  FLASH                 00000000   00040000  000011fc  0003ee04  R  X
  SRAM                  20000000   00008000  00000214  00007dec  RW X


SEGMENT ALLOCATION MAP

run origin  load origin   length   init length attrs members
----------  ----------- ---------- ----------- ----- -------
00000000    00000000    00001200   00001200    r-x
  00000000    00000000    0000026c   0000026c    r-- .intvecs
  0000026c    0000026c    00000f70   00000f70    r-x .text
  000011e0    000011e0    00000020   00000020    r-- .cinit
20000000    20000000    00000214   00000000    rw-
  20000000    20000000    00000200   00000000    rw- .stack
  20000200    20000200    00000014   00000000    rw- .data


SECTION ALLOCATION MAP

 output                                  attributes/
section   page    origin      length       input sections
--------  ----  ----------  ----------   ----------------
.intvecs   0    00000000    0000026c     
                  00000000    0000026c     tm4c123gh6pge_startup_ccs.obj (.intvecs)

.text      0    0000026c    00000f70     
                  0000026c    000007c8     main.obj (.text)
                  00000a34    00000136     rtsv7M4_T_le_v4SPD16_eabi.lib : fd_div_t2.obj (.text)
                  00000b6a    00000132     driverlib.lib : gpio.obj (.text:GPIOPadConfigSet)
                  00000c9c    000000fc     rtsv7M4_T_le_v4SPD16_eabi.lib : fd_mul_t2.obj (.text)
                  00000d98    0000009c                                   : memcpy_t2.obj (.text)
                  00000e34    0000007a                                   : memset_t2.obj (.text)
                  00000eae    00000002     --HOLE-- [fill = 0]
                  00000eb0    0000006c                                   : autoinit.obj (.text)
                  00000f1c    0000006a                                   : copy_decompress_rle.obj (.text)
                  00000f86    00000002     --HOLE-- [fill = 0]
                  00000f88    00000050                                   : boot.obj (.text)
                  00000fd8    0000004c                                   : cpy_tbl.obj (.text)
                  00001024    00000048                                   : fd_tos_t2.obj (.text)
                  0000106c    00000044                                   : exit.obj (.text)
                  000010b0    00000044                                   : fd_tou_t2.obj (.text)
                  000010f4    00000034     driverlib.lib : sysctl.obj (.text:SysCtlPeripheralEnable)
                  00001128    0000002a                   : gpio.obj (.text:GPIODirModeSet)
                  00001152    00000020     rtsv7M4_T_le_v4SPD16_eabi.lib : u_tofd_t2.obj (.text)
                  00001172    00000002     --HOLE-- [fill = 0]
                  00001174    00000018                                   : args_main.obj (.text)
                  0000118c    00000014                                   : _lock.obj (.text)
                  000011a0    00000012     driverlib.lib : gpio.obj (.text:GPIOPinTypeGPIOInput)
                  000011b2    0000000e     rtsv7M4_T_le_v4SPD16_eabi.lib : copy_decompress_none.obj (.text:decompress:none)
                  000011c0    0000000c     tm4c123gh6pge_startup_ccs.obj (.text)
                  000011cc    00000006     driverlib.lib : gpio.obj (.text:GPIOPinRead)
                  000011d2    00000006     rtsv7M4_T_le_v4SPD16_eabi.lib : copy_decompress_rle.obj (.text:decompress:rle24)
                  000011d8    00000004                                   : pre_init.obj (.text)

.cinit     0    000011e0    00000020     
                  000011e0    0000000f     (.cinit..data.load) [load image, compression = rle]
                  000011ef    00000001     --HOLE-- [fill = 0]
                  000011f0    00000008     (__TI_handler_table)
                  000011f8    00000008     (__TI_cinit_table)

.init_array 
*          0    00000000    00000000     UNINITIALIZED

.stack     0    20000000    00000200     UNINITIALIZED
                  20000000    00000200     --HOLE--

.data      0    20000200    00000014     UNINITIALIZED
                  20000200    00000008     rtsv7M4_T_le_v4SPD16_eabi.lib : _lock.obj (.data)
                  20000208    00000008                                   : exit.obj (.data)
                  20000210    00000004                                   : stkdepth_vars.obj (.data)

.TI.persistent 
*          0    20000200    00000000     UNINITIALIZED


LINKER GENERATED COPY TABLES

__TI_cinit_table @ 000011f8 records: 1, size/record: 8, table size: 8
	.data: load addr=000011e0, load size=0000000f bytes, run addr=20000200, run size=00000014 bytes, compression=rle


LINKER GENERATED HANDLER TABLE

__TI_handler_table @ 000011f0 records: 2, size/record: 4, table size: 8
	index: 0, handler: __TI_decompress_rle24
	index: 1, handler: __TI_decompress_none


GLOBAL SYMBOLS: SORTED ALPHABETICALLY BY Name 

address   name                    
-------   ----                    
0000106d  C$$EXIT                 
00001129  GPIODirModeSet          
00000b6b  GPIOPadConfigSet        
000011cd  GPIOPinRead             
000011a1  GPIOPinTypeGPIOInput    
0000043d  Melody                  
000011c1  ResetISR                
UNDEFED   SHT$$INIT_ARRAY$$Base   
UNDEFED   SHT$$INIT_ARRAY$$Limit  
000010f5  SysCtlPeripheralEnable  
20000200  __STACK_END             
00000200  __STACK_SIZE            
20000200  __STACK_TOP             
000011f8  __TI_CINIT_Base         
00001200  __TI_CINIT_Limit        
000011f0  __TI_Handler_Table_Base 
000011f8  __TI_Handler_Table_Limit
00000eb1  __TI_auto_init          
20000208  __TI_cleanup_ptr        
000011b3  __TI_decompress_none    
000011d3  __TI_decompress_rle24   
2000020c  __TI_dtors_ptr          
00000000  __TI_static_base__      
00001025  __aeabi_d2f             
000010b1  __aeabi_d2uiz           
00000a35  __aeabi_ddiv            
00000c9d  __aeabi_dmul            
00000e35  __aeabi_memclr          
00000e35  __aeabi_memclr4         
00000e35  __aeabi_memclr8         
00000d99  __aeabi_memcpy          
00000d99  __aeabi_memcpy4         
00000d99  __aeabi_memcpy8         
00000e37  __aeabi_memset          
00000e37  __aeabi_memset4         
00000e37  __aeabi_memset8         
00001153  __aeabi_ui2d            
ffffffff  __binit__               
ffffffff  __c_args__              
20000000  __stack                 
00001175  _args_main              
00000f89  _c_int00                
20000200  _lock                   
0000119b  _nop                    
00001193  _register_lock          
0000118d  _register_unlock        
000011d9  _system_pre_init        
20000204  _unlock                 
00001071  abort                   
ffffffff  binit                   
00000fd9  copy_in                 
00001079  exit                    
00000000  g_pfnVectors            
0000093f  main                    
20000210  main_func_sp            
00000d99  memcpy                  
00000e3d  memset                  
0000038d  noteA                   
000003f5  noteA2                  
0000039d  noteB                   
00000405  noteB2                  
0000033f  noteC                   
000003ab  noteC2                  
00000415  noteC3                  
0000034f  noteD                   
000003b9  noteD2                  
0000035d  noteE                   
000003c9  noteE2                  
0000036d  noteF                   
000003d7  noteF2                  
0000037d  noteG                   
000003e7  noteG2                  
0000026d  playSound               


GLOBAL SYMBOLS: SORTED BY Symbol Address 

address   name                    
-------   ----                    
00000000  __TI_static_base__      
00000000  g_pfnVectors            
00000200  __STACK_SIZE            
0000026d  playSound               
0000033f  noteC                   
0000034f  noteD                   
0000035d  noteE                   
0000036d  noteF                   
0000037d  noteG                   
0000038d  noteA                   
0000039d  noteB                   
000003ab  noteC2                  
000003b9  noteD2                  
000003c9  noteE2                  
000003d7  noteF2                  
000003e7  noteG2                  
000003f5  noteA2                  
00000405  noteB2                  
00000415  noteC3                  
0000043d  Melody                  
0000093f  main                    
00000a35  __aeabi_ddiv            
00000b6b  GPIOPadConfigSet        
00000c9d  __aeabi_dmul            
00000d99  __aeabi_memcpy          
00000d99  __aeabi_memcpy4         
00000d99  __aeabi_memcpy8         
00000d99  memcpy                  
00000e35  __aeabi_memclr          
00000e35  __aeabi_memclr4         
00000e35  __aeabi_memclr8         
00000e37  __aeabi_memset          
00000e37  __aeabi_memset4         
00000e37  __aeabi_memset8         
00000e3d  memset                  
00000eb1  __TI_auto_init          
00000f89  _c_int00                
00000fd9  copy_in                 
00001025  __aeabi_d2f             
0000106d  C$$EXIT                 
00001071  abort                   
00001079  exit                    
000010b1  __aeabi_d2uiz           
000010f5  SysCtlPeripheralEnable  
00001129  GPIODirModeSet          
00001153  __aeabi_ui2d            
00001175  _args_main              
0000118d  _register_unlock        
00001193  _register_lock          
0000119b  _nop                    
000011a1  GPIOPinTypeGPIOInput    
000011b3  __TI_decompress_none    
000011c1  ResetISR                
000011cd  GPIOPinRead             
000011d3  __TI_decompress_rle24   
000011d9  _system_pre_init        
000011f0  __TI_Handler_Table_Base 
000011f8  __TI_CINIT_Base         
000011f8  __TI_Handler_Table_Limit
00001200  __TI_CINIT_Limit        
20000000  __stack                 
20000200  __STACK_END             
20000200  __STACK_TOP             
20000200  _lock                   
20000204  _unlock                 
20000208  __TI_cleanup_ptr        
2000020c  __TI_dtors_ptr          
20000210  main_func_sp            
ffffffff  __binit__               
ffffffff  __c_args__              
ffffffff  binit                   
UNDEFED   SHT$$INIT_ARRAY$$Base   
UNDEFED   SHT$$INIT_ARRAY$$Limit  

[73 symbols]
