******************************************************************************
                  TI ARM Linker PC v5.2.5                      
******************************************************************************
>> Linked Thu Dec 05 14:26:44 2019

OUTPUT FILE NAME:   <EminFirstProject.out>
ENTRY POINT SYMBOL: "_c_int00"  address: 000006f1


MEMORY CONFIGURATION

         name            origin    length      used     unused   attr    fill
----------------------  --------  ---------  --------  --------  ----  --------
  FLASH                 00000000   00040000  00000930  0003f6d0  R  X
  SRAM                  20000000   00008000  00000214  00007dec  RW X


SEGMENT ALLOCATION MAP

run origin  load origin   length   init length attrs members
----------  ----------- ---------- ----------- ----- -------
00000000    00000000    00000930   00000930    r-x
  00000000    00000000    0000026c   0000026c    r-- .intvecs
  0000026c    0000026c    00000638   00000638    r-x .text
  000008a4    000008a4    0000006c   0000006c    r-- .const
  00000910    00000910    00000020   00000020    r-- .cinit
20000000    20000000    00000214   00000000    rw-
  20000000    20000000    00000200   00000000    rw- .stack
  20000200    20000200    00000014   00000000    rw- .data


SECTION ALLOCATION MAP

 output                                  attributes/
section   page    origin      length       input sections
--------  ----  ----------  ----------   ----------------
.intvecs   0    00000000    0000026c     
                  00000000    0000026c     tm4c123gh6pge_startup_ccs.obj (.intvecs)

.text      0    0000026c    00000638     
                  0000026c    00000132     driverlib.lib : gpio.obj (.text:GPIOPadConfigSet)
                  0000039e    00000002     --HOLE-- [fill = 0]
                  000003a0    00000110                   : sysctl.obj (.text:SysCtlClockGet)
                  000004b0    0000009c     rtsv7M4_T_le_v4SPD16_eabi.lib : memcpy_t2.obj (.text)
                  0000054c    0000007a                                   : memset_t2.obj (.text)
                  000005c6    00000002     --HOLE-- [fill = 0]
                  000005c8    0000006c                                   : autoinit.obj (.text)
                  00000634    0000006a                                   : copy_decompress_rle.obj (.text)
                  0000069e    00000002     --HOLE-- [fill = 0]
                  000006a0    00000050     main.obj (.text)
                  000006f0    00000050     rtsv7M4_T_le_v4SPD16_eabi.lib : boot.obj (.text)
                  00000740    0000004c                                   : cpy_tbl.obj (.text)
                  0000078c    00000044                                   : exit.obj (.text)
                  000007d0    00000034     driverlib.lib : sysctl.obj (.text:SysCtlPeripheralEnable)
                  00000804    0000002a                   : gpio.obj (.text:GPIODirModeSet)
                  0000082e    00000018                   : gpio.obj (.text:GPIOPinTypeGPIOOutput)
                  00000846    00000002     --HOLE-- [fill = 0]
                  00000848    00000018     rtsv7M4_T_le_v4SPD16_eabi.lib : args_main.obj (.text)
                  00000860    00000014                                   : _lock.obj (.text)
                  00000874    0000000e                                   : copy_decompress_none.obj (.text:decompress:none)
                  00000882    0000000c     tm4c123gh6pge_startup_ccs.obj (.text)
                  0000088e    00000006     driverlib.lib : gpio.obj (.text:GPIOPinWrite)
                  00000894    00000006                   : sysctl.obj (.text:SysCtlDelay)
                  0000089a    00000006     rtsv7M4_T_le_v4SPD16_eabi.lib : copy_decompress_rle.obj (.text:decompress:rle24)
                  000008a0    00000004                                   : pre_init.obj (.text)

.const     0    000008a4    0000006c     
                  000008a4    0000006c     driverlib.lib : sysctl.obj (.const:g_pui32Xtals)

.cinit     0    00000910    00000020     
                  00000910    0000000f     (.cinit..data.load) [load image, compression = rle]
                  0000091f    00000001     --HOLE-- [fill = 0]
                  00000920    00000008     (__TI_handler_table)
                  00000928    00000008     (__TI_cinit_table)

.init_array 
*          0    00000000    00000000     UNINITIALIZED

.stack     0    20000000    00000200     UNINITIALIZED
                  20000000    00000200     --HOLE--

.data      0    20000200    00000014     UNINITIALIZED
                  20000200    00000008     rtsv7M4_T_le_v4SPD16_eabi.lib : _lock.obj (.data)
                  20000208    00000008                                   : exit.obj (.data)
                  20000210    00000004                                   : stkdepth_vars.obj (.data)

.TI.persistent 
*          0    20000200    00000000     UNINITIALIZED


LINKER GENERATED COPY TABLES

__TI_cinit_table @ 00000928 records: 1, size/record: 8, table size: 8
	.data: load addr=00000910, load size=0000000f bytes, run addr=20000200, run size=00000014 bytes, compression=rle


LINKER GENERATED HANDLER TABLE

__TI_handler_table @ 00000920 records: 2, size/record: 4, table size: 8
	index: 0, handler: __TI_decompress_rle24
	index: 1, handler: __TI_decompress_none


GLOBAL SYMBOLS: SORTED ALPHABETICALLY BY Name 

address   name                    
-------   ----                    
0000078d  C$$EXIT                 
00000805  GPIODirModeSet          
0000026d  GPIOPadConfigSet        
0000082f  GPIOPinTypeGPIOOutput   
0000088f  GPIOPinWrite            
00000883  ResetISR                
UNDEFED   SHT$$INIT_ARRAY$$Base   
UNDEFED   SHT$$INIT_ARRAY$$Limit  
000003a1  SysCtlClockGet          
00000895  SysCtlDelay             
000007d1  SysCtlPeripheralEnable  
20000200  __STACK_END             
00000200  __STACK_SIZE            
20000200  __STACK_TOP             
00000928  __TI_CINIT_Base         
00000930  __TI_CINIT_Limit        
00000920  __TI_Handler_Table_Base 
00000928  __TI_Handler_Table_Limit
000005c9  __TI_auto_init          
20000208  __TI_cleanup_ptr        
00000875  __TI_decompress_none    
0000089b  __TI_decompress_rle24   
2000020c  __TI_dtors_ptr          
00000000  __TI_static_base__      
0000054d  __aeabi_memclr          
0000054d  __aeabi_memclr4         
0000054d  __aeabi_memclr8         
000004b1  __aeabi_memcpy          
000004b1  __aeabi_memcpy4         
000004b1  __aeabi_memcpy8         
0000054f  __aeabi_memset          
0000054f  __aeabi_memset4         
0000054f  __aeabi_memset8         
ffffffff  __binit__               
ffffffff  __c_args__              
20000000  __stack                 
00000849  _args_main              
000006f1  _c_int00                
20000200  _lock                   
0000086f  _nop                    
00000867  _register_lock          
00000861  _register_unlock        
000008a1  _system_pre_init        
20000204  _unlock                 
00000791  abort                   
ffffffff  binit                   
00000741  copy_in                 
00000799  exit                    
00000000  g_pfnVectors            
000006a1  main                    
20000210  main_func_sp            
000004b1  memcpy                  
00000555  memset                  


GLOBAL SYMBOLS: SORTED BY Symbol Address 

address   name                    
-------   ----                    
00000000  __TI_static_base__      
00000000  g_pfnVectors            
00000200  __STACK_SIZE            
0000026d  GPIOPadConfigSet        
000003a1  SysCtlClockGet          
000004b1  __aeabi_memcpy          
000004b1  __aeabi_memcpy4         
000004b1  __aeabi_memcpy8         
000004b1  memcpy                  
0000054d  __aeabi_memclr          
0000054d  __aeabi_memclr4         
0000054d  __aeabi_memclr8         
0000054f  __aeabi_memset          
0000054f  __aeabi_memset4         
0000054f  __aeabi_memset8         
00000555  memset                  
000005c9  __TI_auto_init          
000006a1  main                    
000006f1  _c_int00                
00000741  copy_in                 
0000078d  C$$EXIT                 
00000791  abort                   
00000799  exit                    
000007d1  SysCtlPeripheralEnable  
00000805  GPIODirModeSet          
0000082f  GPIOPinTypeGPIOOutput   
00000849  _args_main              
00000861  _register_unlock        
00000867  _register_lock          
0000086f  _nop                    
00000875  __TI_decompress_none    
00000883  ResetISR                
0000088f  GPIOPinWrite            
00000895  SysCtlDelay             
0000089b  __TI_decompress_rle24   
000008a1  _system_pre_init        
00000920  __TI_Handler_Table_Base 
00000928  __TI_CINIT_Base         
00000928  __TI_Handler_Table_Limit
00000930  __TI_CINIT_Limit        
20000000  __stack                 
20000200  __STACK_END             
20000200  __STACK_TOP             
20000200  _lock                   
20000204  _unlock                 
20000208  __TI_cleanup_ptr        
2000020c  __TI_dtors_ptr          
20000210  main_func_sp            
ffffffff  __binit__               
ffffffff  __c_args__              
ffffffff  binit                   
UNDEFED   SHT$$INIT_ARRAY$$Base   
UNDEFED   SHT$$INIT_ARRAY$$Limit  

[53 symbols]
